Archive member included to satisfy reference by file (symbol)

c:/st/stm32cubeide_1.6.1/stm32cubeide/plugins/com.st.stm32cube.ide.mcu.externaltools.gnu-tools-for-stm32.9-2020-q2-update.win32_1.5.0.202011040924/tools/bin/../lib/gcc/arm-none-eabi/9.3.1/../../../../arm-none-eabi/lib/thumb/v7e-m+fp/hard\libc_nano.a(lib_a-errno.o)
                              Core/Src/syscalls.o (__errno)
c:/st/stm32cubeide_1.6.1/stm32cubeide/plugins/com.st.stm32cube.ide.mcu.externaltools.gnu-tools-for-stm32.9-2020-q2-update.win32_1.5.0.202011040924/tools/bin/../lib/gcc/arm-none-eabi/9.3.1/../../../../arm-none-eabi/lib/thumb/v7e-m+fp/hard\libc_nano.a(lib_a-exit.o)
                              c:/st/stm32cubeide_1.6.1/stm32cubeide/plugins/com.st.stm32cube.ide.mcu.externaltools.gnu-tools-for-stm32.9-2020-q2-update.win32_1.5.0.202011040924/tools/bin/../lib/gcc/arm-none-eabi/9.3.1/../../../../arm-none-eabi/lib/thumb/v7e-m+fp/hard/crt0.o (exit)
c:/st/stm32cubeide_1.6.1/stm32cubeide/plugins/com.st.stm32cube.ide.mcu.externaltools.gnu-tools-for-stm32.9-2020-q2-update.win32_1.5.0.202011040924/tools/bin/../lib/gcc/arm-none-eabi/9.3.1/../../../../arm-none-eabi/lib/thumb/v7e-m+fp/hard\libc_nano.a(lib_a-impure.o)
                              c:/st/stm32cubeide_1.6.1/stm32cubeide/plugins/com.st.stm32cube.ide.mcu.externaltools.gnu-tools-for-stm32.9-2020-q2-update.win32_1.5.0.202011040924/tools/bin/../lib/gcc/arm-none-eabi/9.3.1/../../../../arm-none-eabi/lib/thumb/v7e-m+fp/hard\libc_nano.a(lib_a-exit.o) (_global_impure_ptr)
c:/st/stm32cubeide_1.6.1/stm32cubeide/plugins/com.st.stm32cube.ide.mcu.externaltools.gnu-tools-for-stm32.9-2020-q2-update.win32_1.5.0.202011040924/tools/bin/../lib/gcc/arm-none-eabi/9.3.1/../../../../arm-none-eabi/lib/thumb/v7e-m+fp/hard\libc_nano.a(lib_a-init.o)
                              c:/st/stm32cubeide_1.6.1/stm32cubeide/plugins/com.st.stm32cube.ide.mcu.externaltools.gnu-tools-for-stm32.9-2020-q2-update.win32_1.5.0.202011040924/tools/bin/../lib/gcc/arm-none-eabi/9.3.1/../../../../arm-none-eabi/lib/thumb/v7e-m+fp/hard/crt0.o (__libc_init_array)
c:/st/stm32cubeide_1.6.1/stm32cubeide/plugins/com.st.stm32cube.ide.mcu.externaltools.gnu-tools-for-stm32.9-2020-q2-update.win32_1.5.0.202011040924/tools/bin/../lib/gcc/arm-none-eabi/9.3.1/../../../../arm-none-eabi/lib/thumb/v7e-m+fp/hard\libc_nano.a(lib_a-memset.o)
                              c:/st/stm32cubeide_1.6.1/stm32cubeide/plugins/com.st.stm32cube.ide.mcu.externaltools.gnu-tools-for-stm32.9-2020-q2-update.win32_1.5.0.202011040924/tools/bin/../lib/gcc/arm-none-eabi/9.3.1/../../../../arm-none-eabi/lib/thumb/v7e-m+fp/hard/crt0.o (memset)
c:/st/stm32cubeide_1.6.1/stm32cubeide/plugins/com.st.stm32cube.ide.mcu.externaltools.gnu-tools-for-stm32.9-2020-q2-update.win32_1.5.0.202011040924/tools/bin/../lib/gcc/arm-none-eabi/9.3.1/../../../../arm-none-eabi/lib/thumb/v7e-m+fp/hard\libc_nano.a(lib_a-strlen.o)
                              Core/Src/uart_task.o (strlen)
c:/st/stm32cubeide_1.6.1/stm32cubeide/plugins/com.st.stm32cube.ide.mcu.externaltools.gnu-tools-for-stm32.9-2020-q2-update.win32_1.5.0.202011040924/tools/bin/../lib/gcc/arm-none-eabi/9.3.1/thumb/v7e-m+fp/hard\libgcc.a(_aeabi_uldivmod.o)
                              Drivers/STM32F4xx_HAL_Driver/Src/stm32f4xx_hal_rcc.o (__aeabi_uldivmod)
c:/st/stm32cubeide_1.6.1/stm32cubeide/plugins/com.st.stm32cube.ide.mcu.externaltools.gnu-tools-for-stm32.9-2020-q2-update.win32_1.5.0.202011040924/tools/bin/../lib/gcc/arm-none-eabi/9.3.1/thumb/v7e-m+fp/hard\libgcc.a(_udivmoddi4.o)
                              c:/st/stm32cubeide_1.6.1/stm32cubeide/plugins/com.st.stm32cube.ide.mcu.externaltools.gnu-tools-for-stm32.9-2020-q2-update.win32_1.5.0.202011040924/tools/bin/../lib/gcc/arm-none-eabi/9.3.1/thumb/v7e-m+fp/hard\libgcc.a(_aeabi_uldivmod.o) (__udivmoddi4)
c:/st/stm32cubeide_1.6.1/stm32cubeide/plugins/com.st.stm32cube.ide.mcu.externaltools.gnu-tools-for-stm32.9-2020-q2-update.win32_1.5.0.202011040924/tools/bin/../lib/gcc/arm-none-eabi/9.3.1/thumb/v7e-m+fp/hard\libgcc.a(_dvmd_tls.o)
                              c:/st/stm32cubeide_1.6.1/stm32cubeide/plugins/com.st.stm32cube.ide.mcu.externaltools.gnu-tools-for-stm32.9-2020-q2-update.win32_1.5.0.202011040924/tools/bin/../lib/gcc/arm-none-eabi/9.3.1/thumb/v7e-m+fp/hard\libgcc.a(_aeabi_uldivmod.o) (__aeabi_ldiv0)

Allocating common symbols
Common symbol       size              file

hUsbDeviceFS        0x2d0             USB_DEVICE/App/usb_device.o
hpcd_USB_OTG_FS     0x408             USB_DEVICE/Target/usbd_conf.o
uwTick              0x4               Drivers/STM32F4xx_HAL_Driver/Src/stm32f4xx_hal.o
pFlash              0x20              Drivers/STM32F4xx_HAL_Driver/Src/stm32f4xx_hal_flash.o
huart1              0x44              Core/Src/main.o
USB_RX_Buffer       0x40              Core/Src/main.o
USB_TX_Buffer       0x40              Core/Src/main.o
USBD_StrDesc        0x200             USB_DEVICE/App/usbd_desc.o

Discarded input sections

[...]
Memory Configuration

Name             Origin             Length             Attributes
CCMRAM           0x0000000010000000 0x0000000000010000 xrw
RAM              0x0000000020000000 0x0000000000020000 xrw
FLASH            0x0000000008000000 0x0000000000100000 xr
*default*        0x0000000000000000 0xffffffffffffffff

Linker script and memory map

LOAD c:/st/stm32cubeide_1.6.1/stm32cubeide/plugins/com.st.stm32cube.ide.mcu.externaltools.gnu-tools-for-stm32.9-2020-q2-update.win32_1.5.0.202011040924/tools/bin/../lib/gcc/arm-none-eabi/9.3.1/thumb/v7e-m+fp/hard/crti.o
LOAD c:/st/stm32cubeide_1.6.1/stm32cubeide/plugins/com.st.stm32cube.ide.mcu.externaltools.gnu-tools-for-stm32.9-2020-q2-update.win32_1.5.0.202011040924/tools/bin/../lib/gcc/arm-none-eabi/9.3.1/thumb/v7e-m+fp/hard/crtbegin.o
LOAD c:/st/stm32cubeide_1.6.1/stm32cubeide/plugins/com.st.stm32cube.ide.mcu.externaltools.gnu-tools-for-stm32.9-2020-q2-update.win32_1.5.0.202011040924/tools/bin/../lib/gcc/arm-none-eabi/9.3.1/../../../../arm-none-eabi/lib/thumb/v7e-m+fp/hard/crt0.o
LOAD Core/Src/main.o
LOAD Core/Src/stm32f4xx_hal_msp.o
LOAD Core/Src/stm32f4xx_it.o
LOAD Core/Src/syscalls.o
LOAD Core/Src/sysmem.o
LOAD Core/Src/system_stm32f4xx.o
LOAD Core/Src/uart_task.o
LOAD Core/Startup/startup_stm32f407igtx.o
LOAD Drivers/STM32F4xx_HAL_Driver/Src/stm32f4xx_hal.o
LOAD Drivers/STM32F4xx_HAL_Driver/Src/stm32f4xx_hal_cortex.o
LOAD Drivers/STM32F4xx_HAL_Driver/Src/stm32f4xx_hal_dma.o
LOAD Drivers/STM32F4xx_HAL_Driver/Src/stm32f4xx_hal_dma_ex.o
LOAD Drivers/STM32F4xx_HAL_Driver/Src/stm32f4xx_hal_exti.o
LOAD Drivers/STM32F4xx_HAL_Driver/Src/stm32f4xx_hal_flash.o
LOAD Drivers/STM32F4xx_HAL_Driver/Src/stm32f4xx_hal_flash_ex.o
LOAD Drivers/STM32F4xx_HAL_Driver/Src/stm32f4xx_hal_flash_ramfunc.o
LOAD Drivers/STM32F4xx_HAL_Driver/Src/stm32f4xx_hal_gpio.o
LOAD Drivers/STM32F4xx_HAL_Driver/Src/stm32f4xx_hal_pcd.o
LOAD Drivers/STM32F4xx_HAL_Driver/Src/stm32f4xx_hal_pcd_ex.o
LOAD Drivers/STM32F4xx_HAL_Driver/Src/stm32f4xx_hal_pwr.o
LOAD Drivers/STM32F4xx_HAL_Driver/Src/stm32f4xx_hal_pwr_ex.o
LOAD Drivers/STM32F4xx_HAL_Driver/Src/stm32f4xx_hal_rcc.o
LOAD Drivers/STM32F4xx_HAL_Driver/Src/stm32f4xx_hal_rcc_ex.o
LOAD Drivers/STM32F4xx_HAL_Driver/Src/stm32f4xx_hal_tim.o
LOAD Drivers/STM32F4xx_HAL_Driver/Src/stm32f4xx_hal_tim_ex.o
LOAD Drivers/STM32F4xx_HAL_Driver/Src/stm32f4xx_hal_uart.o
LOAD Drivers/STM32F4xx_HAL_Driver/Src/stm32f4xx_ll_usb.o
LOAD Middlewares/ST/STM32_USB_Device_Library/Class/CustomHID/Src/usbd_customhid.o
LOAD Middlewares/ST/STM32_USB_Device_Library/Core/Src/usbd_core.o
LOAD Middlewares/ST/STM32_USB_Device_Library/Core/Src/usbd_ctlreq.o
LOAD Middlewares/ST/STM32_USB_Device_Library/Core/Src/usbd_ioreq.o
LOAD USB_DEVICE/App/usb_device.o
LOAD USB_DEVICE/App/usbd_custom_hid_if.o
LOAD USB_DEVICE/App/usbd_desc.o
LOAD USB_DEVICE/Target/usbd_conf.o
START GROUP
LOAD c:/st/stm32cubeide_1.6.1/stm32cubeide/plugins/com.st.stm32cube.ide.mcu.externaltools.gnu-tools-for-stm32.9-2020-q2-update.win32_1.5.0.202011040924/tools/bin/../lib/gcc/arm-none-eabi/9.3.1/../../../../arm-none-eabi/lib/thumb/v7e-m+fp/hard\libc_nano.a
LOAD c:/st/stm32cubeide_1.6.1/stm32cubeide/plugins/com.st.stm32cube.ide.mcu.externaltools.gnu-tools-for-stm32.9-2020-q2-update.win32_1.5.0.202011040924/tools/bin/../lib/gcc/arm-none-eabi/9.3.1/../../../../arm-none-eabi/lib/thumb/v7e-m+fp/hard\libm.a
END GROUP
START GROUP
LOAD c:/st/stm32cubeide_1.6.1/stm32cubeide/plugins/com.st.stm32cube.ide.mcu.externaltools.gnu-tools-for-stm32.9-2020-q2-update.win32_1.5.0.202011040924/tools/bin/../lib/gcc/arm-none-eabi/9.3.1/thumb/v7e-m+fp/hard\libgcc.a
LOAD c:/st/stm32cubeide_1.6.1/stm32cubeide/plugins/com.st.stm32cube.ide.mcu.externaltools.gnu-tools-for-stm32.9-2020-q2-update.win32_1.5.0.202011040924/tools/bin/../lib/gcc/arm-none-eabi/9.3.1/../../../../arm-none-eabi/lib/thumb/v7e-m+fp/hard\libc_nano.a
END GROUP
START GROUP
LOAD c:/st/stm32cubeide_1.6.1/stm32cubeide/plugins/com.st.stm32cube.ide.mcu.externaltools.gnu-tools-for-stm32.9-2020-q2-update.win32_1.5.0.202011040924/tools/bin/../lib/gcc/arm-none-eabi/9.3.1/thumb/v7e-m+fp/hard\libgcc.a
LOAD c:/st/stm32cubeide_1.6.1/stm32cubeide/plugins/com.st.stm32cube.ide.mcu.externaltools.gnu-tools-for-stm32.9-2020-q2-update.win32_1.5.0.202011040924/tools/bin/../lib/gcc/arm-none-eabi/9.3.1/../../../../arm-none-eabi/lib/thumb/v7e-m+fp/hard\libc_nano.a
LOAD c:/st/stm32cubeide_1.6.1/stm32cubeide/plugins/com.st.stm32cube.ide.mcu.externaltools.gnu-tools-for-stm32.9-2020-q2-update.win32_1.5.0.202011040924/tools/bin/../lib/gcc/arm-none-eabi/9.3.1/../../../../arm-none-eabi/lib/thumb/v7e-m+fp/hard\libnosys.a
END GROUP
START GROUP
LOAD c:/st/stm32cubeide_1.6.1/stm32cubeide/plugins/com.st.stm32cube.ide.mcu.externaltools.gnu-tools-for-stm32.9-2020-q2-update.win32_1.5.0.202011040924/tools/bin/../lib/gcc/arm-none-eabi/9.3.1/thumb/v7e-m+fp/hard\libgcc.a
LOAD c:/st/stm32cubeide_1.6.1/stm32cubeide/plugins/com.st.stm32cube.ide.mcu.externaltools.gnu-tools-for-stm32.9-2020-q2-update.win32_1.5.0.202011040924/tools/bin/../lib/gcc/arm-none-eabi/9.3.1/../../../../arm-none-eabi/lib/thumb/v7e-m+fp/hard\libc_nano.a
LOAD c:/st/stm32cubeide_1.6.1/stm32cubeide/plugins/com.st.stm32cube.ide.mcu.externaltools.gnu-tools-for-stm32.9-2020-q2-update.win32_1.5.0.202011040924/tools/bin/../lib/gcc/arm-none-eabi/9.3.1/../../../../arm-none-eabi/lib/thumb/v7e-m+fp/hard\libnosys.a
END GROUP
LOAD c:/st/stm32cubeide_1.6.1/stm32cubeide/plugins/com.st.stm32cube.ide.mcu.externaltools.gnu-tools-for-stm32.9-2020-q2-update.win32_1.5.0.202011040924/tools/bin/../lib/gcc/arm-none-eabi/9.3.1/thumb/v7e-m+fp/hard/crtend.o
LOAD c:/st/stm32cubeide_1.6.1/stm32cubeide/plugins/com.st.stm32cube.ide.mcu.externaltools.gnu-tools-for-stm32.9-2020-q2-update.win32_1.5.0.202011040924/tools/bin/../lib/gcc/arm-none-eabi/9.3.1/thumb/v7e-m+fp/hard/crtn.o
                0x0000000020020000                _estack = (ORIGIN (RAM) + LENGTH (RAM))
                0x0000000000000200                _Min_Heap_Size = 0x200
                0x0000000000000400                _Min_Stack_Size = 0x400

.isr_vector     0x0000000008000000      0x188
                0x0000000008000000                . = ALIGN (0x4)
 *(.isr_vector)
 .isr_vector    0x0000000008000000      0x188 Core/Startup/startup_stm32f407igtx.o
                0x0000000008000000                g_pfnVectors
                0x0000000008000188                . = ALIGN (0x4)

.text           0x0000000008000188     0x66f0
                0x0000000008000188                . = ALIGN (0x4)
 *(.text)
 .text          0x0000000008000188       0x40 c:/st/stm32cubeide_1.6.1/stm32cubeide/plugins/com.st.stm32cube.ide.mcu.externaltools.gnu-tools-for-stm32.9-2020-q2-update.win32_1.5.0.202011040924/tools/bin/../lib/gcc/arm-none-eabi/9.3.1/thumb/v7e-m+fp/hard/crtbegin.o
 .text          0x00000000080001c8       0x10 c:/st/stm32cubeide_1.6.1/stm32cubeide/plugins/com.st.stm32cube.ide.mcu.externaltools.gnu-tools-for-stm32.9-2020-q2-update.win32_1.5.0.202011040924/tools/bin/../lib/gcc/arm-none-eabi/9.3.1/../../../../arm-none-eabi/lib/thumb/v7e-m+fp/hard\libc_nano.a(lib_a-strlen.o)
                0x00000000080001c8                strlen
 .text          0x00000000080001d8       0x30 c:/st/stm32cubeide_1.6.1/stm32cubeide/plugins/com.st.stm32cube.ide.mcu.externaltools.gnu-tools-for-stm32.9-2020-q2-update.win32_1.5.0.202011040924/tools/bin/../lib/gcc/arm-none-eabi/9.3.1/thumb/v7e-m+fp/hard\libgcc.a(_aeabi_uldivmod.o)
                0x00000000080001d8                __aeabi_uldivmod
 .text          0x0000000008000208      0x2c4 c:/st/stm32cubeide_1.6.1/stm32cubeide/plugins/com.st.stm32cube.ide.mcu.externaltools.gnu-tools-for-stm32.9-2020-q2-update.win32_1.5.0.202011040924/tools/bin/../lib/gcc/arm-none-eabi/9.3.1/thumb/v7e-m+fp/hard\libgcc.a(_udivmoddi4.o)
                0x0000000008000208                __udivmoddi4
 .text          0x00000000080004cc        0x4 c:/st/stm32cubeide_1.6.1/stm32cubeide/plugins/com.st.stm32cube.ide.mcu.externaltools.gnu-tools-for-stm32.9-2020-q2-update.win32_1.5.0.202011040924/tools/bin/../lib/gcc/arm-none-eabi/9.3.1/thumb/v7e-m+fp/hard\libgcc.a(_dvmd_tls.o)
                0x00000000080004cc                __aeabi_idiv0
                0x00000000080004cc                __aeabi_ldiv0
 *(.text*)
 .text.main     0x00000000080004d0       0x8c Core/Src/main.o
                0x00000000080004d0                main
 .text.SystemClock_Config
                0x000000000800055c       0xd0 Core/Src/main.o
                0x000000000800055c                SystemClock_Config
 .text.MX_USART1_UART_Init
                0x000000000800062c       0x54 Core/Src/main.o
 .text.MX_GPIO_Init
                0x0000000008000680       0x50 Core/Src/main.o
 .text.Error_Handler
                0x00000000080006d0        0xa Core/Src/main.o
                0x00000000080006d0                Error_Handler
 *fill*         0x00000000080006da        0x2 
 .text.HAL_MspInit
                0x00000000080006dc       0x50 Core/Src/stm32f4xx_hal_msp.o
                0x00000000080006dc                HAL_MspInit
 .text.HAL_UART_MspInit
                0x000000000800072c       0x90 Core/Src/stm32f4xx_hal_msp.o
                0x000000000800072c                HAL_UART_MspInit
 .text.NMI_Handler
                0x00000000080007bc        0x6 Core/Src/stm32f4xx_it.o
                0x00000000080007bc                NMI_Handler
 .text.HardFault_Handler
                0x00000000080007c2        0x6 Core/Src/stm32f4xx_it.o
                0x00000000080007c2                HardFault_Handler
 .text.MemManage_Handler
                0x00000000080007c8        0x6 Core/Src/stm32f4xx_it.o
                0x00000000080007c8                MemManage_Handler
 .text.BusFault_Handler
                0x00000000080007ce        0x6 Core/Src/stm32f4xx_it.o
                0x00000000080007ce                BusFault_Handler
 .text.UsageFault_Handler
                0x00000000080007d4        0x6 Core/Src/stm32f4xx_it.o
                0x00000000080007d4                UsageFault_Handler
 .text.SVC_Handler
                0x00000000080007da        0xe Core/Src/stm32f4xx_it.o
                0x00000000080007da                SVC_Handler
 .text.DebugMon_Handler
                0x00000000080007e8        0xe Core/Src/stm32f4xx_it.o
                0x00000000080007e8                DebugMon_Handler
 .text.PendSV_Handler
                0x00000000080007f6        0xe Core/Src/stm32f4xx_it.o
                0x00000000080007f6                PendSV_Handler
 .text.SysTick_Handler
                0x0000000008000804        0xc Core/Src/stm32f4xx_it.o
                0x0000000008000804                SysTick_Handler
 .text.OTG_FS_IRQHandler
                0x0000000008000810       0x14 Core/Src/stm32f4xx_it.o
                0x0000000008000810                OTG_FS_IRQHandler
 .text.SystemInit
                0x0000000008000824       0x24 Core/Src/system_stm32f4xx.o
                0x0000000008000824                SystemInit
 .text.debugPrint
                0x0000000008000848       0x26 Core/Src/uart_task.o
                0x0000000008000848                debugPrint
 *fill*         0x000000000800086e        0x2 
 .text.Reset_Handler
                0x0000000008000870       0x50 Core/Startup/startup_stm32f407igtx.o
                0x0000000008000870                Reset_Handler
 .text.Default_Handler
                0x00000000080008c0        0x2 Core/Startup/startup_stm32f407igtx.o
                0x00000000080008c0                RTC_Alarm_IRQHandler
                0x00000000080008c0                HASH_RNG_IRQHandler
                0x00000000080008c0                EXTI2_IRQHandler
                0x00000000080008c0                TIM8_CC_IRQHandler
                0x00000000080008c0                TIM1_CC_IRQHandler
                0x00000000080008c0                DMA2_Stream5_IRQHandler
                0x00000000080008c0                DMA1_Stream5_IRQHandler
                0x00000000080008c0                PVD_IRQHandler
                0x00000000080008c0                SDIO_IRQHandler
                0x00000000080008c0                TAMP_STAMP_IRQHandler
                0x00000000080008c0                CAN2_RX1_IRQHandler
                0x00000000080008c0                EXTI3_IRQHandler
                0x00000000080008c0                TIM8_TRG_COM_TIM14_IRQHandler
                0x00000000080008c0                TIM1_UP_TIM10_IRQHandler
                0x00000000080008c0                TIM8_UP_TIM13_IRQHandler
                0x00000000080008c0                I2C3_ER_IRQHandler
                0x00000000080008c0                EXTI0_IRQHandler
                0x00000000080008c0                I2C2_EV_IRQHandler
                0x00000000080008c0                DMA1_Stream2_IRQHandler
                0x00000000080008c0                CAN1_RX0_IRQHandler
                0x00000000080008c0                FPU_IRQHandler
                0x00000000080008c0                OTG_HS_WKUP_IRQHandler
                0x00000000080008c0                CAN2_SCE_IRQHandler
                0x00000000080008c0                DMA2_Stream2_IRQHandler
                0x00000000080008c0                SPI1_IRQHandler
                0x00000000080008c0                TIM6_DAC_IRQHandler
                0x00000000080008c0                TIM1_BRK_TIM9_IRQHandler
                0x00000000080008c0                DCMI_IRQHandler
                0x00000000080008c0                CAN2_RX0_IRQHandler
                0x00000000080008c0                DMA2_Stream3_IRQHandler
                0x00000000080008c0                USART6_IRQHandler
                0x00000000080008c0                USART3_IRQHandler
                0x00000000080008c0                CAN1_RX1_IRQHandler
                0x00000000080008c0                UART5_IRQHandler
                0x00000000080008c0                DMA2_Stream0_IRQHandler
                0x00000000080008c0                TIM4_IRQHandler
                0x00000000080008c0                I2C1_EV_IRQHandler
                0x00000000080008c0                DMA1_Stream6_IRQHandler
                0x00000000080008c0                DMA1_Stream1_IRQHandler
                0x00000000080008c0                UART4_IRQHandler
                0x00000000080008c0                TIM3_IRQHandler
                0x00000000080008c0                RCC_IRQHandler
                0x00000000080008c0                TIM8_BRK_TIM12_IRQHandler
                0x00000000080008c0                Default_Handler
                0x00000000080008c0                EXTI15_10_IRQHandler
                0x00000000080008c0                ADC_IRQHandler
                0x00000000080008c0                DMA1_Stream7_IRQHandler
                0x00000000080008c0                TIM7_IRQHandler
                0x00000000080008c0                CAN2_TX_IRQHandler
                0x00000000080008c0                TIM5_IRQHandler
                0x00000000080008c0                DMA2_Stream7_IRQHandler
                0x00000000080008c0                I2C3_EV_IRQHandler
                0x00000000080008c0                EXTI9_5_IRQHandler
                0x00000000080008c0                RTC_WKUP_IRQHandler
                0x00000000080008c0                ETH_WKUP_IRQHandler
                0x00000000080008c0                SPI2_IRQHandler
                0x00000000080008c0                OTG_HS_EP1_IN_IRQHandler
                0x00000000080008c0                DMA1_Stream0_IRQHandler
                0x00000000080008c0                CAN1_TX_IRQHandler
                0x00000000080008c0                EXTI4_IRQHandler
                0x00000000080008c0                FSMC_IRQHandler
                0x00000000080008c0                ETH_IRQHandler
                0x00000000080008c0                OTG_HS_EP1_OUT_IRQHandler
                0x00000000080008c0                WWDG_IRQHandler
                0x00000000080008c0                TIM2_IRQHandler
                0x00000000080008c0                OTG_FS_WKUP_IRQHandler
                0x00000000080008c0                TIM1_TRG_COM_TIM11_IRQHandler
                0x00000000080008c0                OTG_HS_IRQHandler
                0x00000000080008c0                EXTI1_IRQHandler
                0x00000000080008c0                USART2_IRQHandler
                0x00000000080008c0                I2C2_ER_IRQHandler
                0x00000000080008c0                DMA2_Stream1_IRQHandler
                0x00000000080008c0                CAN1_SCE_IRQHandler
                0x00000000080008c0                FLASH_IRQHandler
                0x00000000080008c0                DMA2_Stream4_IRQHandler
                0x00000000080008c0                USART1_IRQHandler
                0x00000000080008c0                SPI3_IRQHandler
                0x00000000080008c0                DMA1_Stream4_IRQHandler
                0x00000000080008c0                I2C1_ER_IRQHandler
                0x00000000080008c0                DMA2_Stream6_IRQHandler
                0x00000000080008c0                DMA1_Stream3_IRQHandler
 *fill*         0x00000000080008c2        0x2 
 .text.HAL_Init
                0x00000000080008c4       0x44 Drivers/STM32F4xx_HAL_Driver/Src/stm32f4xx_hal.o
                0x00000000080008c4                HAL_Init
 .text.HAL_InitTick
                0x0000000008000908       0x60 Drivers/STM32F4xx_HAL_Driver/Src/stm32f4xx_hal.o
                0x0000000008000908                HAL_InitTick
 .text.HAL_IncTick
                0x0000000008000968       0x28 Drivers/STM32F4xx_HAL_Driver/Src/stm32f4xx_hal.o
                0x0000000008000968                HAL_IncTick
 .text.HAL_GetTick
                0x0000000008000990       0x18 Drivers/STM32F4xx_HAL_Driver/Src/stm32f4xx_hal.o
                0x0000000008000990                HAL_GetTick
 .text.HAL_Delay
                0x00000000080009a8       0x48 Drivers/STM32F4xx_HAL_Driver/Src/stm32f4xx_hal.o
                0x00000000080009a8                HAL_Delay
 .text.__NVIC_SetPriorityGrouping
                0x00000000080009f0       0x48 Drivers/STM32F4xx_HAL_Driver/Src/stm32f4xx_hal_cortex.o
 .text.__NVIC_GetPriorityGrouping
                0x0000000008000a38       0x1c Drivers/STM32F4xx_HAL_Driver/Src/stm32f4xx_hal_cortex.o
 .text.__NVIC_EnableIRQ
                0x0000000008000a54       0x3c Drivers/STM32F4xx_HAL_Driver/Src/stm32f4xx_hal_cortex.o
 .text.__NVIC_SetPriority
                0x0000000008000a90       0x54 Drivers/STM32F4xx_HAL_Driver/Src/stm32f4xx_hal_cortex.o
 .text.NVIC_EncodePriority
                0x0000000008000ae4       0x66 Drivers/STM32F4xx_HAL_Driver/Src/stm32f4xx_hal_cortex.o
 *fill*         0x0000000008000b4a        0x2 
 .text.SysTick_Config
                0x0000000008000b4c       0x44 Drivers/STM32F4xx_HAL_Driver/Src/stm32f4xx_hal_cortex.o
 .text.HAL_NVIC_SetPriorityGrouping
                0x0000000008000b90       0x16 Drivers/STM32F4xx_HAL_Driver/Src/stm32f4xx_hal_cortex.o
                0x0000000008000b90                HAL_NVIC_SetPriorityGrouping
 .text.HAL_NVIC_SetPriority
                0x0000000008000ba6       0x38 Drivers/STM32F4xx_HAL_Driver/Src/stm32f4xx_hal_cortex.o
                0x0000000008000ba6                HAL_NVIC_SetPriority
 .text.HAL_NVIC_EnableIRQ
                0x0000000008000bde       0x1c Drivers/STM32F4xx_HAL_Driver/Src/stm32f4xx_hal_cortex.o
                0x0000000008000bde                HAL_NVIC_EnableIRQ
 .text.HAL_SYSTICK_Config
                0x0000000008000bfa       0x18 Drivers/STM32F4xx_HAL_Driver/Src/stm32f4xx_hal_cortex.o
                0x0000000008000bfa                HAL_SYSTICK_Config
 *fill*         0x0000000008000c12        0x2 
 .text.HAL_GPIO_Init
                0x0000000008000c14      0x338 Drivers/STM32F4xx_HAL_Driver/Src/stm32f4xx_hal_gpio.o
                0x0000000008000c14                HAL_GPIO_Init
 .text.HAL_PCD_Init
                0x0000000008000f4c      0x23a Drivers/STM32F4xx_HAL_Driver/Src/stm32f4xx_hal_pcd.o
                0x0000000008000f4c                HAL_PCD_Init
 .text.HAL_PCD_Start
                0x0000000008001186       0x66 Drivers/STM32F4xx_HAL_Driver/Src/stm32f4xx_hal_pcd.o
                0x0000000008001186                HAL_PCD_Start
 .text.HAL_PCD_IRQHandler
                0x00000000080011ec      0x764 Drivers/STM32F4xx_HAL_Driver/Src/stm32f4xx_hal_pcd.o
                0x00000000080011ec                HAL_PCD_IRQHandler
 .text.HAL_PCD_SetAddress
                0x0000000008001950       0x4a Drivers/STM32F4xx_HAL_Driver/Src/stm32f4xx_hal_pcd.o
                0x0000000008001950                HAL_PCD_SetAddress
 .text.HAL_PCD_EP_Open
                0x000000000800199a       0xd0 Drivers/STM32F4xx_HAL_Driver/Src/stm32f4xx_hal_pcd.o
                0x000000000800199a                HAL_PCD_EP_Open
 .text.HAL_PCD_EP_Close
                0x0000000008001a6a       0x94 Drivers/STM32F4xx_HAL_Driver/Src/stm32f4xx_hal_pcd.o
                0x0000000008001a6a                HAL_PCD_EP_Close
 .text.HAL_PCD_EP_Receive
                0x0000000008001afe       0x96 Drivers/STM32F4xx_HAL_Driver/Src/stm32f4xx_hal_pcd.o
                0x0000000008001afe                HAL_PCD_EP_Receive
 .text.HAL_PCD_EP_Transmit
                0x0000000008001b94       0x94 Drivers/STM32F4xx_HAL_Driver/Src/stm32f4xx_hal_pcd.o
                0x0000000008001b94                HAL_PCD_EP_Transmit
 .text.HAL_PCD_EP_SetStall
                0x0000000008001c28       0xc8 Drivers/STM32F4xx_HAL_Driver/Src/stm32f4xx_hal_pcd.o
                0x0000000008001c28                HAL_PCD_EP_SetStall
 .text.HAL_PCD_EP_ClrStall
                0x0000000008001cf0       0xac Drivers/STM32F4xx_HAL_Driver/Src/stm32f4xx_hal_pcd.o
                0x0000000008001cf0                HAL_PCD_EP_ClrStall
 .text.PCD_WriteEmptyTxFifo
                0x0000000008001d9c      0x11a Drivers/STM32F4xx_HAL_Driver/Src/stm32f4xx_hal_pcd.o
 *fill*         0x0000000008001eb6        0x2 
 .text.PCD_EP_OutXfrComplete_int
                0x0000000008001eb8      0x218 Drivers/STM32F4xx_HAL_Driver/Src/stm32f4xx_hal_pcd.o
 .text.PCD_EP_OutSetupPacket_int
                0x00000000080020d0       0x8c Drivers/STM32F4xx_HAL_Driver/Src/stm32f4xx_hal_pcd.o
 .text.HAL_PCDEx_SetTxFiFo
                0x000000000800215c       0x8e Drivers/STM32F4xx_HAL_Driver/Src/stm32f4xx_hal_pcd_ex.o
                0x000000000800215c                HAL_PCDEx_SetTxFiFo
 .text.HAL_PCDEx_SetRxFiFo
                0x00000000080021ea       0x22 Drivers/STM32F4xx_HAL_Driver/Src/stm32f4xx_hal_pcd_ex.o
                0x00000000080021ea                HAL_PCDEx_SetRxFiFo
 .text.HAL_PCDEx_LPM_Callback
                0x000000000800220c       0x18 Drivers/STM32F4xx_HAL_Driver/Src/stm32f4xx_hal_pcd_ex.o
                0x000000000800220c                HAL_PCDEx_LPM_Callback
 .text.HAL_RCC_OscConfig
                0x0000000008002224      0x4f0 Drivers/STM32F4xx_HAL_Driver/Src/stm32f4xx_hal_rcc.o
                0x0000000008002224                HAL_RCC_OscConfig
 .text.HAL_RCC_ClockConfig
                0x0000000008002714      0x1cc Drivers/STM32F4xx_HAL_Driver/Src/stm32f4xx_hal_rcc.o
                0x0000000008002714                HAL_RCC_ClockConfig
 .text.HAL_RCC_GetSysClockFreq
                0x00000000080028e0      0x1c4 Drivers/STM32F4xx_HAL_Driver/Src/stm32f4xx_hal_rcc.o
                0x00000000080028e0                HAL_RCC_GetSysClockFreq
 .text.HAL_RCC_GetHCLKFreq
                0x0000000008002aa4       0x18 Drivers/STM32F4xx_HAL_Driver/Src/stm32f4xx_hal_rcc.o
                0x0000000008002aa4                HAL_RCC_GetHCLKFreq
 .text.HAL_RCC_GetPCLK1Freq
                0x0000000008002abc       0x28 Drivers/STM32F4xx_HAL_Driver/Src/stm32f4xx_hal_rcc.o
                0x0000000008002abc                HAL_RCC_GetPCLK1Freq
 .text.HAL_RCC_GetPCLK2Freq
                0x0000000008002ae4       0x28 Drivers/STM32F4xx_HAL_Driver/Src/stm32f4xx_hal_rcc.o
                0x0000000008002ae4                HAL_RCC_GetPCLK2Freq
 .text.HAL_UART_Init
                0x0000000008002b0c       0x9a Drivers/STM32F4xx_HAL_Driver/Src/stm32f4xx_hal_uart.o
                0x0000000008002b0c                HAL_UART_Init
 .text.HAL_UART_Transmit
                0x0000000008002ba6      0x124 Drivers/STM32F4xx_HAL_Driver/Src/stm32f4xx_hal_uart.o
                0x0000000008002ba6                HAL_UART_Transmit
 .text.UART_WaitOnFlagUntilTimeout
                0x0000000008002cca       0x94 Drivers/STM32F4xx_HAL_Driver/Src/stm32f4xx_hal_uart.o
 *fill*         0x0000000008002d5e        0x2 
 .text.UART_SetConfig
                0x0000000008002d60      0x390 Drivers/STM32F4xx_HAL_Driver/Src/stm32f4xx_hal_uart.o
 .text.USB_CoreInit
                0x00000000080030f0       0xc2 Drivers/STM32F4xx_HAL_Driver/Src/stm32f4xx_ll_usb.o
                0x00000000080030f0                USB_CoreInit
 *fill*         0x00000000080031b2        0x2 
 .text.USB_SetTurnaroundTime
                0x00000000080031b4      0x144 Drivers/STM32F4xx_HAL_Driver/Src/stm32f4xx_ll_usb.o
                0x00000000080031b4                USB_SetTurnaroundTime
 .text.USB_EnableGlobalInt
                0x00000000080032f8       0x22 Drivers/STM32F4xx_HAL_Driver/Src/stm32f4xx_ll_usb.o
                0x00000000080032f8                USB_EnableGlobalInt
 .text.USB_DisableGlobalInt
                0x000000000800331a       0x22 Drivers/STM32F4xx_HAL_Driver/Src/stm32f4xx_ll_usb.o
                0x000000000800331a                USB_DisableGlobalInt
 .text.USB_SetCurrentMode
                0x000000000800333c       0x54 Drivers/STM32F4xx_HAL_Driver/Src/stm32f4xx_ll_usb.o
                0x000000000800333c                USB_SetCurrentMode
 .text.USB_DevInit
                0x0000000008003390      0x2c8 Drivers/STM32F4xx_HAL_Driver/Src/stm32f4xx_ll_usb.o
                0x0000000008003390                USB_DevInit
 .text.USB_FlushTxFifo
                0x0000000008003658       0x4c Drivers/STM32F4xx_HAL_Driver/Src/stm32f4xx_ll_usb.o
                0x0000000008003658                USB_FlushTxFifo
 .text.USB_FlushRxFifo
                0x00000000080036a4       0x44 Drivers/STM32F4xx_HAL_Driver/Src/stm32f4xx_ll_usb.o
                0x00000000080036a4                USB_FlushRxFifo
 .text.USB_SetDevSpeed
                0x00000000080036e8       0x32 Drivers/STM32F4xx_HAL_Driver/Src/stm32f4xx_ll_usb.o
                0x00000000080036e8                USB_SetDevSpeed
 .text.USB_GetDevSpeed
                0x000000000800371a       0x4a Drivers/STM32F4xx_HAL_Driver/Src/stm32f4xx_ll_usb.o
                0x000000000800371a                USB_GetDevSpeed
 .text.USB_ActivateEndpoint
                0x0000000008003764      0x10e Drivers/STM32F4xx_HAL_Driver/Src/stm32f4xx_ll_usb.o
                0x0000000008003764                USB_ActivateEndpoint
 *fill*         0x0000000008003872        0x2 
 .text.USB_DeactivateEndpoint
                0x0000000008003874      0x1b8 Drivers/STM32F4xx_HAL_Driver/Src/stm32f4xx_ll_usb.o
                0x0000000008003874                USB_DeactivateEndpoint
 .text.USB_EPStartXfer
                0x0000000008003a2c      0x488 Drivers/STM32F4xx_HAL_Driver/Src/stm32f4xx_ll_usb.o
                0x0000000008003a2c                USB_EPStartXfer
 .text.USB_EP0StartXfer
                0x0000000008003eb4      0x2a6 Drivers/STM32F4xx_HAL_Driver/Src/stm32f4xx_ll_usb.o
                0x0000000008003eb4                USB_EP0StartXfer
 .text.USB_WritePacket
                0x000000000800415a       0x6a Drivers/STM32F4xx_HAL_Driver/Src/stm32f4xx_ll_usb.o
                0x000000000800415a                USB_WritePacket
 .text.USB_ReadPacket
                0x00000000080041c4       0x52 Drivers/STM32F4xx_HAL_Driver/Src/stm32f4xx_ll_usb.o
                0x00000000080041c4                USB_ReadPacket
 .text.USB_EPSetStall
                0x0000000008004216       0xdc Drivers/STM32F4xx_HAL_Driver/Src/stm32f4xx_ll_usb.o
                0x0000000008004216                USB_EPSetStall
 .text.USB_EPClearStall
                0x00000000080042f2       0xcc Drivers/STM32F4xx_HAL_Driver/Src/stm32f4xx_ll_usb.o
                0x00000000080042f2                USB_EPClearStall
 .text.USB_SetDevAddress
                0x00000000080043be       0x4c Drivers/STM32F4xx_HAL_Driver/Src/stm32f4xx_ll_usb.o
                0x00000000080043be                USB_SetDevAddress
 .text.USB_DevConnect
                0x000000000800440a       0x42 Drivers/STM32F4xx_HAL_Driver/Src/stm32f4xx_ll_usb.o
                0x000000000800440a                USB_DevConnect
 .text.USB_DevDisconnect
                0x000000000800444c       0x42 Drivers/STM32F4xx_HAL_Driver/Src/stm32f4xx_ll_usb.o
                0x000000000800444c                USB_DevDisconnect
 .text.USB_ReadInterrupts
                0x000000000800448e       0x26 Drivers/STM32F4xx_HAL_Driver/Src/stm32f4xx_ll_usb.o
                0x000000000800448e                USB_ReadInterrupts
 .text.USB_ReadDevAllOutEpInterrupt
                0x00000000080044b4       0x34 Drivers/STM32F4xx_HAL_Driver/Src/stm32f4xx_ll_usb.o
                0x00000000080044b4                USB_ReadDevAllOutEpInterrupt
 .text.USB_ReadDevAllInEpInterrupt
                0x00000000080044e8       0x34 Drivers/STM32F4xx_HAL_Driver/Src/stm32f4xx_ll_usb.o
                0x00000000080044e8                USB_ReadDevAllInEpInterrupt
 .text.USB_ReadDevOutEPInterrupt
                0x000000000800451c       0x3c Drivers/STM32F4xx_HAL_Driver/Src/stm32f4xx_ll_usb.o
                0x000000000800451c                USB_ReadDevOutEPInterrupt
 .text.USB_ReadDevInEPInterrupt
                0x0000000008004558       0x5c Drivers/STM32F4xx_HAL_Driver/Src/stm32f4xx_ll_usb.o
                0x0000000008004558                USB_ReadDevInEPInterrupt
 .text.USB_GetMode
                0x00000000080045b4       0x1c Drivers/STM32F4xx_HAL_Driver/Src/stm32f4xx_ll_usb.o
                0x00000000080045b4                USB_GetMode
 .text.USB_ActivateSetup
                0x00000000080045d0       0x46 Drivers/STM32F4xx_HAL_Driver/Src/stm32f4xx_ll_usb.o
                0x00000000080045d0                USB_ActivateSetup
 *fill*         0x0000000008004616        0x2 
 .text.USB_EP0_OutStart
                0x0000000008004618       0xbc Drivers/STM32F4xx_HAL_Driver/Src/stm32f4xx_ll_usb.o
                0x0000000008004618                USB_EP0_OutStart
 .text.USB_CoreReset
                0x00000000080046d4       0x68 Drivers/STM32F4xx_HAL_Driver/Src/stm32f4xx_ll_usb.o
 .text.USBD_CUSTOM_HID_Init
                0x000000000800473c       0xa0 Middlewares/ST/STM32_USB_Device_Library/Class/CustomHID/Src/usbd_customhid.o
 .text.USBD_CUSTOM_HID_DeInit
                0x00000000080047dc       0x6a Middlewares/ST/STM32_USB_Device_Library/Class/CustomHID/Src/usbd_customhid.o
 *fill*         0x0000000008004846        0x2 
 .text.USBD_CUSTOM_HID_Setup
                0x0000000008004848      0x214 Middlewares/ST/STM32_USB_Device_Library/Class/CustomHID/Src/usbd_customhid.o
 .text.USBD_CUSTOM_HID_SendReport
                0x0000000008004a5c       0x5a Middlewares/ST/STM32_USB_Device_Library/Class/CustomHID/Src/usbd_customhid.o
                0x0000000008004a5c                USBD_CUSTOM_HID_SendReport
 *fill*         0x0000000008004ab6        0x2 
 .text.USBD_CUSTOM_HID_GetFSCfgDesc
                0x0000000008004ab8       0x20 Middlewares/ST/STM32_USB_Device_Library/Class/CustomHID/Src/usbd_customhid.o
 .text.USBD_CUSTOM_HID_GetHSCfgDesc
                0x0000000008004ad8       0x20 Middlewares/ST/STM32_USB_Device_Library/Class/CustomHID/Src/usbd_customhid.o
 .text.USBD_CUSTOM_HID_GetOtherSpeedCfgDesc
                0x0000000008004af8       0x20 Middlewares/ST/STM32_USB_Device_Library/Class/CustomHID/Src/usbd_customhid.o
 .text.USBD_CUSTOM_HID_DataIn
                0x0000000008004b18       0x24 Middlewares/ST/STM32_USB_Device_Library/Class/CustomHID/Src/usbd_customhid.o
 .text.USBD_CUSTOM_HID_DataOut
                0x0000000008004b3c       0x40 Middlewares/ST/STM32_USB_Device_Library/Class/CustomHID/Src/usbd_customhid.o
 .text.USBD_CUSTOM_HID_ReceivePacket
                0x0000000008004b7c       0x34 Middlewares/ST/STM32_USB_Device_Library/Class/CustomHID/Src/usbd_customhid.o
                0x0000000008004b7c                USBD_CUSTOM_HID_ReceivePacket
 .text.USBD_CUSTOM_HID_EP0_RxReady
                0x0000000008004bb0       0x46 Middlewares/ST/STM32_USB_Device_Library/Class/CustomHID/Src/usbd_customhid.o
 *fill*         0x0000000008004bf6        0x2 
 .text.USBD_CUSTOM_HID_GetDeviceQualifierDesc
                0x0000000008004bf8       0x20 Middlewares/ST/STM32_USB_Device_Library/Class/CustomHID/Src/usbd_customhid.o
 .text.USBD_CUSTOM_HID_RegisterInterface
                0x0000000008004c18       0x2a Middlewares/ST/STM32_USB_Device_Library/Class/CustomHID/Src/usbd_customhid.o
                0x0000000008004c18                USBD_CUSTOM_HID_RegisterInterface
 .text.USBD_Init
                0x0000000008004c42       0x60 Middlewares/ST/STM32_USB_Device_Library/Core/Src/usbd_core.o
                0x0000000008004c42                USBD_Init
 .text.USBD_RegisterClass
                0x0000000008004ca2       0x4e Middlewares/ST/STM32_USB_Device_Library/Core/Src/usbd_core.o
                0x0000000008004ca2                USBD_RegisterClass
 .text.USBD_Start
                0x0000000008004cf0       0x18 Middlewares/ST/STM32_USB_Device_Library/Core/Src/usbd_core.o
                0x0000000008004cf0                USBD_Start
 .text.USBD_RunTestMode
                0x0000000008004d08       0x16 Middlewares/ST/STM32_USB_Device_Library/Core/Src/usbd_core.o
                0x0000000008004d08                USBD_RunTestMode
 .text.USBD_SetClassConfig
                0x0000000008004d1e       0x38 Middlewares/ST/STM32_USB_Device_Library/Core/Src/usbd_core.o
                0x0000000008004d1e                USBD_SetClassConfig
 .text.USBD_ClrClassConfig
                0x0000000008004d56       0x30 Middlewares/ST/STM32_USB_Device_Library/Core/Src/usbd_core.o
                0x0000000008004d56                USBD_ClrClassConfig
 .text.USBD_LL_SetupStage
                0x0000000008004d86       0xaa Middlewares/ST/STM32_USB_Device_Library/Core/Src/usbd_core.o
                0x0000000008004d86                USBD_LL_SetupStage
 .text.USBD_LL_DataOutStage
                0x0000000008004e30       0xc6 Middlewares/ST/STM32_USB_Device_Library/Core/Src/usbd_core.o
                0x0000000008004e30                USBD_LL_DataOutStage
 .text.USBD_LL_DataInStage
                0x0000000008004ef6      0x12c Middlewares/ST/STM32_USB_Device_Library/Core/Src/usbd_core.o
                0x0000000008004ef6                USBD_LL_DataInStage
 .text.USBD_LL_Reset
                0x0000000008005022       0x9c Middlewares/ST/STM32_USB_Device_Library/Core/Src/usbd_core.o
                0x0000000008005022                USBD_LL_Reset
 .text.USBD_LL_SetSpeed
                0x00000000080050be       0x20 Middlewares/ST/STM32_USB_Device_Library/Core/Src/usbd_core.o
                0x00000000080050be                USBD_LL_SetSpeed
 .text.USBD_LL_Suspend
                0x00000000080050de       0x2c Middlewares/ST/STM32_USB_Device_Library/Core/Src/usbd_core.o
                0x00000000080050de                USBD_LL_Suspend
 .text.USBD_LL_Resume
                0x000000000800510a       0x30 Middlewares/ST/STM32_USB_Device_Library/Core/Src/usbd_core.o
                0x000000000800510a                USBD_LL_Resume
 .text.USBD_LL_SOF
                0x000000000800513a       0x44 Middlewares/ST/STM32_USB_Device_Library/Core/Src/usbd_core.o
                0x000000000800513a                USBD_LL_SOF
 .text.USBD_LL_IsoINIncomplete
                0x000000000800517e       0x4c Middlewares/ST/STM32_USB_Device_Library/Core/Src/usbd_core.o
                0x000000000800517e                USBD_LL_IsoINIncomplete
 .text.USBD_LL_IsoOUTIncomplete
                0x00000000080051ca       0x4c Middlewares/ST/STM32_USB_Device_Library/Core/Src/usbd_core.o
                0x00000000080051ca                USBD_LL_IsoOUTIncomplete
 .text.USBD_LL_DevConnected
                0x0000000008005216       0x16 Middlewares/ST/STM32_USB_Device_Library/Core/Src/usbd_core.o
                0x0000000008005216                USBD_LL_DevConnected
 .text.USBD_LL_DevDisconnected
                0x000000000800522c       0x38 Middlewares/ST/STM32_USB_Device_Library/Core/Src/usbd_core.o
                0x000000000800522c                USBD_LL_DevDisconnected
 .text.SWAPBYTE
                0x0000000008005264       0x3c Middlewares/ST/STM32_USB_Device_Library/Core/Src/usbd_ctlreq.o
 .text.USBD_StdDevReq
                0x00000000080052a0       0xdc Middlewares/ST/STM32_USB_Device_Library/Core/Src/usbd_ctlreq.o
                0x00000000080052a0                USBD_StdDevReq
 .text.USBD_StdItfReq
                0x000000000800537c       0x92 Middlewares/ST/STM32_USB_Device_Library/Core/Src/usbd_ctlreq.o
                0x000000000800537c                USBD_StdItfReq
 .text.USBD_StdEPReq
                0x000000000800540e      0x2c4 Middlewares/ST/STM32_USB_Device_Library/Core/Src/usbd_ctlreq.o
                0x000000000800540e                USBD_StdEPReq
 *fill*         0x00000000080056d2        0x2 
 .text.USBD_GetDescriptor
                0x00000000080056d4      0x2d4 Middlewares/ST/STM32_USB_Device_Library/Core/Src/usbd_ctlreq.o
 .text.USBD_SetAddress
                0x00000000080059a8       0x88 Middlewares/ST/STM32_USB_Device_Library/Core/Src/usbd_ctlreq.o
 .text.USBD_SetConfig
                0x0000000008005a30      0x14c Middlewares/ST/STM32_USB_Device_Library/Core/Src/usbd_ctlreq.o
 .text.USBD_GetConfig
                0x0000000008005b7c       0x6c Middlewares/ST/STM32_USB_Device_Library/Core/Src/usbd_ctlreq.o
 .text.USBD_GetStatus
                0x0000000008005be8       0x68 Middlewares/ST/STM32_USB_Device_Library/Core/Src/usbd_ctlreq.o
 .text.USBD_SetFeature
                0x0000000008005c50       0x28 Middlewares/ST/STM32_USB_Device_Library/Core/Src/usbd_ctlreq.o
 .text.USBD_ClrFeature
                0x0000000008005c78       0x44 Middlewares/ST/STM32_USB_Device_Library/Core/Src/usbd_ctlreq.o
 .text.USBD_ParseSetupRequest
                0x0000000008005cbc       0x74 Middlewares/ST/STM32_USB_Device_Library/Core/Src/usbd_ctlreq.o
                0x0000000008005cbc                USBD_ParseSetupRequest
 .text.USBD_CtlError
                0x0000000008005d30       0x22 Middlewares/ST/STM32_USB_Device_Library/Core/Src/usbd_ctlreq.o
                0x0000000008005d30                USBD_CtlError
 .text.USBD_GetString
                0x0000000008005d52       0x8c Middlewares/ST/STM32_USB_Device_Library/Core/Src/usbd_ctlreq.o
                0x0000000008005d52                USBD_GetString
 .text.USBD_GetLen
                0x0000000008005dde       0x34 Middlewares/ST/STM32_USB_Device_Library/Core/Src/usbd_ctlreq.o
 .text.USBD_CtlSendData
                0x0000000008005e12       0x36 Middlewares/ST/STM32_USB_Device_Library/Core/Src/usbd_ioreq.o
                0x0000000008005e12                USBD_CtlSendData
 .text.USBD_CtlContinueSendData
                0x0000000008005e48       0x22 Middlewares/ST/STM32_USB_Device_Library/Core/Src/usbd_ioreq.o
                0x0000000008005e48                USBD_CtlContinueSendData
 .text.USBD_CtlPrepareRx
                0x0000000008005e6a       0x3a Middlewares/ST/STM32_USB_Device_Library/Core/Src/usbd_ioreq.o
                0x0000000008005e6a                USBD_CtlPrepareRx
 .text.USBD_CtlContinueRx
                0x0000000008005ea4       0x22 Middlewares/ST/STM32_USB_Device_Library/Core/Src/usbd_ioreq.o
                0x0000000008005ea4                USBD_CtlContinueRx
 .text.USBD_CtlSendStatus
                0x0000000008005ec6       0x26 Middlewares/ST/STM32_USB_Device_Library/Core/Src/usbd_ioreq.o
                0x0000000008005ec6                USBD_CtlSendStatus
 .text.USBD_CtlReceiveStatus
                0x0000000008005eec       0x26 Middlewares/ST/STM32_USB_Device_Library/Core/Src/usbd_ioreq.o
                0x0000000008005eec                USBD_CtlReceiveStatus
 *fill*         0x0000000008005f12        0x2 
 .text.MX_USB_DEVICE_Init
                0x0000000008005f14       0x60 USB_DEVICE/App/usb_device.o
                0x0000000008005f14                MX_USB_DEVICE_Init
 .text.CUSTOM_HID_Init_FS
                0x0000000008005f74       0x10 USB_DEVICE/App/usbd_custom_hid_if.o
 .text.CUSTOM_HID_DeInit_FS
                0x0000000008005f84       0x10 USB_DEVICE/App/usbd_custom_hid_if.o
 .text.CUSTOM_HID_OutEvent_FS
                0x0000000008005f94       0x50 USB_DEVICE/App/usbd_custom_hid_if.o
 .text.USBD_FS_DeviceDescriptor
                0x0000000008005fe4       0x24 USB_DEVICE/App/usbd_desc.o
                0x0000000008005fe4                USBD_FS_DeviceDescriptor
 .text.USBD_FS_LangIDStrDescriptor
                0x0000000008006008       0x24 USB_DEVICE/App/usbd_desc.o
                0x0000000008006008                USBD_FS_LangIDStrDescriptor
 .text.USBD_FS_ProductStrDescriptor
                0x000000000800602c       0x3c USB_DEVICE/App/usbd_desc.o
                0x000000000800602c                USBD_FS_ProductStrDescriptor
 .text.USBD_FS_ManufacturerStrDescriptor
                0x0000000008006068       0x28 USB_DEVICE/App/usbd_desc.o
                0x0000000008006068                USBD_FS_ManufacturerStrDescriptor
 .text.USBD_FS_SerialStrDescriptor
                0x0000000008006090       0x24 USB_DEVICE/App/usbd_desc.o
                0x0000000008006090                USBD_FS_SerialStrDescriptor
 .text.USBD_FS_ConfigStrDescriptor
                0x00000000080060b4       0x3c USB_DEVICE/App/usbd_desc.o
                0x00000000080060b4                USBD_FS_ConfigStrDescriptor
 .text.USBD_FS_InterfaceStrDescriptor
                0x00000000080060f0       0x3c USB_DEVICE/App/usbd_desc.o
                0x00000000080060f0                USBD_FS_InterfaceStrDescriptor
 .text.Get_SerialNum
                0x000000000800612c       0x58 USB_DEVICE/App/usbd_desc.o
 .text.IntToUnicode
                0x0000000008006184       0x7e USB_DEVICE/App/usbd_desc.o
 *fill*         0x0000000008006202        0x2 
 .text.HAL_PCD_MspInit
                0x0000000008006204       0xa8 USB_DEVICE/Target/usbd_conf.o
                0x0000000008006204                HAL_PCD_MspInit
 .text.HAL_PCD_SetupStageCallback
                0x00000000080062ac       0x24 USB_DEVICE/Target/usbd_conf.o
                0x00000000080062ac                HAL_PCD_SetupStageCallback
 .text.HAL_PCD_DataOutStageCallback
                0x00000000080062d0       0x36 USB_DEVICE/Target/usbd_conf.o
                0x00000000080062d0                HAL_PCD_DataOutStageCallback
 .text.HAL_PCD_DataInStageCallback
                0x0000000008006306       0x34 USB_DEVICE/Target/usbd_conf.o
                0x0000000008006306                HAL_PCD_DataInStageCallback
 .text.HAL_PCD_SOFCallback
                0x000000000800633a       0x1c USB_DEVICE/Target/usbd_conf.o
                0x000000000800633a                HAL_PCD_SOFCallback
 .text.HAL_PCD_ResetCallback
                0x0000000008006356       0x50 USB_DEVICE/Target/usbd_conf.o
                0x0000000008006356                HAL_PCD_ResetCallback
 *fill*         0x00000000080063a6        0x2 
 .text.HAL_PCD_SuspendCallback
                0x00000000080063a8       0x4c USB_DEVICE/Target/usbd_conf.o
                0x00000000080063a8                HAL_PCD_SuspendCallback
 .text.HAL_PCD_ResumeCallback
                0x00000000080063f4       0x1c USB_DEVICE/Target/usbd_conf.o
                0x00000000080063f4                HAL_PCD_ResumeCallback
 .text.HAL_PCD_ISOOUTIncompleteCallback
                0x0000000008006410       0x24 USB_DEVICE/Target/usbd_conf.o
                0x0000000008006410                HAL_PCD_ISOOUTIncompleteCallback
 .text.HAL_PCD_ISOINIncompleteCallback
                0x0000000008006434       0x24 USB_DEVICE/Target/usbd_conf.o
                0x0000000008006434                HAL_PCD_ISOINIncompleteCallback
 .text.HAL_PCD_ConnectCallback
                0x0000000008006458       0x1c USB_DEVICE/Target/usbd_conf.o
                0x0000000008006458                HAL_PCD_ConnectCallback
 .text.HAL_PCD_DisconnectCallback
                0x0000000008006474       0x1c USB_DEVICE/Target/usbd_conf.o
                0x0000000008006474                HAL_PCD_DisconnectCallback
 .text.USBD_LL_Init
                0x0000000008006490       0x98 USB_DEVICE/Target/usbd_conf.o
                0x0000000008006490                USBD_LL_Init
 .text.USBD_LL_Start
                0x0000000008006528       0x36 USB_DEVICE/Target/usbd_conf.o
                0x0000000008006528                USBD_LL_Start
 .text.USBD_LL_OpenEP
                0x000000000800655e       0x4c USB_DEVICE/Target/usbd_conf.o
                0x000000000800655e                USBD_LL_OpenEP
 .text.USBD_LL_CloseEP
                0x00000000080065aa       0x3e USB_DEVICE/Target/usbd_conf.o
                0x00000000080065aa                USBD_LL_CloseEP
 .text.USBD_LL_StallEP
                0x00000000080065e8       0x3e USB_DEVICE/Target/usbd_conf.o
                0x00000000080065e8                USBD_LL_StallEP
 .text.USBD_LL_ClearStallEP
                0x0000000008006626       0x3e USB_DEVICE/Target/usbd_conf.o
                0x0000000008006626                USBD_LL_ClearStallEP
 .text.USBD_LL_IsStallEP
                0x0000000008006664       0x58 USB_DEVICE/Target/usbd_conf.o
                0x0000000008006664                USBD_LL_IsStallEP
 .text.USBD_LL_SetUSBAddress
                0x00000000080066bc       0x3e USB_DEVICE/Target/usbd_conf.o
                0x00000000080066bc                USBD_LL_SetUSBAddress
 .text.USBD_LL_Transmit
                0x00000000080066fa       0x42 USB_DEVICE/Target/usbd_conf.o
                0x00000000080066fa                USBD_LL_Transmit
 .text.USBD_LL_PrepareReceive
                0x000000000800673c       0x42 USB_DEVICE/Target/usbd_conf.o
                0x000000000800673c                USBD_LL_PrepareReceive
 *fill*         0x000000000800677e        0x2 
 .text.USBD_static_malloc
                0x0000000008006780       0x1c USB_DEVICE/Target/usbd_conf.o
                0x0000000008006780                USBD_static_malloc
 .text.USBD_static_free
                0x000000000800679c       0x14 USB_DEVICE/Target/usbd_conf.o
                0x000000000800679c                USBD_static_free
 .text.USBD_Get_USB_Status
                0x00000000080067b0       0x58 USB_DEVICE/Target/usbd_conf.o
                0x00000000080067b0                USBD_Get_USB_Status
 .text.__libc_init_array
                0x0000000008006808       0x48 c:/st/stm32cubeide_1.6.1/stm32cubeide/plugins/com.st.stm32cube.ide.mcu.externaltools.gnu-tools-for-stm32.9-2020-q2-update.win32_1.5.0.202011040924/tools/bin/../lib/gcc/arm-none-eabi/9.3.1/../../../../arm-none-eabi/lib/thumb/v7e-m+fp/hard\libc_nano.a(lib_a-init.o)
                0x0000000008006808                __libc_init_array
 .text.memset   0x0000000008006850       0x10 c:/st/stm32cubeide_1.6.1/stm32cubeide/plugins/com.st.stm32cube.ide.mcu.externaltools.gnu-tools-for-stm32.9-2020-q2-update.win32_1.5.0.202011040924/tools/bin/../lib/gcc/arm-none-eabi/9.3.1/../../../../arm-none-eabi/lib/thumb/v7e-m+fp/hard\libc_nano.a(lib_a-memset.o)
                0x0000000008006850                memset
 *(.glue_7)
 .glue_7        0x0000000008006860        0x0 linker stubs
 *(.glue_7t)
 .glue_7t       0x0000000008006860        0x0 linker stubs
 *(.eh_frame)
 .eh_frame      0x0000000008006860        0x0 c:/st/stm32cubeide_1.6.1/stm32cubeide/plugins/com.st.stm32cube.ide.mcu.externaltools.gnu-tools-for-stm32.9-2020-q2-update.win32_1.5.0.202011040924/tools/bin/../lib/gcc/arm-none-eabi/9.3.1/thumb/v7e-m+fp/hard/crtbegin.o
 *(.init)
 .init          0x0000000008006860        0x4 c:/st/stm32cubeide_1.6.1/stm32cubeide/plugins/com.st.stm32cube.ide.mcu.externaltools.gnu-tools-for-stm32.9-2020-q2-update.win32_1.5.0.202011040924/tools/bin/../lib/gcc/arm-none-eabi/9.3.1/thumb/v7e-m+fp/hard/crti.o
                0x0000000008006860                _init
 .init          0x0000000008006864        0x8 c:/st/stm32cubeide_1.6.1/stm32cubeide/plugins/com.st.stm32cube.ide.mcu.externaltools.gnu-tools-for-stm32.9-2020-q2-update.win32_1.5.0.202011040924/tools/bin/../lib/gcc/arm-none-eabi/9.3.1/thumb/v7e-m+fp/hard/crtn.o
 *(.fini)
 .fini          0x000000000800686c        0x4 c:/st/stm32cubeide_1.6.1/stm32cubeide/plugins/com.st.stm32cube.ide.mcu.externaltools.gnu-tools-for-stm32.9-2020-q2-update.win32_1.5.0.202011040924/tools/bin/../lib/gcc/arm-none-eabi/9.3.1/thumb/v7e-m+fp/hard/crti.o
                0x000000000800686c                _fini
 .fini          0x0000000008006870        0x8 c:/st/stm32cubeide_1.6.1/stm32cubeide/plugins/com.st.stm32cube.ide.mcu.externaltools.gnu-tools-for-stm32.9-2020-q2-update.win32_1.5.0.202011040924/tools/bin/../lib/gcc/arm-none-eabi/9.3.1/thumb/v7e-m+fp/hard/crtn.o
                0x0000000008006878                . = ALIGN (0x4)
                0x0000000008006878                _etext = .

.vfp11_veneer   0x0000000008006878        0x0
 .vfp11_veneer  0x0000000008006878        0x0 linker stubs

.v4_bx          0x0000000008006878        0x0
 .v4_bx         0x0000000008006878        0x0 linker stubs

.iplt           0x0000000008006878        0x0
 .iplt          0x0000000008006878        0x0 c:/st/stm32cubeide_1.6.1/stm32cubeide/plugins/com.st.stm32cube.ide.mcu.externaltools.gnu-tools-for-stm32.9-2020-q2-update.win32_1.5.0.202011040924/tools/bin/../lib/gcc/arm-none-eabi/9.3.1/thumb/v7e-m+fp/hard/crtbegin.o

.rodata         0x0000000008006878       0x88
                0x0000000008006878                . = ALIGN (0x4)
 *(.rodata)
 .rodata        0x0000000008006878       0x10 Core/Src/main.o
 .rodata        0x0000000008006888       0x5d USB_DEVICE/App/usbd_desc.o
 *(.rodata*)
 *fill*         0x00000000080068e5        0x3 
 .rodata.AHBPrescTable
                0x00000000080068e8       0x10 Core/Src/system_stm32f4xx.o
                0x00000000080068e8                AHBPrescTable
 .rodata.APBPrescTable
                0x00000000080068f8        0x8 Core/Src/system_stm32f4xx.o
                0x00000000080068f8                APBPrescTable
                0x0000000008006900                . = ALIGN (0x4)

.ARM.extab      0x0000000008006900        0x0
                0x0000000008006900                . = ALIGN (0x4)
 *(.ARM.extab* .gnu.linkonce.armextab.*)
                0x0000000008006900                . = ALIGN (0x4)

.ARM            0x0000000008006900        0x8
                0x0000000008006900                . = ALIGN (0x4)
                0x0000000008006900                __exidx_start = .
 *(.ARM.exidx*)
 .ARM.exidx     0x0000000008006900        0x8 c:/st/stm32cubeide_1.6.1/stm32cubeide/plugins/com.st.stm32cube.ide.mcu.externaltools.gnu-tools-for-stm32.9-2020-q2-update.win32_1.5.0.202011040924/tools/bin/../lib/gcc/arm-none-eabi/9.3.1/thumb/v7e-m+fp/hard\libgcc.a(_udivmoddi4.o)
                0x0000000008006908                __exidx_end = .
                0x0000000008006908                . = ALIGN (0x4)

.rel.dyn        0x0000000008006908        0x0
 .rel.iplt      0x0000000008006908        0x0 c:/st/stm32cubeide_1.6.1/stm32cubeide/plugins/com.st.stm32cube.ide.mcu.externaltools.gnu-tools-for-stm32.9-2020-q2-update.win32_1.5.0.202011040924/tools/bin/../lib/gcc/arm-none-eabi/9.3.1/thumb/v7e-m+fp/hard/crtbegin.o

.preinit_array  0x0000000008006908        0x0
                0x0000000008006908                . = ALIGN (0x4)
                0x0000000008006908                PROVIDE (__preinit_array_start = .)
 *(.preinit_array*)
                0x0000000008006908                PROVIDE (__preinit_array_end = .)
                0x0000000008006908                . = ALIGN (0x4)

.init_array     0x0000000008006908        0x4
                0x0000000008006908                . = ALIGN (0x4)
                0x0000000008006908                PROVIDE (__init_array_start = .)
 *(SORT_BY_NAME(.init_array.*))
 *(.init_array*)
 .init_array    0x0000000008006908        0x4 c:/st/stm32cubeide_1.6.1/stm32cubeide/plugins/com.st.stm32cube.ide.mcu.externaltools.gnu-tools-for-stm32.9-2020-q2-update.win32_1.5.0.202011040924/tools/bin/../lib/gcc/arm-none-eabi/9.3.1/thumb/v7e-m+fp/hard/crtbegin.o
                0x000000000800690c                PROVIDE (__init_array_end = .)
                0x000000000800690c                . = ALIGN (0x4)

.fini_array     0x000000000800690c        0x4
                0x000000000800690c                . = ALIGN (0x4)
                [!provide]                        PROVIDE (__fini_array_start = .)
 *(SORT_BY_NAME(.fini_array.*))
 *(.fini_array*)
 .fini_array    0x000000000800690c        0x4 c:/st/stm32cubeide_1.6.1/stm32cubeide/plugins/com.st.stm32cube.ide.mcu.externaltools.gnu-tools-for-stm32.9-2020-q2-update.win32_1.5.0.202011040924/tools/bin/../lib/gcc/arm-none-eabi/9.3.1/thumb/v7e-m+fp/hard/crtbegin.o
                [!provide]                        PROVIDE (__fini_array_end = .)
                0x0000000008006910                . = ALIGN (0x4)
                0x0000000008006910                _sidata = LOADADDR (.data)

.data           0x0000000020000000      0x164 load address 0x0000000008006910
                0x0000000020000000                . = ALIGN (0x4)
                0x0000000020000000                _sdata = .
 *(.data)
 *(.data*)
 .data.SystemCoreClock
                0x0000000020000000        0x4 Core/Src/system_stm32f4xx.o
                0x0000000020000000                SystemCoreClock
 .data.uwTickPrio
                0x0000000020000004        0x4 Drivers/STM32F4xx_HAL_Driver/Src/stm32f4xx_hal.o
                0x0000000020000004                uwTickPrio
 .data.uwTickFreq
                0x0000000020000008        0x1 Drivers/STM32F4xx_HAL_Driver/Src/stm32f4xx_hal.o
                0x0000000020000008                uwTickFreq
 *fill*         0x0000000020000009        0x3 
 .data.USBD_CUSTOM_HID
                0x000000002000000c       0x38 Middlewares/ST/STM32_USB_Device_Library/Class/CustomHID/Src/usbd_customhid.o
                0x000000002000000c                USBD_CUSTOM_HID
 .data.USBD_CUSTOM_HID_CfgFSDesc
                0x0000000020000044       0x29 Middlewares/ST/STM32_USB_Device_Library/Class/CustomHID/Src/usbd_customhid.o
 *fill*         0x000000002000006d        0x3 
 .data.USBD_CUSTOM_HID_CfgHSDesc
                0x0000000020000070       0x29 Middlewares/ST/STM32_USB_Device_Library/Class/CustomHID/Src/usbd_customhid.o
 *fill*         0x0000000020000099        0x3 
 .data.USBD_CUSTOM_HID_OtherSpeedCfgDesc
                0x000000002000009c       0x29 Middlewares/ST/STM32_USB_Device_Library/Class/CustomHID/Src/usbd_customhid.o
 *fill*         0x00000000200000c5        0x3 
 .data.USBD_CUSTOM_HID_Desc
                0x00000000200000c8        0x9 Middlewares/ST/STM32_USB_Device_Library/Class/CustomHID/Src/usbd_customhid.o
 *fill*         0x00000000200000d1        0x3 
 .data.USBD_CUSTOM_HID_DeviceQualifierDesc
                0x00000000200000d4        0xa Middlewares/ST/STM32_USB_Device_Library/Class/CustomHID/Src/usbd_customhid.o
 *fill*         0x00000000200000de        0x2 
 .data.CUSTOM_HID_ReportDesc_FS
                0x00000000200000e0       0x21 USB_DEVICE/App/usbd_custom_hid_if.o
 *fill*         0x0000000020000101        0x3 
 .data.USBD_CustomHID_fops_FS
                0x0000000020000104       0x10 USB_DEVICE/App/usbd_custom_hid_if.o
                0x0000000020000104                USBD_CustomHID_fops_FS
 .data.FS_Desc  0x0000000020000114       0x1c USB_DEVICE/App/usbd_desc.o
                0x0000000020000114                FS_Desc
 .data.USBD_FS_DeviceDesc
                0x0000000020000130       0x12 USB_DEVICE/App/usbd_desc.o
                0x0000000020000130                USBD_FS_DeviceDesc
 *fill*         0x0000000020000142        0x2 
 .data.USBD_LangIDDesc
                0x0000000020000144        0x4 USB_DEVICE/App/usbd_desc.o
                0x0000000020000144                USBD_LangIDDesc
 .data.USBD_StringSerial
                0x0000000020000148       0x1a USB_DEVICE/App/usbd_desc.o
                0x0000000020000148                USBD_StringSerial
 *(.RamFunc)
 *(.RamFunc*)
                0x0000000020000164                . = ALIGN (0x4)
 *fill*         0x0000000020000162        0x2 
                0x0000000020000164                _edata = .

.igot.plt       0x0000000020000164        0x0 load address 0x0000000008006a74
 .igot.plt      0x0000000020000164        0x0 c:/st/stm32cubeide_1.6.1/stm32cubeide/plugins/com.st.stm32cube.ide.mcu.externaltools.gnu-tools-for-stm32.9-2020-q2-update.win32_1.5.0.202011040924/tools/bin/../lib/gcc/arm-none-eabi/9.3.1/thumb/v7e-m+fp/hard/crtbegin.o
                0x0000000020000164                . = ALIGN (0x4)

.bss            0x0000000020000164      0x9dc load address 0x0000000008006a74
                0x0000000020000164                _sbss = .
                0x0000000020000164                __bss_start__ = _sbss
 *(.bss)
 .bss           0x0000000020000164       0x1c c:/st/stm32cubeide_1.6.1/stm32cubeide/plugins/com.st.stm32cube.ide.mcu.externaltools.gnu-tools-for-stm32.9-2020-q2-update.win32_1.5.0.202011040924/tools/bin/../lib/gcc/arm-none-eabi/9.3.1/thumb/v7e-m+fp/hard/crtbegin.o
 *(.bss*)
 .bss.cfgidx.10073
                0x0000000020000180        0x1 Middlewares/ST/STM32_USB_Device_Library/Core/Src/usbd_ctlreq.o
 *fill*         0x0000000020000181        0x3 
 .bss.mem.10125
                0x0000000020000184       0x1c USB_DEVICE/Target/usbd_conf.o
 *(COMMON)
 COMMON         0x00000000200001a0       0xc4 Core/Src/main.o
                0x00000000200001a0                huart1
                0x00000000200001e4                USB_RX_Buffer
                0x0000000020000224                USB_TX_Buffer
 COMMON         0x0000000020000264        0x4 Drivers/STM32F4xx_HAL_Driver/Src/stm32f4xx_hal.o
                0x0000000020000264                uwTick
 COMMON         0x0000000020000268      0x2d0 USB_DEVICE/App/usb_device.o
                0x0000000020000268                hUsbDeviceFS
 COMMON         0x0000000020000538      0x200 USB_DEVICE/App/usbd_desc.o
                0x0000000020000538                USBD_StrDesc
 COMMON         0x0000000020000738      0x408 USB_DEVICE/Target/usbd_conf.o
                0x0000000020000738                hpcd_USB_OTG_FS
                0x0000000020000b40                . = ALIGN (0x4)
                0x0000000020000b40                _ebss = .
                0x0000000020000b40                __bss_end__ = _ebss

._user_heap_stack
                0x0000000020000b40      0x600 load address 0x0000000008006a74
                0x0000000020000b40                . = ALIGN (0x8)
                [!provide]                        PROVIDE (end = .)
                0x0000000020000b40                PROVIDE (_end = .)
                0x0000000020000d40                . = (. + _Min_Heap_Size)
 *fill*         0x0000000020000b40      0x200 
                0x0000000020001140                . = (. + _Min_Stack_Size)
 *fill*         0x0000000020000d40      0x400 
                0x0000000020001140                . = ALIGN (0x8)

/DISCARD/
 libc.a(*)
 libm.a(*)
 libgcc.a(*)

.ARM.attributes
                0x0000000000000000       0x30
 *(.ARM.attributes)
 .ARM.attributes
                0x0000000000000000       0x1e c:/st/stm32cubeide_1.6.1/stm32cubeide/plugins/com.st.stm32cube.ide.mcu.externaltools.gnu-tools-for-stm32.9-2020-q2-update.win32_1.5.0.202011040924/tools/bin/../lib/gcc/arm-none-eabi/9.3.1/thumb/v7e-m+fp/hard/crti.o
 .ARM.attributes
                0x000000000000001e       0x34 c:/st/stm32cubeide_1.6.1/stm32cubeide/plugins/com.st.stm32cube.ide.mcu.externaltools.gnu-tools-for-stm32.9-2020-q2-update.win32_1.5.0.202011040924/tools/bin/../lib/gcc/arm-none-eabi/9.3.1/thumb/v7e-m+fp/hard/crtbegin.o
 .ARM.attributes
                0x0000000000000052       0x34 Core/Src/main.o
 .ARM.attributes
                0x0000000000000086       0x34 Core/Src/stm32f4xx_hal_msp.o
 .ARM.attributes
                0x00000000000000ba       0x34 Core/Src/stm32f4xx_it.o
 .ARM.attributes
                0x00000000000000ee       0x34 Core/Src/system_stm32f4xx.o
 .ARM.attributes
                0x0000000000000122       0x34 Core/Src/uart_task.o
 .ARM.attributes
                0x0000000000000156       0x21 Core/Startup/startup_stm32f407igtx.o
 .ARM.attributes
                0x0000000000000177       0x34 Drivers/STM32F4xx_HAL_Driver/Src/stm32f4xx_hal.o
 .ARM.attributes
                0x00000000000001ab       0x34 Drivers/STM32F4xx_HAL_Driver/Src/stm32f4xx_hal_cortex.o
 .ARM.attributes
                0x00000000000001df       0x34 Drivers/STM32F4xx_HAL_Driver/Src/stm32f4xx_hal_gpio.o
 .ARM.attributes
                0x0000000000000213       0x34 Drivers/STM32F4xx_HAL_Driver/Src/stm32f4xx_hal_pcd.o
 .ARM.attributes
                0x0000000000000247       0x34 Drivers/STM32F4xx_HAL_Driver/Src/stm32f4xx_hal_pcd_ex.o
 .ARM.attributes
                0x000000000000027b       0x34 Drivers/STM32F4xx_HAL_Driver/Src/stm32f4xx_hal_rcc.o
 .ARM.attributes
                0x00000000000002af       0x34 Drivers/STM32F4xx_HAL_Driver/Src/stm32f4xx_hal_uart.o
 .ARM.attributes
                0x00000000000002e3       0x34 Drivers/STM32F4xx_HAL_Driver/Src/stm32f4xx_ll_usb.o
 .ARM.attributes
                0x0000000000000317       0x34 Middlewares/ST/STM32_USB_Device_Library/Class/CustomHID/Src/usbd_customhid.o
 .ARM.attributes
                0x000000000000034b       0x34 Middlewares/ST/STM32_USB_Device_Library/Core/Src/usbd_core.o
 .ARM.attributes
                0x000000000000037f       0x34 Middlewares/ST/STM32_USB_Device_Library/Core/Src/usbd_ctlreq.o
 .ARM.attributes
                0x00000000000003b3       0x34 Middlewares/ST/STM32_USB_Device_Library/Core/Src/usbd_ioreq.o
 .ARM.attributes
                0x00000000000003e7       0x34 USB_DEVICE/App/usb_device.o
 .ARM.attributes
                0x000000000000041b       0x34 USB_DEVICE/App/usbd_custom_hid_if.o
 .ARM.attributes
                0x000000000000044f       0x34 USB_DEVICE/App/usbd_desc.o
 .ARM.attributes
                0x0000000000000483       0x34 USB_DEVICE/Target/usbd_conf.o
 .ARM.attributes
                0x00000000000004b7       0x34 c:/st/stm32cubeide_1.6.1/stm32cubeide/plugins/com.st.stm32cube.ide.mcu.externaltools.gnu-tools-for-stm32.9-2020-q2-update.win32_1.5.0.202011040924/tools/bin/../lib/gcc/arm-none-eabi/9.3.1/../../../../arm-none-eabi/lib/thumb/v7e-m+fp/hard\libc_nano.a(lib_a-init.o)
 .ARM.attributes
                0x00000000000004eb       0x34 c:/st/stm32cubeide_1.6.1/stm32cubeide/plugins/com.st.stm32cube.ide.mcu.externaltools.gnu-tools-for-stm32.9-2020-q2-update.win32_1.5.0.202011040924/tools/bin/../lib/gcc/arm-none-eabi/9.3.1/../../../../arm-none-eabi/lib/thumb/v7e-m+fp/hard\libc_nano.a(lib_a-memset.o)
 .ARM.attributes
                0x000000000000051f       0x17 c:/st/stm32cubeide_1.6.1/stm32cubeide/plugins/com.st.stm32cube.ide.mcu.externaltools.gnu-tools-for-stm32.9-2020-q2-update.win32_1.5.0.202011040924/tools/bin/../lib/gcc/arm-none-eabi/9.3.1/../../../../arm-none-eabi/lib/thumb/v7e-m+fp/hard\libc_nano.a(lib_a-strlen.o)
 .ARM.attributes
                0x0000000000000536       0x1e c:/st/stm32cubeide_1.6.1/stm32cubeide/plugins/com.st.stm32cube.ide.mcu.externaltools.gnu-tools-for-stm32.9-2020-q2-update.win32_1.5.0.202011040924/tools/bin/../lib/gcc/arm-none-eabi/9.3.1/thumb/v7e-m+fp/hard\libgcc.a(_aeabi_uldivmod.o)
 .ARM.attributes
                0x0000000000000554       0x34 c:/st/stm32cubeide_1.6.1/stm32cubeide/plugins/com.st.stm32cube.ide.mcu.externaltools.gnu-tools-for-stm32.9-2020-q2-update.win32_1.5.0.202011040924/tools/bin/../lib/gcc/arm-none-eabi/9.3.1/thumb/v7e-m+fp/hard\libgcc.a(_udivmoddi4.o)
 .ARM.attributes
                0x0000000000000588       0x1e c:/st/stm32cubeide_1.6.1/stm32cubeide/plugins/com.st.stm32cube.ide.mcu.externaltools.gnu-tools-for-stm32.9-2020-q2-update.win32_1.5.0.202011040924/tools/bin/../lib/gcc/arm-none-eabi/9.3.1/thumb/v7e-m+fp/hard\libgcc.a(_dvmd_tls.o)
 .ARM.attributes
                0x00000000000005a6       0x1e c:/st/stm32cubeide_1.6.1/stm32cubeide/plugins/com.st.stm32cube.ide.mcu.externaltools.gnu-tools-for-stm32.9-2020-q2-update.win32_1.5.0.202011040924/tools/bin/../lib/gcc/arm-none-eabi/9.3.1/thumb/v7e-m+fp/hard/crtn.o
OUTPUT(002usb_hid.elf elf32-littlearm)
LOAD linker stubs
LOAD c:/st/stm32cubeide_1.6.1/stm32cubeide/plugins/com.st.stm32cube.ide.mcu.externaltools.gnu-tools-for-stm32.9-2020-q2-update.win32_1.5.0.202011040924/tools/bin/../lib/gcc/arm-none-eabi/9.3.1/../../../../arm-none-eabi/lib/thumb/v7e-m+fp/hard\libc.a
LOAD c:/st/stm32cubeide_1.6.1/stm32cubeide/plugins/com.st.stm32cube.ide.mcu.externaltools.gnu-tools-for-stm32.9-2020-q2-update.win32_1.5.0.202011040924/tools/bin/../lib/gcc/arm-none-eabi/9.3.1/../../../../arm-none-eabi/lib/thumb/v7e-m+fp/hard\libm.a
LOAD c:/st/stm32cubeide_1.6.1/stm32cubeide/plugins/com.st.stm32cube.ide.mcu.externaltools.gnu-tools-for-stm32.9-2020-q2-update.win32_1.5.0.202011040924/tools/bin/../lib/gcc/arm-none-eabi/9.3.1/thumb/v7e-m+fp/hard\libgcc.a

.debug_info     0x0000000000000000    0x150e9
 .debug_info    0x0000000000000000     0x1822 Core/Src/main.o
 .debug_info    0x0000000000001822      0x9fa Core/Src/stm32f4xx_hal_msp.o
 .debug_info    0x000000000000221c      0x6db Core/Src/stm32f4xx_it.o
 .debug_info    0x00000000000028f7      0x5a4 Core/Src/system_stm32f4xx.o
 .debug_info    0x0000000000002e9b      0xf28 Core/Src/uart_task.o
 .debug_info    0x0000000000003dc3       0x22 Core/Startup/startup_stm32f407igtx.o
 .debug_info    0x0000000000003de5      0x9b2 Drivers/STM32F4xx_HAL_Driver/Src/stm32f4xx_hal.o
 .debug_info    0x0000000000004797      0xed7 Drivers/STM32F4xx_HAL_Driver/Src/stm32f4xx_hal_cortex.o
 .debug_info    0x000000000000566e      0x83e Drivers/STM32F4xx_HAL_Driver/Src/stm32f4xx_hal_gpio.o
 .debug_info    0x0000000000005eac     0x12dd Drivers/STM32F4xx_HAL_Driver/Src/stm32f4xx_hal_pcd.o
 .debug_info    0x0000000000007189      0x7c3 Drivers/STM32F4xx_HAL_Driver/Src/stm32f4xx_hal_pcd_ex.o
 .debug_info    0x000000000000794c      0x996 Drivers/STM32F4xx_HAL_Driver/Src/stm32f4xx_hal_rcc.o
 .debug_info    0x00000000000082e2     0x1665 Drivers/STM32F4xx_HAL_Driver/Src/stm32f4xx_hal_uart.o
 .debug_info    0x0000000000009947     0x1a8c Drivers/STM32F4xx_HAL_Driver/Src/stm32f4xx_ll_usb.o
 .debug_info    0x000000000000b3d3     0x1421 Middlewares/ST/STM32_USB_Device_Library/Class/CustomHID/Src/usbd_customhid.o
 .debug_info    0x000000000000c7f4     0x13a7 Middlewares/ST/STM32_USB_Device_Library/Core/Src/usbd_core.o
 .debug_info    0x000000000000db9b     0x1373 Middlewares/ST/STM32_USB_Device_Library/Core/Src/usbd_ctlreq.o
 .debug_info    0x000000000000ef0e     0x1095 Middlewares/ST/STM32_USB_Device_Library/Core/Src/usbd_ioreq.o
 .debug_info    0x000000000000ffa3      0xfad USB_DEVICE/App/usb_device.o
 .debug_info    0x0000000000010f50     0x10fe USB_DEVICE/App/usbd_custom_hid_if.o
 .debug_info    0x000000000001204e      0xdfa USB_DEVICE/App/usbd_desc.o
 .debug_info    0x0000000000012e48     0x22a1 USB_DEVICE/Target/usbd_conf.o

.debug_abbrev   0x0000000000000000     0x316d
 .debug_abbrev  0x0000000000000000      0x2ae Core/Src/main.o
 .debug_abbrev  0x00000000000002ae      0x1ac Core/Src/stm32f4xx_hal_msp.o
 .debug_abbrev  0x000000000000045a      0x184 Core/Src/stm32f4xx_it.o
 .debug_abbrev  0x00000000000005de      0x145 Core/Src/system_stm32f4xx.o
 .debug_abbrev  0x0000000000000723      0x1d9 Core/Src/uart_task.o
 .debug_abbrev  0x00000000000008fc       0x12 Core/Startup/startup_stm32f407igtx.o
 .debug_abbrev  0x000000000000090e      0x1ed Drivers/STM32F4xx_HAL_Driver/Src/stm32f4xx_hal.o
 .debug_abbrev  0x0000000000000afb      0x33c Drivers/STM32F4xx_HAL_Driver/Src/stm32f4xx_hal_cortex.o
 .debug_abbrev  0x0000000000000e37      0x1f1 Drivers/STM32F4xx_HAL_Driver/Src/stm32f4xx_hal_gpio.o
 .debug_abbrev  0x0000000000001028      0x2a0 Drivers/STM32F4xx_HAL_Driver/Src/stm32f4xx_hal_pcd.o
 .debug_abbrev  0x00000000000012c8      0x1fb Drivers/STM32F4xx_HAL_Driver/Src/stm32f4xx_hal_pcd_ex.o
 .debug_abbrev  0x00000000000014c3      0x275 Drivers/STM32F4xx_HAL_Driver/Src/stm32f4xx_hal_rcc.o
 .debug_abbrev  0x0000000000001738      0x28b Drivers/STM32F4xx_HAL_Driver/Src/stm32f4xx_hal_uart.o
 .debug_abbrev  0x00000000000019c3      0x2a7 Drivers/STM32F4xx_HAL_Driver/Src/stm32f4xx_ll_usb.o
 .debug_abbrev  0x0000000000001c6a      0x2e0 Middlewares/ST/STM32_USB_Device_Library/Class/CustomHID/Src/usbd_customhid.o
 .debug_abbrev  0x0000000000001f4a      0x2b7 Middlewares/ST/STM32_USB_Device_Library/Core/Src/usbd_core.o
 .debug_abbrev  0x0000000000002201      0x2fc Middlewares/ST/STM32_USB_Device_Library/Core/Src/usbd_ctlreq.o
 .debug_abbrev  0x00000000000024fd      0x22a Middlewares/ST/STM32_USB_Device_Library/Core/Src/usbd_ioreq.o
 .debug_abbrev  0x0000000000002727      0x204 USB_DEVICE/App/usb_device.o
 .debug_abbrev  0x000000000000292b      0x26c USB_DEVICE/App/usbd_custom_hid_if.o
 .debug_abbrev  0x0000000000002b97      0x2aa USB_DEVICE/App/usbd_desc.o
 .debug_abbrev  0x0000000000002e41      0x32c USB_DEVICE/Target/usbd_conf.o

.debug_aranges  0x0000000000000000      0xd10
 .debug_aranges
                0x0000000000000000       0x40 Core/Src/main.o
 .debug_aranges
                0x0000000000000040       0x30 Core/Src/stm32f4xx_hal_msp.o
 .debug_aranges
                0x0000000000000070       0x68 Core/Src/stm32f4xx_it.o
 .debug_aranges
                0x00000000000000d8       0x28 Core/Src/system_stm32f4xx.o
 .debug_aranges
                0x0000000000000100       0x20 Core/Src/uart_task.o
 .debug_aranges
                0x0000000000000120       0x28 Core/Startup/startup_stm32f407igtx.o
 .debug_aranges
                0x0000000000000148       0xf0 Drivers/STM32F4xx_HAL_Driver/Src/stm32f4xx_hal.o
 .debug_aranges
                0x0000000000000238      0x118 Drivers/STM32F4xx_HAL_Driver/Src/stm32f4xx_hal_cortex.o
 .debug_aranges
                0x0000000000000350       0x58 Drivers/STM32F4xx_HAL_Driver/Src/stm32f4xx_hal_gpio.o
 .debug_aranges
                0x00000000000003a8      0x138 Drivers/STM32F4xx_HAL_Driver/Src/stm32f4xx_hal_pcd.o
 .debug_aranges
                0x00000000000004e0       0x38 Drivers/STM32F4xx_HAL_Driver/Src/stm32f4xx_hal_pcd_ex.o
 .debug_aranges
                0x0000000000000518       0x88 Drivers/STM32F4xx_HAL_Driver/Src/stm32f4xx_hal_rcc.o
 .debug_aranges
                0x00000000000005a0      0x200 Drivers/STM32F4xx_HAL_Driver/Src/stm32f4xx_hal_uart.o
 .debug_aranges
                0x00000000000007a0      0x198 Drivers/STM32F4xx_HAL_Driver/Src/stm32f4xx_ll_usb.o
 .debug_aranges
                0x0000000000000938       0x80 Middlewares/ST/STM32_USB_Device_Library/Class/CustomHID/Src/usbd_customhid.o
 .debug_aranges
                0x00000000000009b8       0xb8 Middlewares/ST/STM32_USB_Device_Library/Core/Src/usbd_core.o
 .debug_aranges
                0x0000000000000a70       0x90 Middlewares/ST/STM32_USB_Device_Library/Core/Src/usbd_ctlreq.o
 .debug_aranges
                0x0000000000000b00       0x50 Middlewares/ST/STM32_USB_Device_Library/Core/Src/usbd_ioreq.o
 .debug_aranges
                0x0000000000000b50       0x20 USB_DEVICE/App/usb_device.o
 .debug_aranges
                0x0000000000000b70       0x30 USB_DEVICE/App/usbd_custom_hid_if.o
 .debug_aranges
                0x0000000000000ba0       0x60 USB_DEVICE/App/usbd_desc.o
 .debug_aranges
                0x0000000000000c00      0x110 USB_DEVICE/Target/usbd_conf.o

.debug_ranges   0x0000000000000000      0xbe8
 .debug_ranges  0x0000000000000000       0x30 Core/Src/main.o
 .debug_ranges  0x0000000000000030       0x20 Core/Src/stm32f4xx_hal_msp.o
 .debug_ranges  0x0000000000000050       0x58 Core/Src/stm32f4xx_it.o
 .debug_ranges  0x00000000000000a8       0x18 Core/Src/system_stm32f4xx.o
 .debug_ranges  0x00000000000000c0       0x10 Core/Src/uart_task.o
 .debug_ranges  0x00000000000000d0       0x20 Core/Startup/startup_stm32f407igtx.o
 .debug_ranges  0x00000000000000f0       0xe0 Drivers/STM32F4xx_HAL_Driver/Src/stm32f4xx_hal.o
 .debug_ranges  0x00000000000001d0      0x108 Drivers/STM32F4xx_HAL_Driver/Src/stm32f4xx_hal_cortex.o
 .debug_ranges  0x00000000000002d8       0x48 Drivers/STM32F4xx_HAL_Driver/Src/stm32f4xx_hal_gpio.o
 .debug_ranges  0x0000000000000320      0x128 Drivers/STM32F4xx_HAL_Driver/Src/stm32f4xx_hal_pcd.o
 .debug_ranges  0x0000000000000448       0x28 Drivers/STM32F4xx_HAL_Driver/Src/stm32f4xx_hal_pcd_ex.o
 .debug_ranges  0x0000000000000470       0x78 Drivers/STM32F4xx_HAL_Driver/Src/stm32f4xx_hal_rcc.o
 .debug_ranges  0x00000000000004e8      0x220 Drivers/STM32F4xx_HAL_Driver/Src/stm32f4xx_hal_uart.o
 .debug_ranges  0x0000000000000708      0x188 Drivers/STM32F4xx_HAL_Driver/Src/stm32f4xx_ll_usb.o
 .debug_ranges  0x0000000000000890       0x70 Middlewares/ST/STM32_USB_Device_Library/Class/CustomHID/Src/usbd_customhid.o
 .debug_ranges  0x0000000000000900       0xa8 Middlewares/ST/STM32_USB_Device_Library/Core/Src/usbd_core.o
 .debug_ranges  0x00000000000009a8       0x80 Middlewares/ST/STM32_USB_Device_Library/Core/Src/usbd_ctlreq.o
 .debug_ranges  0x0000000000000a28       0x40 Middlewares/ST/STM32_USB_Device_Library/Core/Src/usbd_ioreq.o
 .debug_ranges  0x0000000000000a68       0x10 USB_DEVICE/App/usb_device.o
 .debug_ranges  0x0000000000000a78       0x20 USB_DEVICE/App/usbd_custom_hid_if.o
 .debug_ranges  0x0000000000000a98       0x50 USB_DEVICE/App/usbd_desc.o
 .debug_ranges  0x0000000000000ae8      0x100 USB_DEVICE/Target/usbd_conf.o

.debug_macro    0x0000000000000000    0x23417
 .debug_macro   0x0000000000000000      0x421 Core/Src/main.o
 .debug_macro   0x0000000000000421      0xaa8 Core/Src/main.o
 .debug_macro   0x0000000000000ec9      0x29b Core/Src/main.o
 .debug_macro   0x0000000000001164       0x2e Core/Src/main.o
 .debug_macro   0x0000000000001192       0x2f Core/Src/main.o
 .debug_macro   0x00000000000011c1       0x22 Core/Src/main.o
 .debug_macro   0x00000000000011e3       0x8e Core/Src/main.o
 .debug_macro   0x0000000000001271       0x51 Core/Src/main.o
 .debug_macro   0x00000000000012c2      0x103 Core/Src/main.o
 .debug_macro   0x00000000000013c5       0x6a Core/Src/main.o
 .debug_macro   0x000000000000142f      0x1df Core/Src/main.o
 .debug_macro   0x000000000000160e       0x1c Core/Src/main.o
 .debug_macro   0x000000000000162a       0x22 Core/Src/main.o
 .debug_macro   0x000000000000164c       0xdf Core/Src/main.o
 .debug_macro   0x000000000000172b     0x102d Core/Src/main.o
 .debug_macro   0x0000000000002758      0x11f Core/Src/main.o
 .debug_macro   0x0000000000002877    0x15e3c Core/Src/main.o
 .debug_macro   0x00000000000186b3       0x43 Core/Src/main.o
 .debug_macro   0x00000000000186f6     0x3659 Core/Src/main.o
 .debug_macro   0x000000000001bd4f      0x174 Core/Src/main.o
 .debug_macro   0x000000000001bec3       0x5c Core/Src/main.o
 .debug_macro   0x000000000001bf1f      0x96b Core/Src/main.o
 .debug_macro   0x000000000001c88a      0x9fe Core/Src/main.o
 .debug_macro   0x000000000001d288      0x117 Core/Src/main.o
 .debug_macro   0x000000000001d39f      0x13e Core/Src/main.o
 .debug_macro   0x000000000001d4dd       0x82 Core/Src/main.o
 .debug_macro   0x000000000001d55f      0x174 Core/Src/main.o
 .debug_macro   0x000000000001d6d3      0x287 Core/Src/main.o
 .debug_macro   0x000000000001d95a       0x5f Core/Src/main.o
 .debug_macro   0x000000000001d9b9      0x236 Core/Src/main.o
 .debug_macro   0x000000000001dbef      0x12c Core/Src/main.o
 .debug_macro   0x000000000001dd1b      0x21e Core/Src/main.o
 .debug_macro   0x000000000001df39       0x2e Core/Src/main.o
 .debug_macro   0x000000000001df67      0x11a Core/Src/main.o
 .debug_macro   0x000000000001e081       0x7e Core/Src/main.o
 .debug_macro   0x000000000001e0ff       0x89 Core/Src/main.o
 .debug_macro   0x000000000001e188      0x295 Core/Src/main.o
 .debug_macro   0x000000000001e41d      0x21e Core/Src/main.o
 .debug_macro   0x000000000001e63b       0xba Core/Src/main.o
 .debug_macro   0x000000000001e6f5      0x12d Core/Src/main.o
 .debug_macro   0x000000000001e822       0x52 Core/Src/main.o
 .debug_macro   0x000000000001e874       0x18 Core/Src/main.o
 .debug_macro   0x000000000001e88c       0x3c Core/Src/main.o
 .debug_macro   0x000000000001e8c8       0x34 Core/Src/main.o
 .debug_macro   0x000000000001e8fc       0x16 Core/Src/main.o
 .debug_macro   0x000000000001e912       0x35 Core/Src/main.o
 .debug_macro   0x000000000001e947      0x333 Core/Src/main.o
 .debug_macro   0x000000000001ec7a       0x10 Core/Src/main.o
 .debug_macro   0x000000000001ec8a       0x16 Core/Src/main.o
 .debug_macro   0x000000000001eca0       0x43 Core/Src/main.o
 .debug_macro   0x000000000001ece3       0x34 Core/Src/main.o
 .debug_macro   0x000000000001ed17       0x10 Core/Src/main.o
 .debug_macro   0x000000000001ed27       0x58 Core/Src/main.o
 .debug_macro   0x000000000001ed7f       0x71 Core/Src/main.o
 .debug_macro   0x000000000001edf0       0x1c Core/Src/main.o
 .debug_macro   0x000000000001ee0c      0x12a Core/Src/main.o
 .debug_macro   0x000000000001ef36       0x10 Core/Src/main.o
 .debug_macro   0x000000000001ef46       0x1c Core/Src/main.o
 .debug_macro   0x000000000001ef62       0x52 Core/Src/main.o
 .debug_macro   0x000000000001efb4       0x22 Core/Src/main.o
 .debug_macro   0x000000000001efd6       0x10 Core/Src/main.o
 .debug_macro   0x000000000001efe6       0x40 Core/Src/main.o
 .debug_macro   0x000000000001f026       0xd5 Core/Src/main.o
 .debug_macro   0x000000000001f0fb       0x1c Core/Src/main.o
 .debug_macro   0x000000000001f117       0x3d Core/Src/main.o
 .debug_macro   0x000000000001f154       0x16 Core/Src/main.o
 .debug_macro   0x000000000001f16a      0x145 Core/Src/main.o
 .debug_macro   0x000000000001f2af       0x16 Core/Src/main.o
 .debug_macro   0x000000000001f2c5       0x16 Core/Src/main.o
 .debug_macro   0x000000000001f2db       0x29 Core/Src/main.o
 .debug_macro   0x000000000001f304       0x16 Core/Src/main.o
 .debug_macro   0x000000000001f31a       0x20 Core/Src/main.o
 .debug_macro   0x000000000001f33a       0x78 Core/Src/main.o
 .debug_macro   0x000000000001f3b2      0x1ef Core/Src/main.o
 .debug_macro   0x000000000001f5a1       0x4c Core/Src/main.o
 .debug_macro   0x000000000001f5ed       0x65 Core/Src/main.o
 .debug_macro   0x000000000001f652      0x1e8 Core/Src/stm32f4xx_hal_msp.o
 .debug_macro   0x000000000001f83a      0x1f2 Core/Src/stm32f4xx_it.o
 .debug_macro   0x000000000001fa2c      0x1de Core/Src/system_stm32f4xx.o
 .debug_macro   0x000000000001fc0a      0x37a Core/Src/uart_task.o
 .debug_macro   0x000000000001ff84       0x97 Core/Src/uart_task.o
 .debug_macro   0x000000000002001b       0xfd Core/Src/uart_task.o
 .debug_macro   0x0000000000020118       0xd9 Core/Src/uart_task.o
 .debug_macro   0x00000000000201f1       0x56 Core/Src/uart_task.o
 .debug_macro   0x0000000000020247      0x23e Drivers/STM32F4xx_HAL_Driver/Src/stm32f4xx_hal.o
 .debug_macro   0x0000000000020485      0x1de Drivers/STM32F4xx_HAL_Driver/Src/stm32f4xx_hal_cortex.o
 .debug_macro   0x0000000000020663      0x1e4 Drivers/STM32F4xx_HAL_Driver/Src/stm32f4xx_hal_gpio.o
 .debug_macro   0x0000000000020847      0x1ea Drivers/STM32F4xx_HAL_Driver/Src/stm32f4xx_hal_pcd.o
 .debug_macro   0x0000000000020a31      0x1de Drivers/STM32F4xx_HAL_Driver/Src/stm32f4xx_hal_pcd_ex.o
 .debug_macro   0x0000000000020c0f      0x202 Drivers/STM32F4xx_HAL_Driver/Src/stm32f4xx_hal_rcc.o
 .debug_macro   0x0000000000020e11      0x1df Drivers/STM32F4xx_HAL_Driver/Src/stm32f4xx_hal_uart.o
 .debug_macro   0x0000000000020ff0      0x1de Drivers/STM32F4xx_HAL_Driver/Src/stm32f4xx_ll_usb.o
 .debug_macro   0x00000000000211ce      0x3fe Middlewares/ST/STM32_USB_Device_Library/Class/CustomHID/Src/usbd_customhid.o
 .debug_macro   0x00000000000215cc      0x3e5 Middlewares/ST/STM32_USB_Device_Library/Core/Src/usbd_core.o
 .debug_macro   0x00000000000219b1      0x1f5 Middlewares/ST/STM32_USB_Device_Library/Core/Src/usbd_core.o
 .debug_macro   0x0000000000021ba6      0x3ef Middlewares/ST/STM32_USB_Device_Library/Core/Src/usbd_ctlreq.o
 .debug_macro   0x0000000000021f95      0x3eb Middlewares/ST/STM32_USB_Device_Library/Core/Src/usbd_ioreq.o
 .debug_macro   0x0000000000022380      0x425 USB_DEVICE/App/usb_device.o
 .debug_macro   0x00000000000227a5       0x22 USB_DEVICE/App/usb_device.o
 .debug_macro   0x00000000000227c7      0x404 USB_DEVICE/App/usbd_custom_hid_if.o
 .debug_macro   0x0000000000022bcb      0x428 USB_DEVICE/App/usbd_desc.o
 .debug_macro   0x0000000000022ff3       0x1c USB_DEVICE/App/usbd_desc.o
 .debug_macro   0x000000000002300f      0x408 USB_DEVICE/Target/usbd_conf.o

.debug_line     0x0000000000000000    0x10be4
 .debug_line    0x0000000000000000      0xb18 Core/Src/main.o
 .debug_line    0x0000000000000b18      0x72a Core/Src/stm32f4xx_hal_msp.o
 .debug_line    0x0000000000001242      0x7b7 Core/Src/stm32f4xx_it.o
 .debug_line    0x00000000000019f9      0x75e Core/Src/system_stm32f4xx.o
 .debug_line    0x0000000000002157      0x8ec Core/Src/uart_task.o
 .debug_line    0x0000000000002a43       0x88 Core/Startup/startup_stm32f407igtx.o
 .debug_line    0x0000000000002acb      0x9c4 Drivers/STM32F4xx_HAL_Driver/Src/stm32f4xx_hal.o
 .debug_line    0x000000000000348f      0xc73 Drivers/STM32F4xx_HAL_Driver/Src/stm32f4xx_hal_cortex.o
 .debug_line    0x0000000000004102      0xb3c Drivers/STM32F4xx_HAL_Driver/Src/stm32f4xx_hal_gpio.o
 .debug_line    0x0000000000004c3e     0x130f Drivers/STM32F4xx_HAL_Driver/Src/stm32f4xx_hal_pcd.o
 .debug_line    0x0000000000005f4d      0x7a7 Drivers/STM32F4xx_HAL_Driver/Src/stm32f4xx_hal_pcd_ex.o
 .debug_line    0x00000000000066f4      0xd40 Drivers/STM32F4xx_HAL_Driver/Src/stm32f4xx_hal_rcc.o
 .debug_line    0x0000000000007434     0x1a8a Drivers/STM32F4xx_HAL_Driver/Src/stm32f4xx_hal_uart.o
 .debug_line    0x0000000000008ebe     0x1895 Drivers/STM32F4xx_HAL_Driver/Src/stm32f4xx_ll_usb.o
 .debug_line    0x000000000000a753      0xd24 Middlewares/ST/STM32_USB_Device_Library/Class/CustomHID/Src/usbd_customhid.o
 .debug_line    0x000000000000b477      0xe2d Middlewares/ST/STM32_USB_Device_Library/Core/Src/usbd_core.o
 .debug_line    0x000000000000c2a4     0x10ad Middlewares/ST/STM32_USB_Device_Library/Core/Src/usbd_ctlreq.o
 .debug_line    0x000000000000d351      0xa84 Middlewares/ST/STM32_USB_Device_Library/Core/Src/usbd_ioreq.o
 .debug_line    0x000000000000ddd5      0xa53 USB_DEVICE/App/usb_device.o
 .debug_line    0x000000000000e828      0xa81 USB_DEVICE/App/usbd_custom_hid_if.o
 .debug_line    0x000000000000f2a9      0xb09 USB_DEVICE/App/usbd_desc.o
 .debug_line    0x000000000000fdb2      0xe32 USB_DEVICE/Target/usbd_conf.o

.debug_str      0x0000000000000000    0xc601c
 .debug_str     0x0000000000000000    0xc28ed Core/Src/main.o
                                      0xc2d3a (size before relaxing)
 .debug_str     0x00000000000c28ed       0xb8 Core/Src/stm32f4xx_hal_msp.o
                                      0xbd8a1 (size before relaxing)
 .debug_str     0x00000000000c29a5      0x3ec Core/Src/stm32f4xx_it.o
                                      0xbd71d (size before relaxing)
 .debug_str     0x00000000000c2d91       0xaf Core/Src/system_stm32f4xx.o
                                      0xbd44c (size before relaxing)
 .debug_str     0x00000000000c2e40       0x36 Core/Src/uart_task.o
                                      0xc194c (size before relaxing)
 .debug_str     0x00000000000c2e76       0x36 Core/Startup/startup_stm32f407igtx.o
                                         0x81 (size before relaxing)
 .debug_str     0x00000000000c2eac      0xa54 Drivers/STM32F4xx_HAL_Driver/Src/stm32f4xx_hal.o
                                      0xbdf2e (size before relaxing)
 .debug_str     0x00000000000c3900      0x399 Drivers/STM32F4xx_HAL_Driver/Src/stm32f4xx_hal_cortex.o
                                      0xbdd1d (size before relaxing)
 .debug_str     0x00000000000c3c99      0x17b Drivers/STM32F4xx_HAL_Driver/Src/stm32f4xx_hal_gpio.o
                                      0xbd5f3 (size before relaxing)
 .debug_str     0x00000000000c3e14      0x564 Drivers/STM32F4xx_HAL_Driver/Src/stm32f4xx_hal_pcd.o
                                      0xbdc36 (size before relaxing)
 .debug_str     0x00000000000c4378      0x13f Drivers/STM32F4xx_HAL_Driver/Src/stm32f4xx_hal_pcd_ex.o
                                      0xbd801 (size before relaxing)
 .debug_str     0x00000000000c44b7      0x259 Drivers/STM32F4xx_HAL_Driver/Src/stm32f4xx_hal_rcc.o
                                      0xbd84e (size before relaxing)
 .debug_str     0x00000000000c4710      0x5f8 Drivers/STM32F4xx_HAL_Driver/Src/stm32f4xx_hal_uart.o
                                      0xbddb0 (size before relaxing)
 .debug_str     0x00000000000c4d08      0x687 Drivers/STM32F4xx_HAL_Driver/Src/stm32f4xx_ll_usb.o
                                      0xbdd57 (size before relaxing)
 .debug_str     0x00000000000c538f      0x38f Middlewares/ST/STM32_USB_Device_Library/Class/CustomHID/Src/usbd_customhid.o
                                      0xc28c9 (size before relaxing)
 .debug_str     0x00000000000c571e      0x1a2 Middlewares/ST/STM32_USB_Device_Library/Core/Src/usbd_core.o
                                      0xc2514 (size before relaxing)
 .debug_str     0x00000000000c58c0      0x14d Middlewares/ST/STM32_USB_Device_Library/Core/Src/usbd_ctlreq.o
                                      0xc24d2 (size before relaxing)
 .debug_str     0x00000000000c5a0d       0xc9 Middlewares/ST/STM32_USB_Device_Library/Core/Src/usbd_ioreq.o
                                      0xc2422 (size before relaxing)
 .debug_str     0x00000000000c5ad6       0xe6 USB_DEVICE/App/usb_device.o
                                      0xc269f (size before relaxing)
 .debug_str     0x00000000000c5bbc       0x89 USB_DEVICE/App/usbd_custom_hid_if.o
                                      0xc2716 (size before relaxing)
 .debug_str     0x00000000000c5c45      0x283 USB_DEVICE/App/usbd_desc.o
                                      0xc2389 (size before relaxing)
 .debug_str     0x00000000000c5ec8      0x154 USB_DEVICE/Target/usbd_conf.o
                                      0xc32c3 (size before relaxing)

.comment        0x0000000000000000       0x53
 .comment       0x0000000000000000       0x53 Core/Src/main.o
                                         0x54 (size before relaxing)
 .comment       0x0000000000000053       0x54 Core/Src/stm32f4xx_hal_msp.o
 .comment       0x0000000000000053       0x54 Core/Src/stm32f4xx_it.o
 .comment       0x0000000000000053       0x54 Core/Src/system_stm32f4xx.o
 .comment       0x0000000000000053       0x54 Core/Src/uart_task.o
 .comment       0x0000000000000053       0x54 Drivers/STM32F4xx_HAL_Driver/Src/stm32f4xx_hal.o
 .comment       0x0000000000000053       0x54 Drivers/STM32F4xx_HAL_Driver/Src/stm32f4xx_hal_cortex.o
 .comment       0x0000000000000053       0x54 Drivers/STM32F4xx_HAL_Driver/Src/stm32f4xx_hal_gpio.o
 .comment       0x0000000000000053       0x54 Drivers/STM32F4xx_HAL_Driver/Src/stm32f4xx_hal_pcd.o
 .comment       0x0000000000000053       0x54 Drivers/STM32F4xx_HAL_Driver/Src/stm32f4xx_hal_pcd_ex.o
 .comment       0x0000000000000053       0x54 Drivers/STM32F4xx_HAL_Driver/Src/stm32f4xx_hal_rcc.o
 .comment       0x0000000000000053       0x54 Drivers/STM32F4xx_HAL_Driver/Src/stm32f4xx_hal_uart.o
 .comment       0x0000000000000053       0x54 Drivers/STM32F4xx_HAL_Driver/Src/stm32f4xx_ll_usb.o
 .comment       0x0000000000000053       0x54 Middlewares/ST/STM32_USB_Device_Library/Class/CustomHID/Src/usbd_customhid.o
 .comment       0x0000000000000053       0x54 Middlewares/ST/STM32_USB_Device_Library/Core/Src/usbd_core.o
 .comment       0x0000000000000053       0x54 Middlewares/ST/STM32_USB_Device_Library/Core/Src/usbd_ctlreq.o
 .comment       0x0000000000000053       0x54 Middlewares/ST/STM32_USB_Device_Library/Core/Src/usbd_ioreq.o
 .comment       0x0000000000000053       0x54 USB_DEVICE/App/usb_device.o
 .comment       0x0000000000000053       0x54 USB_DEVICE/App/usbd_custom_hid_if.o
 .comment       0x0000000000000053       0x54 USB_DEVICE/App/usbd_desc.o
 .comment       0x0000000000000053       0x54 USB_DEVICE/Target/usbd_conf.o

.debug_frame    0x0000000000000000     0x3464
 .debug_frame   0x0000000000000000       0xac Core/Src/main.o
 .debug_frame   0x00000000000000ac       0x80 Core/Src/stm32f4xx_hal_msp.o
 .debug_frame   0x000000000000012c      0x120 Core/Src/stm32f4xx_it.o
 .debug_frame   0x000000000000024c       0x58 Core/Src/system_stm32f4xx.o
 .debug_frame   0x00000000000002a4       0x34 Core/Src/uart_task.o
 .debug_frame   0x00000000000002d8      0x374 Drivers/STM32F4xx_HAL_Driver/Src/stm32f4xx_hal.o
 .debug_frame   0x000000000000064c      0x498 Drivers/STM32F4xx_HAL_Driver/Src/stm32f4xx_hal_cortex.o
 .debug_frame   0x0000000000000ae4      0x14c Drivers/STM32F4xx_HAL_Driver/Src/stm32f4xx_hal_gpio.o
 .debug_frame   0x0000000000000c30      0x574 Drivers/STM32F4xx_HAL_Driver/Src/stm32f4xx_hal_pcd.o
 .debug_frame   0x00000000000011a4       0xb0 Drivers/STM32F4xx_HAL_Driver/Src/stm32f4xx_hal_pcd_ex.o
 .debug_frame   0x0000000000001254      0x1f0 Drivers/STM32F4xx_HAL_Driver/Src/stm32f4xx_hal_rcc.o
 .debug_frame   0x0000000000001444      0x924 Drivers/STM32F4xx_HAL_Driver/Src/stm32f4xx_hal_uart.o
 .debug_frame   0x0000000000001d68      0x798 Drivers/STM32F4xx_HAL_Driver/Src/stm32f4xx_ll_usb.o
 .debug_frame   0x0000000000002500      0x200 Middlewares/ST/STM32_USB_Device_Library/Class/CustomHID/Src/usbd_customhid.o
 .debug_frame   0x0000000000002700      0x2f4 Middlewares/ST/STM32_USB_Device_Library/Core/Src/usbd_core.o
 .debug_frame   0x00000000000029f4      0x23c Middlewares/ST/STM32_USB_Device_Library/Core/Src/usbd_ctlreq.o
 .debug_frame   0x0000000000002c30      0x10c Middlewares/ST/STM32_USB_Device_Library/Core/Src/usbd_ioreq.o
 .debug_frame   0x0000000000002d3c       0x2c USB_DEVICE/App/usb_device.o
 .debug_frame   0x0000000000002d68       0x74 USB_DEVICE/App/usbd_custom_hid_if.o
 .debug_frame   0x0000000000002ddc      0x160 USB_DEVICE/App/usbd_desc.o
 .debug_frame   0x0000000000002f3c      0x47c USB_DEVICE/Target/usbd_conf.o
 .debug_frame   0x00000000000033b8       0x2c c:/st/stm32cubeide_1.6.1/stm32cubeide/plugins/com.st.stm32cube.ide.mcu.externaltools.gnu-tools-for-stm32.9-2020-q2-update.win32_1.5.0.202011040924/tools/bin/../lib/gcc/arm-none-eabi/9.3.1/../../../../arm-none-eabi/lib/thumb/v7e-m+fp/hard\libc_nano.a(lib_a-init.o)
 .debug_frame   0x00000000000033e4       0x20 c:/st/stm32cubeide_1.6.1/stm32cubeide/plugins/com.st.stm32cube.ide.mcu.externaltools.gnu-tools-for-stm32.9-2020-q2-update.win32_1.5.0.202011040924/tools/bin/../lib/gcc/arm-none-eabi/9.3.1/../../../../arm-none-eabi/lib/thumb/v7e-m+fp/hard\libc_nano.a(lib_a-memset.o)
 .debug_frame   0x0000000000003404       0x2c c:/st/stm32cubeide_1.6.1/stm32cubeide/plugins/com.st.stm32cube.ide.mcu.externaltools.gnu-tools-for-stm32.9-2020-q2-update.win32_1.5.0.202011040924/tools/bin/../lib/gcc/arm-none-eabi/9.3.1/thumb/v7e-m+fp/hard\libgcc.a(_aeabi_uldivmod.o)
 .debug_frame   0x0000000000003430       0x34 c:/st/stm32cubeide_1.6.1/stm32cubeide/plugins/com.st.stm32cube.ide.mcu.externaltools.gnu-tools-for-stm32.9-2020-q2-update.win32_1.5.0.202011040924/tools/bin/../lib/gcc/arm-none-eabi/9.3.1/thumb/v7e-m+fp/hard\libgcc.a(_udivmoddi4.o)
