14:01:09 **** Incremental Build of configuration Debug for project 003LED_blocked ****
make -j4 all 
arm-none-eabi-gcc "../Core/Src/main.c" -mcpu=cortex-m4 -std=gnu11 -g3 -DDEBUG -DUSE_HAL_DRIVER -DSTM32F407xx -c -I../Core/Inc -I../Drivers/STM32F4xx_HAL_Driver/Inc -I../Drivers/STM32F4xx_HAL_Driver/Inc/Legacy -I../Drivers/CMSIS/Device/ST/STM32F4xx/Include -I../Drivers/CMSIS/Include -I"C:/Users/minia/Documents/academy/rtos_workspace/workspace/common/ThirdParty/FreeRTOS/include" -I"C:/Users/minia/Documents/academy/rtos_workspace/workspace/common/ThirdParty/FreeRTOS/portable/GCC/ARM_CM4F" -I"C:/Users/minia/Documents/academy/rtos_workspace/workspace/common/ThirdParty/SEGGER/Config" -I"C:/Users/minia/Documents/academy/rtos_workspace/workspace/common/ThirdParty/SEGGER/OS" -I"C:/Users/minia/Documents/academy/rtos_workspace/workspace/common/ThirdParty/SEGGER/SEGGER" -I"C:/Users/minia/Documents/academy/rtos_workspace/workspace/common/inc" -I"C:/Users/minia/Documents/academy/rtos_workspace/workspace/common/ThirdParty/FreeRTOS" -O0 -ffunction-sections -fdata-sections -Wall -fstack-usage -MMD -MP -MF"Core/Src/main.d" -MT"Core/Src/main.o" --specs=nano.specs -mfpu=fpv4-sp-d16 -mfloat-abi=hard -mthumb -o "Core/Src/main.o"
arm-none-eabi-gcc "../Core/Src/stm32f4xx_hal_msp.c" -mcpu=cortex-m4 -std=gnu11 -g3 -DDEBUG -DUSE_HAL_DRIVER -DSTM32F407xx -c -I../Core/Inc -I../Drivers/STM32F4xx_HAL_Driver/Inc -I../Drivers/STM32F4xx_HAL_Driver/Inc/Legacy -I../Drivers/CMSIS/Device/ST/STM32F4xx/Include -I../Drivers/CMSIS/Include -I"C:/Users/minia/Documents/academy/rtos_workspace/workspace/common/ThirdParty/FreeRTOS/include" -I"C:/Users/minia/Documents/academy/rtos_workspace/workspace/common/ThirdParty/FreeRTOS/portable/GCC/ARM_CM4F" -I"C:/Users/minia/Documents/academy/rtos_workspace/workspace/common/ThirdParty/SEGGER/Config" -I"C:/Users/minia/Documents/academy/rtos_workspace/workspace/common/ThirdParty/SEGGER/OS" -I"C:/Users/minia/Documents/academy/rtos_workspace/workspace/common/ThirdParty/SEGGER/SEGGER" -I"C:/Users/minia/Documents/academy/rtos_workspace/workspace/common/inc" -I"C:/Users/minia/Documents/academy/rtos_workspace/workspace/common/ThirdParty/FreeRTOS" -O0 -ffunction-sections -fdata-sections -Wall -fstack-usage -MMD -MP -MF"Core/Src/stm32f4xx_hal_msp.d" -MT"Core/Src/stm32f4xx_hal_msp.o" --specs=nano.specs -mfpu=fpv4-sp-d16 -mfloat-abi=hard -mthumb -o "Core/Src/stm32f4xx_hal_msp.o"
arm-none-eabi-gcc -o "003LED_blocked.elf" @"objects.list"   -mcpu=cortex-m4 -T"C:\Users\minia\Documents\academy\rtos_workspace\workspace\003LED_blocked\STM32F407IGTX_FLASH.ld" --specs=nosys.specs -Wl,-Map="003LED_blocked.map" -Wl,--gc-sections -static --specs=nano.specs -mfpu=fpv4-sp-d16 -mfloat-abi=hard -mthumb -Wl,--start-group -lc -lm -Wl,--end-group
Finished building target: 003LED_blocked.elf
 
arm-none-eabi-objdump -h -S  003LED_blocked.elf  > "003LED_blocked.list"
arm-none-eabi-objcopy  -O binary  003LED_blocked.elf  "003LED_blocked.bin"
arm-none-eabi-size   003LED_blocked.elf 
   text	   data	    bss	    dec	    hex	filename
  20152	     28	  80460	 100640	  18920	003LED_blocked.elf
Finished building: default.size.stdout
 
Finished building: 003LED_blocked.bin
 
Finished building: 003LED_blocked.list
 

14:01:11 Build Finished. 0 errors, 0 warnings. (took 1s.500ms)

