21:27:55 **** Build of configuration Debug for project 010Sem_mutex ****
make -j4 all 
arm-none-eabi-gcc "C:/Users/minia/Documents/academy/rtos_workspace/workspace/common/ThirdParty/SEGGER/SEGGER/Syscalls/SEGGER_RTT_Syscalls_GCC.c" -mcpu=cortex-m4 -std=gnu11 -g3 -DDEBUG -DUSE_HAL_DRIVER -DSTM32F407xx -c -I../Core/Inc -I../Drivers/STM32F4xx_HAL_Driver/Inc -I../Drivers/STM32F4xx_HAL_Driver/Inc/Legacy -I../Drivers/CMSIS/Device/ST/STM32F4xx/Include -I../Drivers/CMSIS/Include -I"C:/Users/minia/Documents/academy/rtos_workspace/workspace/common/ThirdParty/FreeRTOS/include" -I"C:/Users/minia/Documents/academy/rtos_workspace/workspace/common/ThirdParty/FreeRTOS/portable/GCC/ARM_CM4F" -I"C:/Users/minia/Documents/academy/rtos_workspace/workspace/common/ThirdParty/SEGGER/Config" -I"C:/Users/minia/Documents/academy/rtos_workspace/workspace/common/ThirdParty/SEGGER/OS" -I"C:/Users/minia/Documents/academy/rtos_workspace/workspace/common/ThirdParty/SEGGER/SEGGER" -I"C:/Users/minia/Documents/academy/rtos_workspace/workspace/common/inc" -I"C:/Users/minia/Documents/academy/rtos_workspace/workspace/common/ThirdParty/FreeRTOS" -O0 -ffunction-sections -fdata-sections -Wall -fstack-usage -MMD -MP -MF"ThirdParty/SEGGER/SEGGER/Syscalls/SEGGER_RTT_Syscalls_GCC.d" -MT"ThirdParty/SEGGER/SEGGER/Syscalls/SEGGER_RTT_Syscalls_GCC.o" --specs=nano.specs -mfpu=fpv4-sp-d16 -mfloat-abi=hard -mthumb -o "ThirdParty/SEGGER/SEGGER/Syscalls/SEGGER_RTT_Syscalls_GCC.o"
arm-none-eabi-gcc "C:/Users/minia/Documents/academy/rtos_workspace/workspace/common/ThirdParty/SEGGER/SEGGER/SEGGER_RTT.c" -mcpu=cortex-m4 -std=gnu11 -g3 -DDEBUG -DUSE_HAL_DRIVER -DSTM32F407xx -c -I../Core/Inc -I../Drivers/STM32F4xx_HAL_Driver/Inc -I../Drivers/STM32F4xx_HAL_Driver/Inc/Legacy -I../Drivers/CMSIS/Device/ST/STM32F4xx/Include -I../Drivers/CMSIS/Include -I"C:/Users/minia/Documents/academy/rtos_workspace/workspace/common/ThirdParty/FreeRTOS/include" -I"C:/Users/minia/Documents/academy/rtos_workspace/workspace/common/ThirdParty/FreeRTOS/portable/GCC/ARM_CM4F" -I"C:/Users/minia/Documents/academy/rtos_workspace/workspace/common/ThirdParty/SEGGER/Config" -I"C:/Users/minia/Documents/academy/rtos_workspace/workspace/common/ThirdParty/SEGGER/OS" -I"C:/Users/minia/Documents/academy/rtos_workspace/workspace/common/ThirdParty/SEGGER/SEGGER" -I"C:/Users/minia/Documents/academy/rtos_workspace/workspace/common/inc" -I"C:/Users/minia/Documents/academy/rtos_workspace/workspace/common/ThirdParty/FreeRTOS" -O0 -ffunction-sections -fdata-sections -Wall -fstack-usage -MMD -MP -MF"ThirdParty/SEGGER/SEGGER/SEGGER_RTT.d" -MT"ThirdParty/SEGGER/SEGGER/SEGGER_RTT.o" --specs=nano.specs -mfpu=fpv4-sp-d16 -mfloat-abi=hard -mthumb -o "ThirdParty/SEGGER/SEGGER/SEGGER_RTT.o"
arm-none-eabi-gcc -mcpu=cortex-m4 -g3 -c -I"C:/Users/minia/Documents/academy/rtos_workspace/workspace/common/ThirdParty/SEGGER/Config" -I"C:/Users/minia/Documents/academy/rtos_workspace/workspace/common/ThirdParty/SEGGER/SEGGER" -x assembler-with-cpp -MMD -MP -MF"ThirdParty/SEGGER/SEGGER/SEGGER_RTT_ASM_ARMv7M.d" -MT"ThirdParty/SEGGER/SEGGER/SEGGER_RTT_ASM_ARMv7M.o" --specs=nano.specs -mfpu=fpv4-sp-d16 -mfloat-abi=hard -mthumb -o "ThirdParty/SEGGER/SEGGER/SEGGER_RTT_ASM_ARMv7M.o" "C:/Users/minia/Documents/academy/rtos_workspace/workspace/common/ThirdParty/SEGGER/SEGGER/SEGGER_RTT_ASM_ARMv7M.S"
arm-none-eabi-gcc "C:/Users/minia/Documents/academy/rtos_workspace/workspace/common/ThirdParty/SEGGER/SEGGER/SEGGER_RTT_printf.c" -mcpu=cortex-m4 -std=gnu11 -g3 -DDEBUG -DUSE_HAL_DRIVER -DSTM32F407xx -c -I../Core/Inc -I../Drivers/STM32F4xx_HAL_Driver/Inc -I../Drivers/STM32F4xx_HAL_Driver/Inc/Legacy -I../Drivers/CMSIS/Device/ST/STM32F4xx/Include -I../Drivers/CMSIS/Include -I"C:/Users/minia/Documents/academy/rtos_workspace/workspace/common/ThirdParty/FreeRTOS/include" -I"C:/Users/minia/Documents/academy/rtos_workspace/workspace/common/ThirdParty/FreeRTOS/portable/GCC/ARM_CM4F" -I"C:/Users/minia/Documents/academy/rtos_workspace/workspace/common/ThirdParty/SEGGER/Config" -I"C:/Users/minia/Documents/academy/rtos_workspace/workspace/common/ThirdParty/SEGGER/OS" -I"C:/Users/minia/Documents/academy/rtos_workspace/workspace/common/ThirdParty/SEGGER/SEGGER" -I"C:/Users/minia/Documents/academy/rtos_workspace/workspace/common/inc" -I"C:/Users/minia/Documents/academy/rtos_workspace/workspace/common/ThirdParty/FreeRTOS" -O0 -ffunction-sections -fdata-sections -Wall -fstack-usage -MMD -MP -MF"ThirdParty/SEGGER/SEGGER/SEGGER_RTT_printf.d" -MT"ThirdParty/SEGGER/SEGGER/SEGGER_RTT_printf.o" --specs=nano.specs -mfpu=fpv4-sp-d16 -mfloat-abi=hard -mthumb -o "ThirdParty/SEGGER/SEGGER/SEGGER_RTT_printf.o"
arm-none-eabi-gcc "C:/Users/minia/Documents/academy/rtos_workspace/workspace/common/ThirdParty/SEGGER/SEGGER/SEGGER_SYSVIEW.c" -mcpu=cortex-m4 -std=gnu11 -g3 -DDEBUG -DUSE_HAL_DRIVER -DSTM32F407xx -c -I../Core/Inc -I../Drivers/STM32F4xx_HAL_Driver/Inc -I../Drivers/STM32F4xx_HAL_Driver/Inc/Legacy -I../Drivers/CMSIS/Device/ST/STM32F4xx/Include -I../Drivers/CMSIS/Include -I"C:/Users/minia/Documents/academy/rtos_workspace/workspace/common/ThirdParty/FreeRTOS/include" -I"C:/Users/minia/Documents/academy/rtos_workspace/workspace/common/ThirdParty/FreeRTOS/portable/GCC/ARM_CM4F" -I"C:/Users/minia/Documents/academy/rtos_workspace/workspace/common/ThirdParty/SEGGER/Config" -I"C:/Users/minia/Documents/academy/rtos_workspace/workspace/common/ThirdParty/SEGGER/OS" -I"C:/Users/minia/Documents/academy/rtos_workspace/workspace/common/ThirdParty/SEGGER/SEGGER" -I"C:/Users/minia/Documents/academy/rtos_workspace/workspace/common/inc" -I"C:/Users/minia/Documents/academy/rtos_workspace/workspace/common/ThirdParty/FreeRTOS" -O0 -ffunction-sections -fdata-sections -Wall -fstack-usage -MMD -MP -MF"ThirdParty/SEGGER/SEGGER/SEGGER_SYSVIEW.d" -MT"ThirdParty/SEGGER/SEGGER/SEGGER_SYSVIEW.o" --specs=nano.specs -mfpu=fpv4-sp-d16 -mfloat-abi=hard -mthumb -o "ThirdParty/SEGGER/SEGGER/SEGGER_SYSVIEW.o"
arm-none-eabi-gcc "C:/Users/minia/Documents/academy/rtos_workspace/workspace/common/ThirdParty/SEGGER/OS/SEGGER_SYSVIEW_FreeRTOS.c" -mcpu=cortex-m4 -std=gnu11 -g3 -DDEBUG -DUSE_HAL_DRIVER -DSTM32F407xx -c -I../Core/Inc -I../Drivers/STM32F4xx_HAL_Driver/Inc -I../Drivers/STM32F4xx_HAL_Driver/Inc/Legacy -I../Drivers/CMSIS/Device/ST/STM32F4xx/Include -I../Drivers/CMSIS/Include -I"C:/Users/minia/Documents/academy/rtos_workspace/workspace/common/ThirdParty/FreeRTOS/include" -I"C:/Users/minia/Documents/academy/rtos_workspace/workspace/common/ThirdParty/FreeRTOS/portable/GCC/ARM_CM4F" -I"C:/Users/minia/Documents/academy/rtos_workspace/workspace/common/ThirdParty/SEGGER/Config" -I"C:/Users/minia/Documents/academy/rtos_workspace/workspace/common/ThirdParty/SEGGER/OS" -I"C:/Users/minia/Documents/academy/rtos_workspace/workspace/common/ThirdParty/SEGGER/SEGGER" -I"C:/Users/minia/Documents/academy/rtos_workspace/workspace/common/inc" -I"C:/Users/minia/Documents/academy/rtos_workspace/workspace/common/ThirdParty/FreeRTOS" -O0 -ffunction-sections -fdata-sections -Wall -fstack-usage -MMD -MP -MF"ThirdParty/SEGGER/OS/SEGGER_SYSVIEW_FreeRTOS.d" -MT"ThirdParty/SEGGER/OS/SEGGER_SYSVIEW_FreeRTOS.o" --specs=nano.specs -mfpu=fpv4-sp-d16 -mfloat-abi=hard -mthumb -o "ThirdParty/SEGGER/OS/SEGGER_SYSVIEW_FreeRTOS.o"
arm-none-eabi-gcc "C:/Users/minia/Documents/academy/rtos_workspace/workspace/common/ThirdParty/SEGGER/Config/SEGGER_SYSVIEW_Config_FreeRTOS.c" -mcpu=cortex-m4 -std=gnu11 -g3 -DDEBUG -DUSE_HAL_DRIVER -DSTM32F407xx -c -I../Core/Inc -I../Drivers/STM32F4xx_HAL_Driver/Inc -I../Drivers/STM32F4xx_HAL_Driver/Inc/Legacy -I../Drivers/CMSIS/Device/ST/STM32F4xx/Include -I../Drivers/CMSIS/Include -I"C:/Users/minia/Documents/academy/rtos_workspace/workspace/common/ThirdParty/FreeRTOS/include" -I"C:/Users/minia/Documents/academy/rtos_workspace/workspace/common/ThirdParty/FreeRTOS/portable/GCC/ARM_CM4F" -I"C:/Users/minia/Documents/academy/rtos_workspace/workspace/common/ThirdParty/SEGGER/Config" -I"C:/Users/minia/Documents/academy/rtos_workspace/workspace/common/ThirdParty/SEGGER/OS" -I"C:/Users/minia/Documents/academy/rtos_workspace/workspace/common/ThirdParty/SEGGER/SEGGER" -I"C:/Users/minia/Documents/academy/rtos_workspace/workspace/common/inc" -I"C:/Users/minia/Documents/academy/rtos_workspace/workspace/common/ThirdParty/FreeRTOS" -O0 -ffunction-sections -fdata-sections -Wall -fstack-usage -MMD -MP -MF"ThirdParty/SEGGER/Config/SEGGER_SYSVIEW_Config_FreeRTOS.d" -MT"ThirdParty/SEGGER/Config/SEGGER_SYSVIEW_Config_FreeRTOS.o" --specs=nano.specs -mfpu=fpv4-sp-d16 -mfloat-abi=hard -mthumb -o "ThirdParty/SEGGER/Config/SEGGER_SYSVIEW_Config_FreeRTOS.o"
arm-none-eabi-gcc "C:/Users/minia/Documents/academy/rtos_workspace/workspace/common/ThirdParty/FreeRTOS/portable/MemMang/heap_4.c" -mcpu=cortex-m4 -std=gnu11 -g3 -DDEBUG -DUSE_HAL_DRIVER -DSTM32F407xx -c -I../Core/Inc -I../Drivers/STM32F4xx_HAL_Driver/Inc -I../Drivers/STM32F4xx_HAL_Driver/Inc/Legacy -I../Drivers/CMSIS/Device/ST/STM32F4xx/Include -I../Drivers/CMSIS/Include -I"C:/Users/minia/Documents/academy/rtos_workspace/workspace/common/ThirdParty/FreeRTOS/include" -I"C:/Users/minia/Documents/academy/rtos_workspace/workspace/common/ThirdParty/FreeRTOS/portable/GCC/ARM_CM4F" -I"C:/Users/minia/Documents/academy/rtos_workspace/workspace/common/ThirdParty/SEGGER/Config" -I"C:/Users/minia/Documents/academy/rtos_workspace/workspace/common/ThirdParty/SEGGER/OS" -I"C:/Users/minia/Documents/academy/rtos_workspace/workspace/common/ThirdParty/SEGGER/SEGGER" -I"C:/Users/minia/Documents/academy/rtos_workspace/workspace/common/inc" -I"C:/Users/minia/Documents/academy/rtos_workspace/workspace/common/ThirdParty/FreeRTOS" -O0 -ffunction-sections -fdata-sections -Wall -fstack-usage -MMD -MP -MF"ThirdParty/FreeRTOS/portable/MemMang/heap_4.d" -MT"ThirdParty/FreeRTOS/portable/MemMang/heap_4.o" --specs=nano.specs -mfpu=fpv4-sp-d16 -mfloat-abi=hard -mthumb -o "ThirdParty/FreeRTOS/portable/MemMang/heap_4.o"
arm-none-eabi-gcc "C:/Users/minia/Documents/academy/rtos_workspace/workspace/common/ThirdParty/FreeRTOS/portable/GCC/ARM_CM4F/port.c" -mcpu=cortex-m4 -std=gnu11 -g3 -DDEBUG -DUSE_HAL_DRIVER -DSTM32F407xx -c -I../Core/Inc -I../Drivers/STM32F4xx_HAL_Driver/Inc -I../Drivers/STM32F4xx_HAL_Driver/Inc/Legacy -I../Drivers/CMSIS/Device/ST/STM32F4xx/Include -I../Drivers/CMSIS/Include -I"C:/Users/minia/Documents/academy/rtos_workspace/workspace/common/ThirdParty/FreeRTOS/include" -I"C:/Users/minia/Documents/academy/rtos_workspace/workspace/common/ThirdParty/FreeRTOS/portable/GCC/ARM_CM4F" -I"C:/Users/minia/Documents/academy/rtos_workspace/workspace/common/ThirdParty/SEGGER/Config" -I"C:/Users/minia/Documents/academy/rtos_workspace/workspace/common/ThirdParty/SEGGER/OS" -I"C:/Users/minia/Documents/academy/rtos_workspace/workspace/common/ThirdParty/SEGGER/SEGGER" -I"C:/Users/minia/Documents/academy/rtos_workspace/workspace/common/inc" -I"C:/Users/minia/Documents/academy/rtos_workspace/workspace/common/ThirdParty/FreeRTOS" -O0 -ffunction-sections -fdata-sections -Wall -fstack-usage -MMD -MP -MF"ThirdParty/FreeRTOS/portable/GCC/ARM_CM4F/port.d" -MT"ThirdParty/FreeRTOS/portable/GCC/ARM_CM4F/port.o" --specs=nano.specs -mfpu=fpv4-sp-d16 -mfloat-abi=hard -mthumb -o "ThirdParty/FreeRTOS/portable/GCC/ARM_CM4F/port.o"
arm-none-eabi-gcc "C:/Users/minia/Documents/academy/rtos_workspace/workspace/common/ThirdParty/FreeRTOS/croutine.c" -mcpu=cortex-m4 -std=gnu11 -g3 -DDEBUG -DUSE_HAL_DRIVER -DSTM32F407xx -c -I../Core/Inc -I../Drivers/STM32F4xx_HAL_Driver/Inc -I../Drivers/STM32F4xx_HAL_Driver/Inc/Legacy -I../Drivers/CMSIS/Device/ST/STM32F4xx/Include -I../Drivers/CMSIS/Include -I"C:/Users/minia/Documents/academy/rtos_workspace/workspace/common/ThirdParty/FreeRTOS/include" -I"C:/Users/minia/Documents/academy/rtos_workspace/workspace/common/ThirdParty/FreeRTOS/portable/GCC/ARM_CM4F" -I"C:/Users/minia/Documents/academy/rtos_workspace/workspace/common/ThirdParty/SEGGER/Config" -I"C:/Users/minia/Documents/academy/rtos_workspace/workspace/common/ThirdParty/SEGGER/OS" -I"C:/Users/minia/Documents/academy/rtos_workspace/workspace/common/ThirdParty/SEGGER/SEGGER" -I"C:/Users/minia/Documents/academy/rtos_workspace/workspace/common/inc" -I"C:/Users/minia/Documents/academy/rtos_workspace/workspace/common/ThirdParty/FreeRTOS" -O0 -ffunction-sections -fdata-sections -Wall -fstack-usage -MMD -MP -MF"ThirdParty/FreeRTOS/croutine.d" -MT"ThirdParty/FreeRTOS/croutine.o" --specs=nano.specs -mfpu=fpv4-sp-d16 -mfloat-abi=hard -mthumb -o "ThirdParty/FreeRTOS/croutine.o"
arm-none-eabi-gcc "C:/Users/minia/Documents/academy/rtos_workspace/workspace/common/ThirdParty/FreeRTOS/event_groups.c" -mcpu=cortex-m4 -std=gnu11 -g3 -DDEBUG -DUSE_HAL_DRIVER -DSTM32F407xx -c -I../Core/Inc -I../Drivers/STM32F4xx_HAL_Driver/Inc -I../Drivers/STM32F4xx_HAL_Driver/Inc/Legacy -I../Drivers/CMSIS/Device/ST/STM32F4xx/Include -I../Drivers/CMSIS/Include -I"C:/Users/minia/Documents/academy/rtos_workspace/workspace/common/ThirdParty/FreeRTOS/include" -I"C:/Users/minia/Documents/academy/rtos_workspace/workspace/common/ThirdParty/FreeRTOS/portable/GCC/ARM_CM4F" -I"C:/Users/minia/Documents/academy/rtos_workspace/workspace/common/ThirdParty/SEGGER/Config" -I"C:/Users/minia/Documents/academy/rtos_workspace/workspace/common/ThirdParty/SEGGER/OS" -I"C:/Users/minia/Documents/academy/rtos_workspace/workspace/common/ThirdParty/SEGGER/SEGGER" -I"C:/Users/minia/Documents/academy/rtos_workspace/workspace/common/inc" -I"C:/Users/minia/Documents/academy/rtos_workspace/workspace/common/ThirdParty/FreeRTOS" -O0 -ffunction-sections -fdata-sections -Wall -fstack-usage -MMD -MP -MF"ThirdParty/FreeRTOS/event_groups.d" -MT"ThirdParty/FreeRTOS/event_groups.o" --specs=nano.specs -mfpu=fpv4-sp-d16 -mfloat-abi=hard -mthumb -o "ThirdParty/FreeRTOS/event_groups.o"
arm-none-eabi-gcc "C:/Users/minia/Documents/academy/rtos_workspace/workspace/common/ThirdParty/FreeRTOS/list.c" -mcpu=cortex-m4 -std=gnu11 -g3 -DDEBUG -DUSE_HAL_DRIVER -DSTM32F407xx -c -I../Core/Inc -I../Drivers/STM32F4xx_HAL_Driver/Inc -I../Drivers/STM32F4xx_HAL_Driver/Inc/Legacy -I../Drivers/CMSIS/Device/ST/STM32F4xx/Include -I../Drivers/CMSIS/Include -I"C:/Users/minia/Documents/academy/rtos_workspace/workspace/common/ThirdParty/FreeRTOS/include" -I"C:/Users/minia/Documents/academy/rtos_workspace/workspace/common/ThirdParty/FreeRTOS/portable/GCC/ARM_CM4F" -I"C:/Users/minia/Documents/academy/rtos_workspace/workspace/common/ThirdParty/SEGGER/Config" -I"C:/Users/minia/Documents/academy/rtos_workspace/workspace/common/ThirdParty/SEGGER/OS" -I"C:/Users/minia/Documents/academy/rtos_workspace/workspace/common/ThirdParty/SEGGER/SEGGER" -I"C:/Users/minia/Documents/academy/rtos_workspace/workspace/common/inc" -I"C:/Users/minia/Documents/academy/rtos_workspace/workspace/common/ThirdParty/FreeRTOS" -O0 -ffunction-sections -fdata-sections -Wall -fstack-usage -MMD -MP -MF"ThirdParty/FreeRTOS/list.d" -MT"ThirdParty/FreeRTOS/list.o" --specs=nano.specs -mfpu=fpv4-sp-d16 -mfloat-abi=hard -mthumb -o "ThirdParty/FreeRTOS/list.o"
arm-none-eabi-gcc "C:/Users/minia/Documents/academy/rtos_workspace/workspace/common/ThirdParty/FreeRTOS/queue.c" -mcpu=cortex-m4 -std=gnu11 -g3 -DDEBUG -DUSE_HAL_DRIVER -DSTM32F407xx -c -I../Core/Inc -I../Drivers/STM32F4xx_HAL_Driver/Inc -I../Drivers/STM32F4xx_HAL_Driver/Inc/Legacy -I../Drivers/CMSIS/Device/ST/STM32F4xx/Include -I../Drivers/CMSIS/Include -I"C:/Users/minia/Documents/academy/rtos_workspace/workspace/common/ThirdParty/FreeRTOS/include" -I"C:/Users/minia/Documents/academy/rtos_workspace/workspace/common/ThirdParty/FreeRTOS/portable/GCC/ARM_CM4F" -I"C:/Users/minia/Documents/academy/rtos_workspace/workspace/common/ThirdParty/SEGGER/Config" -I"C:/Users/minia/Documents/academy/rtos_workspace/workspace/common/ThirdParty/SEGGER/OS" -I"C:/Users/minia/Documents/academy/rtos_workspace/workspace/common/ThirdParty/SEGGER/SEGGER" -I"C:/Users/minia/Documents/academy/rtos_workspace/workspace/common/inc" -I"C:/Users/minia/Documents/academy/rtos_workspace/workspace/common/ThirdParty/FreeRTOS" -O0 -ffunction-sections -fdata-sections -Wall -fstack-usage -MMD -MP -MF"ThirdParty/FreeRTOS/queue.d" -MT"ThirdParty/FreeRTOS/queue.o" --specs=nano.specs -mfpu=fpv4-sp-d16 -mfloat-abi=hard -mthumb -o "ThirdParty/FreeRTOS/queue.o"
arm-none-eabi-gcc "C:/Users/minia/Documents/academy/rtos_workspace/workspace/common/ThirdParty/FreeRTOS/stream_buffer.c" -mcpu=cortex-m4 -std=gnu11 -g3 -DDEBUG -DUSE_HAL_DRIVER -DSTM32F407xx -c -I../Core/Inc -I../Drivers/STM32F4xx_HAL_Driver/Inc -I../Drivers/STM32F4xx_HAL_Driver/Inc/Legacy -I../Drivers/CMSIS/Device/ST/STM32F4xx/Include -I../Drivers/CMSIS/Include -I"C:/Users/minia/Documents/academy/rtos_workspace/workspace/common/ThirdParty/FreeRTOS/include" -I"C:/Users/minia/Documents/academy/rtos_workspace/workspace/common/ThirdParty/FreeRTOS/portable/GCC/ARM_CM4F" -I"C:/Users/minia/Documents/academy/rtos_workspace/workspace/common/ThirdParty/SEGGER/Config" -I"C:/Users/minia/Documents/academy/rtos_workspace/workspace/common/ThirdParty/SEGGER/OS" -I"C:/Users/minia/Documents/academy/rtos_workspace/workspace/common/ThirdParty/SEGGER/SEGGER" -I"C:/Users/minia/Documents/academy/rtos_workspace/workspace/common/inc" -I"C:/Users/minia/Documents/academy/rtos_workspace/workspace/common/ThirdParty/FreeRTOS" -O0 -ffunction-sections -fdata-sections -Wall -fstack-usage -MMD -MP -MF"ThirdParty/FreeRTOS/stream_buffer.d" -MT"ThirdParty/FreeRTOS/stream_buffer.o" --specs=nano.specs -mfpu=fpv4-sp-d16 -mfloat-abi=hard -mthumb -o "ThirdParty/FreeRTOS/stream_buffer.o"
arm-none-eabi-gcc "C:/Users/minia/Documents/academy/rtos_workspace/workspace/common/ThirdParty/FreeRTOS/tasks.c" -mcpu=cortex-m4 -std=gnu11 -g3 -DDEBUG -DUSE_HAL_DRIVER -DSTM32F407xx -c -I../Core/Inc -I../Drivers/STM32F4xx_HAL_Driver/Inc -I../Drivers/STM32F4xx_HAL_Driver/Inc/Legacy -I../Drivers/CMSIS/Device/ST/STM32F4xx/Include -I../Drivers/CMSIS/Include -I"C:/Users/minia/Documents/academy/rtos_workspace/workspace/common/ThirdParty/FreeRTOS/include" -I"C:/Users/minia/Documents/academy/rtos_workspace/workspace/common/ThirdParty/FreeRTOS/portable/GCC/ARM_CM4F" -I"C:/Users/minia/Documents/academy/rtos_workspace/workspace/common/ThirdParty/SEGGER/Config" -I"C:/Users/minia/Documents/academy/rtos_workspace/workspace/common/ThirdParty/SEGGER/OS" -I"C:/Users/minia/Documents/academy/rtos_workspace/workspace/common/ThirdParty/SEGGER/SEGGER" -I"C:/Users/minia/Documents/academy/rtos_workspace/workspace/common/inc" -I"C:/Users/minia/Documents/academy/rtos_workspace/workspace/common/ThirdParty/FreeRTOS" -O0 -ffunction-sections -fdata-sections -Wall -fstack-usage -MMD -MP -MF"ThirdParty/FreeRTOS/tasks.d" -MT"ThirdParty/FreeRTOS/tasks.o" --specs=nano.specs -mfpu=fpv4-sp-d16 -mfloat-abi=hard -mthumb -o "ThirdParty/FreeRTOS/tasks.o"
arm-none-eabi-gcc "C:/Users/minia/Documents/academy/rtos_workspace/workspace/common/ThirdParty/FreeRTOS/timers.c" -mcpu=cortex-m4 -std=gnu11 -g3 -DDEBUG -DUSE_HAL_DRIVER -DSTM32F407xx -c -I../Core/Inc -I../Drivers/STM32F4xx_HAL_Driver/Inc -I../Drivers/STM32F4xx_HAL_Driver/Inc/Legacy -I../Drivers/CMSIS/Device/ST/STM32F4xx/Include -I../Drivers/CMSIS/Include -I"C:/Users/minia/Documents/academy/rtos_workspace/workspace/common/ThirdParty/FreeRTOS/include" -I"C:/Users/minia/Documents/academy/rtos_workspace/workspace/common/ThirdParty/FreeRTOS/portable/GCC/ARM_CM4F" -I"C:/Users/minia/Documents/academy/rtos_workspace/workspace/common/ThirdParty/SEGGER/Config" -I"C:/Users/minia/Documents/academy/rtos_workspace/workspace/common/ThirdParty/SEGGER/OS" -I"C:/Users/minia/Documents/academy/rtos_workspace/workspace/common/ThirdParty/SEGGER/SEGGER" -I"C:/Users/minia/Documents/academy/rtos_workspace/workspace/common/inc" -I"C:/Users/minia/Documents/academy/rtos_workspace/workspace/common/ThirdParty/FreeRTOS" -O0 -ffunction-sections -fdata-sections -Wall -fstack-usage -MMD -MP -MF"ThirdParty/FreeRTOS/timers.d" -MT"ThirdParty/FreeRTOS/timers.o" --specs=nano.specs -mfpu=fpv4-sp-d16 -mfloat-abi=hard -mthumb -o "ThirdParty/FreeRTOS/timers.o"
arm-none-eabi-gcc "../Drivers/STM32F4xx_HAL_Driver/Src/stm32f4xx_hal.c" -mcpu=cortex-m4 -std=gnu11 -g3 -DDEBUG -DUSE_HAL_DRIVER -DSTM32F407xx -c -I../Core/Inc -I../Drivers/STM32F4xx_HAL_Driver/Inc -I../Drivers/STM32F4xx_HAL_Driver/Inc/Legacy -I../Drivers/CMSIS/Device/ST/STM32F4xx/Include -I../Drivers/CMSIS/Include -I"C:/Users/minia/Documents/academy/rtos_workspace/workspace/common/ThirdParty/FreeRTOS/include" -I"C:/Users/minia/Documents/academy/rtos_workspace/workspace/common/ThirdParty/FreeRTOS/portable/GCC/ARM_CM4F" -I"C:/Users/minia/Documents/academy/rtos_workspace/workspace/common/ThirdParty/SEGGER/Config" -I"C:/Users/minia/Documents/academy/rtos_workspace/workspace/common/ThirdParty/SEGGER/OS" -I"C:/Users/minia/Documents/academy/rtos_workspace/workspace/common/ThirdParty/SEGGER/SEGGER" -I"C:/Users/minia/Documents/academy/rtos_workspace/workspace/common/inc" -I"C:/Users/minia/Documents/academy/rtos_workspace/workspace/common/ThirdParty/FreeRTOS" -O0 -ffunction-sections -fdata-sections -Wall -fstack-usage -MMD -MP -MF"Drivers/STM32F4xx_HAL_Driver/Src/stm32f4xx_hal.d" -MT"Drivers/STM32F4xx_HAL_Driver/Src/stm32f4xx_hal.o" --specs=nano.specs -mfpu=fpv4-sp-d16 -mfloat-abi=hard -mthumb -o "Drivers/STM32F4xx_HAL_Driver/Src/stm32f4xx_hal.o"
arm-none-eabi-gcc "../Drivers/STM32F4xx_HAL_Driver/Src/stm32f4xx_hal_cortex.c" -mcpu=cortex-m4 -std=gnu11 -g3 -DDEBUG -DUSE_HAL_DRIVER -DSTM32F407xx -c -I../Core/Inc -I../Drivers/STM32F4xx_HAL_Driver/Inc -I../Drivers/STM32F4xx_HAL_Driver/Inc/Legacy -I../Drivers/CMSIS/Device/ST/STM32F4xx/Include -I../Drivers/CMSIS/Include -I"C:/Users/minia/Documents/academy/rtos_workspace/workspace/common/ThirdParty/FreeRTOS/include" -I"C:/Users/minia/Documents/academy/rtos_workspace/workspace/common/ThirdParty/FreeRTOS/portable/GCC/ARM_CM4F" -I"C:/Users/minia/Documents/academy/rtos_workspace/workspace/common/ThirdParty/SEGGER/Config" -I"C:/Users/minia/Documents/academy/rtos_workspace/workspace/common/ThirdParty/SEGGER/OS" -I"C:/Users/minia/Documents/academy/rtos_workspace/workspace/common/ThirdParty/SEGGER/SEGGER" -I"C:/Users/minia/Documents/academy/rtos_workspace/workspace/common/inc" -I"C:/Users/minia/Documents/academy/rtos_workspace/workspace/common/ThirdParty/FreeRTOS" -O0 -ffunction-sections -fdata-sections -Wall -fstack-usage -MMD -MP -MF"Drivers/STM32F4xx_HAL_Driver/Src/stm32f4xx_hal_cortex.d" -MT"Drivers/STM32F4xx_HAL_Driver/Src/stm32f4xx_hal_cortex.o" --specs=nano.specs -mfpu=fpv4-sp-d16 -mfloat-abi=hard -mthumb -o "Drivers/STM32F4xx_HAL_Driver/Src/stm32f4xx_hal_cortex.o"
arm-none-eabi-gcc "../Drivers/STM32F4xx_HAL_Driver/Src/stm32f4xx_hal_dma.c" -mcpu=cortex-m4 -std=gnu11 -g3 -DDEBUG -DUSE_HAL_DRIVER -DSTM32F407xx -c -I../Core/Inc -I../Drivers/STM32F4xx_HAL_Driver/Inc -I../Drivers/STM32F4xx_HAL_Driver/Inc/Legacy -I../Drivers/CMSIS/Device/ST/STM32F4xx/Include -I../Drivers/CMSIS/Include -I"C:/Users/minia/Documents/academy/rtos_workspace/workspace/common/ThirdParty/FreeRTOS/include" -I"C:/Users/minia/Documents/academy/rtos_workspace/workspace/common/ThirdParty/FreeRTOS/portable/GCC/ARM_CM4F" -I"C:/Users/minia/Documents/academy/rtos_workspace/workspace/common/ThirdParty/SEGGER/Config" -I"C:/Users/minia/Documents/academy/rtos_workspace/workspace/common/ThirdParty/SEGGER/OS" -I"C:/Users/minia/Documents/academy/rtos_workspace/workspace/common/ThirdParty/SEGGER/SEGGER" -I"C:/Users/minia/Documents/academy/rtos_workspace/workspace/common/inc" -I"C:/Users/minia/Documents/academy/rtos_workspace/workspace/common/ThirdParty/FreeRTOS" -O0 -ffunction-sections -fdata-sections -Wall -fstack-usage -MMD -MP -MF"Drivers/STM32F4xx_HAL_Driver/Src/stm32f4xx_hal_dma.d" -MT"Drivers/STM32F4xx_HAL_Driver/Src/stm32f4xx_hal_dma.o" --specs=nano.specs -mfpu=fpv4-sp-d16 -mfloat-abi=hard -mthumb -o "Drivers/STM32F4xx_HAL_Driver/Src/stm32f4xx_hal_dma.o"
arm-none-eabi-gcc "../Drivers/STM32F4xx_HAL_Driver/Src/stm32f4xx_hal_dma_ex.c" -mcpu=cortex-m4 -std=gnu11 -g3 -DDEBUG -DUSE_HAL_DRIVER -DSTM32F407xx -c -I../Core/Inc -I../Drivers/STM32F4xx_HAL_Driver/Inc -I../Drivers/STM32F4xx_HAL_Driver/Inc/Legacy -I../Drivers/CMSIS/Device/ST/STM32F4xx/Include -I../Drivers/CMSIS/Include -I"C:/Users/minia/Documents/academy/rtos_workspace/workspace/common/ThirdParty/FreeRTOS/include" -I"C:/Users/minia/Documents/academy/rtos_workspace/workspace/common/ThirdParty/FreeRTOS/portable/GCC/ARM_CM4F" -I"C:/Users/minia/Documents/academy/rtos_workspace/workspace/common/ThirdParty/SEGGER/Config" -I"C:/Users/minia/Documents/academy/rtos_workspace/workspace/common/ThirdParty/SEGGER/OS" -I"C:/Users/minia/Documents/academy/rtos_workspace/workspace/common/ThirdParty/SEGGER/SEGGER" -I"C:/Users/minia/Documents/academy/rtos_workspace/workspace/common/inc" -I"C:/Users/minia/Documents/academy/rtos_workspace/workspace/common/ThirdParty/FreeRTOS" -O0 -ffunction-sections -fdata-sections -Wall -fstack-usage -MMD -MP -MF"Drivers/STM32F4xx_HAL_Driver/Src/stm32f4xx_hal_dma_ex.d" -MT"Drivers/STM32F4xx_HAL_Driver/Src/stm32f4xx_hal_dma_ex.o" --specs=nano.specs -mfpu=fpv4-sp-d16 -mfloat-abi=hard -mthumb -o "Drivers/STM32F4xx_HAL_Driver/Src/stm32f4xx_hal_dma_ex.o"
arm-none-eabi-gcc "../Drivers/STM32F4xx_HAL_Driver/Src/stm32f4xx_hal_exti.c" -mcpu=cortex-m4 -std=gnu11 -g3 -DDEBUG -DUSE_HAL_DRIVER -DSTM32F407xx -c -I../Core/Inc -I../Drivers/STM32F4xx_HAL_Driver/Inc -I../Drivers/STM32F4xx_HAL_Driver/Inc/Legacy -I../Drivers/CMSIS/Device/ST/STM32F4xx/Include -I../Drivers/CMSIS/Include -I"C:/Users/minia/Documents/academy/rtos_workspace/workspace/common/ThirdParty/FreeRTOS/include" -I"C:/Users/minia/Documents/academy/rtos_workspace/workspace/common/ThirdParty/FreeRTOS/portable/GCC/ARM_CM4F" -I"C:/Users/minia/Documents/academy/rtos_workspace/workspace/common/ThirdParty/SEGGER/Config" -I"C:/Users/minia/Documents/academy/rtos_workspace/workspace/common/ThirdParty/SEGGER/OS" -I"C:/Users/minia/Documents/academy/rtos_workspace/workspace/common/ThirdParty/SEGGER/SEGGER" -I"C:/Users/minia/Documents/academy/rtos_workspace/workspace/common/inc" -I"C:/Users/minia/Documents/academy/rtos_workspace/workspace/common/ThirdParty/FreeRTOS" -O0 -ffunction-sections -fdata-sections -Wall -fstack-usage -MMD -MP -MF"Drivers/STM32F4xx_HAL_Driver/Src/stm32f4xx_hal_exti.d" -MT"Drivers/STM32F4xx_HAL_Driver/Src/stm32f4xx_hal_exti.o" --specs=nano.specs -mfpu=fpv4-sp-d16 -mfloat-abi=hard -mthumb -o "Drivers/STM32F4xx_HAL_Driver/Src/stm32f4xx_hal_exti.o"
arm-none-eabi-gcc "../Drivers/STM32F4xx_HAL_Driver/Src/stm32f4xx_hal_flash.c" -mcpu=cortex-m4 -std=gnu11 -g3 -DDEBUG -DUSE_HAL_DRIVER -DSTM32F407xx -c -I../Core/Inc -I../Drivers/STM32F4xx_HAL_Driver/Inc -I../Drivers/STM32F4xx_HAL_Driver/Inc/Legacy -I../Drivers/CMSIS/Device/ST/STM32F4xx/Include -I../Drivers/CMSIS/Include -I"C:/Users/minia/Documents/academy/rtos_workspace/workspace/common/ThirdParty/FreeRTOS/include" -I"C:/Users/minia/Documents/academy/rtos_workspace/workspace/common/ThirdParty/FreeRTOS/portable/GCC/ARM_CM4F" -I"C:/Users/minia/Documents/academy/rtos_workspace/workspace/common/ThirdParty/SEGGER/Config" -I"C:/Users/minia/Documents/academy/rtos_workspace/workspace/common/ThirdParty/SEGGER/OS" -I"C:/Users/minia/Documents/academy/rtos_workspace/workspace/common/ThirdParty/SEGGER/SEGGER" -I"C:/Users/minia/Documents/academy/rtos_workspace/workspace/common/inc" -I"C:/Users/minia/Documents/academy/rtos_workspace/workspace/common/ThirdParty/FreeRTOS" -O0 -ffunction-sections -fdata-sections -Wall -fstack-usage -MMD -MP -MF"Drivers/STM32F4xx_HAL_Driver/Src/stm32f4xx_hal_flash.d" -MT"Drivers/STM32F4xx_HAL_Driver/Src/stm32f4xx_hal_flash.o" --specs=nano.specs -mfpu=fpv4-sp-d16 -mfloat-abi=hard -mthumb -o "Drivers/STM32F4xx_HAL_Driver/Src/stm32f4xx_hal_flash.o"
arm-none-eabi-gcc "../Drivers/STM32F4xx_HAL_Driver/Src/stm32f4xx_hal_flash_ex.c" -mcpu=cortex-m4 -std=gnu11 -g3 -DDEBUG -DUSE_HAL_DRIVER -DSTM32F407xx -c -I../Core/Inc -I../Drivers/STM32F4xx_HAL_Driver/Inc -I../Drivers/STM32F4xx_HAL_Driver/Inc/Legacy -I../Drivers/CMSIS/Device/ST/STM32F4xx/Include -I../Drivers/CMSIS/Include -I"C:/Users/minia/Documents/academy/rtos_workspace/workspace/common/ThirdParty/FreeRTOS/include" -I"C:/Users/minia/Documents/academy/rtos_workspace/workspace/common/ThirdParty/FreeRTOS/portable/GCC/ARM_CM4F" -I"C:/Users/minia/Documents/academy/rtos_workspace/workspace/common/ThirdParty/SEGGER/Config" -I"C:/Users/minia/Documents/academy/rtos_workspace/workspace/common/ThirdParty/SEGGER/OS" -I"C:/Users/minia/Documents/academy/rtos_workspace/workspace/common/ThirdParty/SEGGER/SEGGER" -I"C:/Users/minia/Documents/academy/rtos_workspace/workspace/common/inc" -I"C:/Users/minia/Documents/academy/rtos_workspace/workspace/common/ThirdParty/FreeRTOS" -O0 -ffunction-sections -fdata-sections -Wall -fstack-usage -MMD -MP -MF"Drivers/STM32F4xx_HAL_Driver/Src/stm32f4xx_hal_flash_ex.d" -MT"Drivers/STM32F4xx_HAL_Driver/Src/stm32f4xx_hal_flash_ex.o" --specs=nano.specs -mfpu=fpv4-sp-d16 -mfloat-abi=hard -mthumb -o "Drivers/STM32F4xx_HAL_Driver/Src/stm32f4xx_hal_flash_ex.o"
arm-none-eabi-gcc "../Drivers/STM32F4xx_HAL_Driver/Src/stm32f4xx_hal_flash_ramfunc.c" -mcpu=cortex-m4 -std=gnu11 -g3 -DDEBUG -DUSE_HAL_DRIVER -DSTM32F407xx -c -I../Core/Inc -I../Drivers/STM32F4xx_HAL_Driver/Inc -I../Drivers/STM32F4xx_HAL_Driver/Inc/Legacy -I../Drivers/CMSIS/Device/ST/STM32F4xx/Include -I../Drivers/CMSIS/Include -I"C:/Users/minia/Documents/academy/rtos_workspace/workspace/common/ThirdParty/FreeRTOS/include" -I"C:/Users/minia/Documents/academy/rtos_workspace/workspace/common/ThirdParty/FreeRTOS/portable/GCC/ARM_CM4F" -I"C:/Users/minia/Documents/academy/rtos_workspace/workspace/common/ThirdParty/SEGGER/Config" -I"C:/Users/minia/Documents/academy/rtos_workspace/workspace/common/ThirdParty/SEGGER/OS" -I"C:/Users/minia/Documents/academy/rtos_workspace/workspace/common/ThirdParty/SEGGER/SEGGER" -I"C:/Users/minia/Documents/academy/rtos_workspace/workspace/common/inc" -I"C:/Users/minia/Documents/academy/rtos_workspace/workspace/common/ThirdParty/FreeRTOS" -O0 -ffunction-sections -fdata-sections -Wall -fstack-usage -MMD -MP -MF"Drivers/STM32F4xx_HAL_Driver/Src/stm32f4xx_hal_flash_ramfunc.d" -MT"Drivers/STM32F4xx_HAL_Driver/Src/stm32f4xx_hal_flash_ramfunc.o" --specs=nano.specs -mfpu=fpv4-sp-d16 -mfloat-abi=hard -mthumb -o "Drivers/STM32F4xx_HAL_Driver/Src/stm32f4xx_hal_flash_ramfunc.o"
arm-none-eabi-gcc "../Drivers/STM32F4xx_HAL_Driver/Src/stm32f4xx_hal_gpio.c" -mcpu=cortex-m4 -std=gnu11 -g3 -DDEBUG -DUSE_HAL_DRIVER -DSTM32F407xx -c -I../Core/Inc -I../Drivers/STM32F4xx_HAL_Driver/Inc -I../Drivers/STM32F4xx_HAL_Driver/Inc/Legacy -I../Drivers/CMSIS/Device/ST/STM32F4xx/Include -I../Drivers/CMSIS/Include -I"C:/Users/minia/Documents/academy/rtos_workspace/workspace/common/ThirdParty/FreeRTOS/include" -I"C:/Users/minia/Documents/academy/rtos_workspace/workspace/common/ThirdParty/FreeRTOS/portable/GCC/ARM_CM4F" -I"C:/Users/minia/Documents/academy/rtos_workspace/workspace/common/ThirdParty/SEGGER/Config" -I"C:/Users/minia/Documents/academy/rtos_workspace/workspace/common/ThirdParty/SEGGER/OS" -I"C:/Users/minia/Documents/academy/rtos_workspace/workspace/common/ThirdParty/SEGGER/SEGGER" -I"C:/Users/minia/Documents/academy/rtos_workspace/workspace/common/inc" -I"C:/Users/minia/Documents/academy/rtos_workspace/workspace/common/ThirdParty/FreeRTOS" -O0 -ffunction-sections -fdata-sections -Wall -fstack-usage -MMD -MP -MF"Drivers/STM32F4xx_HAL_Driver/Src/stm32f4xx_hal_gpio.d" -MT"Drivers/STM32F4xx_HAL_Driver/Src/stm32f4xx_hal_gpio.o" --specs=nano.specs -mfpu=fpv4-sp-d16 -mfloat-abi=hard -mthumb -o "Drivers/STM32F4xx_HAL_Driver/Src/stm32f4xx_hal_gpio.o"
arm-none-eabi-gcc "../Drivers/STM32F4xx_HAL_Driver/Src/stm32f4xx_hal_pwr.c" -mcpu=cortex-m4 -std=gnu11 -g3 -DDEBUG -DUSE_HAL_DRIVER -DSTM32F407xx -c -I../Core/Inc -I../Drivers/STM32F4xx_HAL_Driver/Inc -I../Drivers/STM32F4xx_HAL_Driver/Inc/Legacy -I../Drivers/CMSIS/Device/ST/STM32F4xx/Include -I../Drivers/CMSIS/Include -I"C:/Users/minia/Documents/academy/rtos_workspace/workspace/common/ThirdParty/FreeRTOS/include" -I"C:/Users/minia/Documents/academy/rtos_workspace/workspace/common/ThirdParty/FreeRTOS/portable/GCC/ARM_CM4F" -I"C:/Users/minia/Documents/academy/rtos_workspace/workspace/common/ThirdParty/SEGGER/Config" -I"C:/Users/minia/Documents/academy/rtos_workspace/workspace/common/ThirdParty/SEGGER/OS" -I"C:/Users/minia/Documents/academy/rtos_workspace/workspace/common/ThirdParty/SEGGER/SEGGER" -I"C:/Users/minia/Documents/academy/rtos_workspace/workspace/common/inc" -I"C:/Users/minia/Documents/academy/rtos_workspace/workspace/common/ThirdParty/FreeRTOS" -O0 -ffunction-sections -fdata-sections -Wall -fstack-usage -MMD -MP -MF"Drivers/STM32F4xx_HAL_Driver/Src/stm32f4xx_hal_pwr.d" -MT"Drivers/STM32F4xx_HAL_Driver/Src/stm32f4xx_hal_pwr.o" --specs=nano.specs -mfpu=fpv4-sp-d16 -mfloat-abi=hard -mthumb -o "Drivers/STM32F4xx_HAL_Driver/Src/stm32f4xx_hal_pwr.o"
arm-none-eabi-gcc "../Drivers/STM32F4xx_HAL_Driver/Src/stm32f4xx_hal_pwr_ex.c" -mcpu=cortex-m4 -std=gnu11 -g3 -DDEBUG -DUSE_HAL_DRIVER -DSTM32F407xx -c -I../Core/Inc -I../Drivers/STM32F4xx_HAL_Driver/Inc -I../Drivers/STM32F4xx_HAL_Driver/Inc/Legacy -I../Drivers/CMSIS/Device/ST/STM32F4xx/Include -I../Drivers/CMSIS/Include -I"C:/Users/minia/Documents/academy/rtos_workspace/workspace/common/ThirdParty/FreeRTOS/include" -I"C:/Users/minia/Documents/academy/rtos_workspace/workspace/common/ThirdParty/FreeRTOS/portable/GCC/ARM_CM4F" -I"C:/Users/minia/Documents/academy/rtos_workspace/workspace/common/ThirdParty/SEGGER/Config" -I"C:/Users/minia/Documents/academy/rtos_workspace/workspace/common/ThirdParty/SEGGER/OS" -I"C:/Users/minia/Documents/academy/rtos_workspace/workspace/common/ThirdParty/SEGGER/SEGGER" -I"C:/Users/minia/Documents/academy/rtos_workspace/workspace/common/inc" -I"C:/Users/minia/Documents/academy/rtos_workspace/workspace/common/ThirdParty/FreeRTOS" -O0 -ffunction-sections -fdata-sections -Wall -fstack-usage -MMD -MP -MF"Drivers/STM32F4xx_HAL_Driver/Src/stm32f4xx_hal_pwr_ex.d" -MT"Drivers/STM32F4xx_HAL_Driver/Src/stm32f4xx_hal_pwr_ex.o" --specs=nano.specs -mfpu=fpv4-sp-d16 -mfloat-abi=hard -mthumb -o "Drivers/STM32F4xx_HAL_Driver/Src/stm32f4xx_hal_pwr_ex.o"
arm-none-eabi-gcc "../Drivers/STM32F4xx_HAL_Driver/Src/stm32f4xx_hal_rcc.c" -mcpu=cortex-m4 -std=gnu11 -g3 -DDEBUG -DUSE_HAL_DRIVER -DSTM32F407xx -c -I../Core/Inc -I../Drivers/STM32F4xx_HAL_Driver/Inc -I../Drivers/STM32F4xx_HAL_Driver/Inc/Legacy -I../Drivers/CMSIS/Device/ST/STM32F4xx/Include -I../Drivers/CMSIS/Include -I"C:/Users/minia/Documents/academy/rtos_workspace/workspace/common/ThirdParty/FreeRTOS/include" -I"C:/Users/minia/Documents/academy/rtos_workspace/workspace/common/ThirdParty/FreeRTOS/portable/GCC/ARM_CM4F" -I"C:/Users/minia/Documents/academy/rtos_workspace/workspace/common/ThirdParty/SEGGER/Config" -I"C:/Users/minia/Documents/academy/rtos_workspace/workspace/common/ThirdParty/SEGGER/OS" -I"C:/Users/minia/Documents/academy/rtos_workspace/workspace/common/ThirdParty/SEGGER/SEGGER" -I"C:/Users/minia/Documents/academy/rtos_workspace/workspace/common/inc" -I"C:/Users/minia/Documents/academy/rtos_workspace/workspace/common/ThirdParty/FreeRTOS" -O0 -ffunction-sections -fdata-sections -Wall -fstack-usage -MMD -MP -MF"Drivers/STM32F4xx_HAL_Driver/Src/stm32f4xx_hal_rcc.d" -MT"Drivers/STM32F4xx_HAL_Driver/Src/stm32f4xx_hal_rcc.o" --specs=nano.specs -mfpu=fpv4-sp-d16 -mfloat-abi=hard -mthumb -o "Drivers/STM32F4xx_HAL_Driver/Src/stm32f4xx_hal_rcc.o"
arm-none-eabi-gcc "../Drivers/STM32F4xx_HAL_Driver/Src/stm32f4xx_hal_rcc_ex.c" -mcpu=cortex-m4 -std=gnu11 -g3 -DDEBUG -DUSE_HAL_DRIVER -DSTM32F407xx -c -I../Core/Inc -I../Drivers/STM32F4xx_HAL_Driver/Inc -I../Drivers/STM32F4xx_HAL_Driver/Inc/Legacy -I../Drivers/CMSIS/Device/ST/STM32F4xx/Include -I../Drivers/CMSIS/Include -I"C:/Users/minia/Documents/academy/rtos_workspace/workspace/common/ThirdParty/FreeRTOS/include" -I"C:/Users/minia/Documents/academy/rtos_workspace/workspace/common/ThirdParty/FreeRTOS/portable/GCC/ARM_CM4F" -I"C:/Users/minia/Documents/academy/rtos_workspace/workspace/common/ThirdParty/SEGGER/Config" -I"C:/Users/minia/Documents/academy/rtos_workspace/workspace/common/ThirdParty/SEGGER/OS" -I"C:/Users/minia/Documents/academy/rtos_workspace/workspace/common/ThirdParty/SEGGER/SEGGER" -I"C:/Users/minia/Documents/academy/rtos_workspace/workspace/common/inc" -I"C:/Users/minia/Documents/academy/rtos_workspace/workspace/common/ThirdParty/FreeRTOS" -O0 -ffunction-sections -fdata-sections -Wall -fstack-usage -MMD -MP -MF"Drivers/STM32F4xx_HAL_Driver/Src/stm32f4xx_hal_rcc_ex.d" -MT"Drivers/STM32F4xx_HAL_Driver/Src/stm32f4xx_hal_rcc_ex.o" --specs=nano.specs -mfpu=fpv4-sp-d16 -mfloat-abi=hard -mthumb -o "Drivers/STM32F4xx_HAL_Driver/Src/stm32f4xx_hal_rcc_ex.o"
arm-none-eabi-gcc "../Drivers/STM32F4xx_HAL_Driver/Src/stm32f4xx_hal_tim.c" -mcpu=cortex-m4 -std=gnu11 -g3 -DDEBUG -DUSE_HAL_DRIVER -DSTM32F407xx -c -I../Core/Inc -I../Drivers/STM32F4xx_HAL_Driver/Inc -I../Drivers/STM32F4xx_HAL_Driver/Inc/Legacy -I../Drivers/CMSIS/Device/ST/STM32F4xx/Include -I../Drivers/CMSIS/Include -I"C:/Users/minia/Documents/academy/rtos_workspace/workspace/common/ThirdParty/FreeRTOS/include" -I"C:/Users/minia/Documents/academy/rtos_workspace/workspace/common/ThirdParty/FreeRTOS/portable/GCC/ARM_CM4F" -I"C:/Users/minia/Documents/academy/rtos_workspace/workspace/common/ThirdParty/SEGGER/Config" -I"C:/Users/minia/Documents/academy/rtos_workspace/workspace/common/ThirdParty/SEGGER/OS" -I"C:/Users/minia/Documents/academy/rtos_workspace/workspace/common/ThirdParty/SEGGER/SEGGER" -I"C:/Users/minia/Documents/academy/rtos_workspace/workspace/common/inc" -I"C:/Users/minia/Documents/academy/rtos_workspace/workspace/common/ThirdParty/FreeRTOS" -O0 -ffunction-sections -fdata-sections -Wall -fstack-usage -MMD -MP -MF"Drivers/STM32F4xx_HAL_Driver/Src/stm32f4xx_hal_tim.d" -MT"Drivers/STM32F4xx_HAL_Driver/Src/stm32f4xx_hal_tim.o" --specs=nano.specs -mfpu=fpv4-sp-d16 -mfloat-abi=hard -mthumb -o "Drivers/STM32F4xx_HAL_Driver/Src/stm32f4xx_hal_tim.o"
arm-none-eabi-gcc "../Drivers/STM32F4xx_HAL_Driver/Src/stm32f4xx_hal_tim_ex.c" -mcpu=cortex-m4 -std=gnu11 -g3 -DDEBUG -DUSE_HAL_DRIVER -DSTM32F407xx -c -I../Core/Inc -I../Drivers/STM32F4xx_HAL_Driver/Inc -I../Drivers/STM32F4xx_HAL_Driver/Inc/Legacy -I../Drivers/CMSIS/Device/ST/STM32F4xx/Include -I../Drivers/CMSIS/Include -I"C:/Users/minia/Documents/academy/rtos_workspace/workspace/common/ThirdParty/FreeRTOS/include" -I"C:/Users/minia/Documents/academy/rtos_workspace/workspace/common/ThirdParty/FreeRTOS/portable/GCC/ARM_CM4F" -I"C:/Users/minia/Documents/academy/rtos_workspace/workspace/common/ThirdParty/SEGGER/Config" -I"C:/Users/minia/Documents/academy/rtos_workspace/workspace/common/ThirdParty/SEGGER/OS" -I"C:/Users/minia/Documents/academy/rtos_workspace/workspace/common/ThirdParty/SEGGER/SEGGER" -I"C:/Users/minia/Documents/academy/rtos_workspace/workspace/common/inc" -I"C:/Users/minia/Documents/academy/rtos_workspace/workspace/common/ThirdParty/FreeRTOS" -O0 -ffunction-sections -fdata-sections -Wall -fstack-usage -MMD -MP -MF"Drivers/STM32F4xx_HAL_Driver/Src/stm32f4xx_hal_tim_ex.d" -MT"Drivers/STM32F4xx_HAL_Driver/Src/stm32f4xx_hal_tim_ex.o" --specs=nano.specs -mfpu=fpv4-sp-d16 -mfloat-abi=hard -mthumb -o "Drivers/STM32F4xx_HAL_Driver/Src/stm32f4xx_hal_tim_ex.o"
arm-none-eabi-gcc "../Drivers/STM32F4xx_HAL_Driver/Src/stm32f4xx_hal_uart.c" -mcpu=cortex-m4 -std=gnu11 -g3 -DDEBUG -DUSE_HAL_DRIVER -DSTM32F407xx -c -I../Core/Inc -I../Drivers/STM32F4xx_HAL_Driver/Inc -I../Drivers/STM32F4xx_HAL_Driver/Inc/Legacy -I../Drivers/CMSIS/Device/ST/STM32F4xx/Include -I../Drivers/CMSIS/Include -I"C:/Users/minia/Documents/academy/rtos_workspace/workspace/common/ThirdParty/FreeRTOS/include" -I"C:/Users/minia/Documents/academy/rtos_workspace/workspace/common/ThirdParty/FreeRTOS/portable/GCC/ARM_CM4F" -I"C:/Users/minia/Documents/academy/rtos_workspace/workspace/common/ThirdParty/SEGGER/Config" -I"C:/Users/minia/Documents/academy/rtos_workspace/workspace/common/ThirdParty/SEGGER/OS" -I"C:/Users/minia/Documents/academy/rtos_workspace/workspace/common/ThirdParty/SEGGER/SEGGER" -I"C:/Users/minia/Documents/academy/rtos_workspace/workspace/common/inc" -I"C:/Users/minia/Documents/academy/rtos_workspace/workspace/common/ThirdParty/FreeRTOS" -O0 -ffunction-sections -fdata-sections -Wall -fstack-usage -MMD -MP -MF"Drivers/STM32F4xx_HAL_Driver/Src/stm32f4xx_hal_uart.d" -MT"Drivers/STM32F4xx_HAL_Driver/Src/stm32f4xx_hal_uart.o" --specs=nano.specs -mfpu=fpv4-sp-d16 -mfloat-abi=hard -mthumb -o "Drivers/STM32F4xx_HAL_Driver/Src/stm32f4xx_hal_uart.o"
arm-none-eabi-gcc -mcpu=cortex-m4 -g3 -c -I"C:/Users/minia/Documents/academy/rtos_workspace/workspace/common/ThirdParty/SEGGER/Config" -I"C:/Users/minia/Documents/academy/rtos_workspace/workspace/common/ThirdParty/SEGGER/SEGGER" -x assembler-with-cpp -MMD -MP -MF"Core/Startup/startup_stm32f407igtx.d" -MT"Core/Startup/startup_stm32f407igtx.o" --specs=nano.specs -mfpu=fpv4-sp-d16 -mfloat-abi=hard -mthumb -o "Core/Startup/startup_stm32f407igtx.o" "../Core/Startup/startup_stm32f407igtx.s"
arm-none-eabi-gcc "../Core/Src/main.c" -mcpu=cortex-m4 -std=gnu11 -g3 -DDEBUG -DUSE_HAL_DRIVER -DSTM32F407xx -c -I../Core/Inc -I../Drivers/STM32F4xx_HAL_Driver/Inc -I../Drivers/STM32F4xx_HAL_Driver/Inc/Legacy -I../Drivers/CMSIS/Device/ST/STM32F4xx/Include -I../Drivers/CMSIS/Include -I"C:/Users/minia/Documents/academy/rtos_workspace/workspace/common/ThirdParty/FreeRTOS/include" -I"C:/Users/minia/Documents/academy/rtos_workspace/workspace/common/ThirdParty/FreeRTOS/portable/GCC/ARM_CM4F" -I"C:/Users/minia/Documents/academy/rtos_workspace/workspace/common/ThirdParty/SEGGER/Config" -I"C:/Users/minia/Documents/academy/rtos_workspace/workspace/common/ThirdParty/SEGGER/OS" -I"C:/Users/minia/Documents/academy/rtos_workspace/workspace/common/ThirdParty/SEGGER/SEGGER" -I"C:/Users/minia/Documents/academy/rtos_workspace/workspace/common/inc" -I"C:/Users/minia/Documents/academy/rtos_workspace/workspace/common/ThirdParty/FreeRTOS" -O0 -ffunction-sections -fdata-sections -Wall -fstack-usage -MMD -MP -MF"Core/Src/main.d" -MT"Core/Src/main.o" --specs=nano.specs -mfpu=fpv4-sp-d16 -mfloat-abi=hard -mthumb -o "Core/Src/main.o"
arm-none-eabi-gcc "../Core/Src/stm32f4xx_hal_msp.c" -mcpu=cortex-m4 -std=gnu11 -g3 -DDEBUG -DUSE_HAL_DRIVER -DSTM32F407xx -c -I../Core/Inc -I../Drivers/STM32F4xx_HAL_Driver/Inc -I../Drivers/STM32F4xx_HAL_Driver/Inc/Legacy -I../Drivers/CMSIS/Device/ST/STM32F4xx/Include -I../Drivers/CMSIS/Include -I"C:/Users/minia/Documents/academy/rtos_workspace/workspace/common/ThirdParty/FreeRTOS/include" -I"C:/Users/minia/Documents/academy/rtos_workspace/workspace/common/ThirdParty/FreeRTOS/portable/GCC/ARM_CM4F" -I"C:/Users/minia/Documents/academy/rtos_workspace/workspace/common/ThirdParty/SEGGER/Config" -I"C:/Users/minia/Documents/academy/rtos_workspace/workspace/common/ThirdParty/SEGGER/OS" -I"C:/Users/minia/Documents/academy/rtos_workspace/workspace/common/ThirdParty/SEGGER/SEGGER" -I"C:/Users/minia/Documents/academy/rtos_workspace/workspace/common/inc" -I"C:/Users/minia/Documents/academy/rtos_workspace/workspace/common/ThirdParty/FreeRTOS" -O0 -ffunction-sections -fdata-sections -Wall -fstack-usage -MMD -MP -MF"Core/Src/stm32f4xx_hal_msp.d" -MT"Core/Src/stm32f4xx_hal_msp.o" --specs=nano.specs -mfpu=fpv4-sp-d16 -mfloat-abi=hard -mthumb -o "Core/Src/stm32f4xx_hal_msp.o"
arm-none-eabi-gcc "../Core/Src/stm32f4xx_hal_timebase_tim.c" -mcpu=cortex-m4 -std=gnu11 -g3 -DDEBUG -DUSE_HAL_DRIVER -DSTM32F407xx -c -I../Core/Inc -I../Drivers/STM32F4xx_HAL_Driver/Inc -I../Drivers/STM32F4xx_HAL_Driver/Inc/Legacy -I../Drivers/CMSIS/Device/ST/STM32F4xx/Include -I../Drivers/CMSIS/Include -I"C:/Users/minia/Documents/academy/rtos_workspace/workspace/common/ThirdParty/FreeRTOS/include" -I"C:/Users/minia/Documents/academy/rtos_workspace/workspace/common/ThirdParty/FreeRTOS/portable/GCC/ARM_CM4F" -I"C:/Users/minia/Documents/academy/rtos_workspace/workspace/common/ThirdParty/SEGGER/Config" -I"C:/Users/minia/Documents/academy/rtos_workspace/workspace/common/ThirdParty/SEGGER/OS" -I"C:/Users/minia/Documents/academy/rtos_workspace/workspace/common/ThirdParty/SEGGER/SEGGER" -I"C:/Users/minia/Documents/academy/rtos_workspace/workspace/common/inc" -I"C:/Users/minia/Documents/academy/rtos_workspace/workspace/common/ThirdParty/FreeRTOS" -O0 -ffunction-sections -fdata-sections -Wall -fstack-usage -MMD -MP -MF"Core/Src/stm32f4xx_hal_timebase_tim.d" -MT"Core/Src/stm32f4xx_hal_timebase_tim.o" --specs=nano.specs -mfpu=fpv4-sp-d16 -mfloat-abi=hard -mthumb -o "Core/Src/stm32f4xx_hal_timebase_tim.o"
arm-none-eabi-gcc "../Core/Src/stm32f4xx_it.c" -mcpu=cortex-m4 -std=gnu11 -g3 -DDEBUG -DUSE_HAL_DRIVER -DSTM32F407xx -c -I../Core/Inc -I../Drivers/STM32F4xx_HAL_Driver/Inc -I../Drivers/STM32F4xx_HAL_Driver/Inc/Legacy -I../Drivers/CMSIS/Device/ST/STM32F4xx/Include -I../Drivers/CMSIS/Include -I"C:/Users/minia/Documents/academy/rtos_workspace/workspace/common/ThirdParty/FreeRTOS/include" -I"C:/Users/minia/Documents/academy/rtos_workspace/workspace/common/ThirdParty/FreeRTOS/portable/GCC/ARM_CM4F" -I"C:/Users/minia/Documents/academy/rtos_workspace/workspace/common/ThirdParty/SEGGER/Config" -I"C:/Users/minia/Documents/academy/rtos_workspace/workspace/common/ThirdParty/SEGGER/OS" -I"C:/Users/minia/Documents/academy/rtos_workspace/workspace/common/ThirdParty/SEGGER/SEGGER" -I"C:/Users/minia/Documents/academy/rtos_workspace/workspace/common/inc" -I"C:/Users/minia/Documents/academy/rtos_workspace/workspace/common/ThirdParty/FreeRTOS" -O0 -ffunction-sections -fdata-sections -Wall -fstack-usage -MMD -MP -MF"Core/Src/stm32f4xx_it.d" -MT"Core/Src/stm32f4xx_it.o" --specs=nano.specs -mfpu=fpv4-sp-d16 -mfloat-abi=hard -mthumb -o "Core/Src/stm32f4xx_it.o"
arm-none-eabi-gcc "../Core/Src/syscalls.c" -mcpu=cortex-m4 -std=gnu11 -g3 -DDEBUG -DUSE_HAL_DRIVER -DSTM32F407xx -c -I../Core/Inc -I../Drivers/STM32F4xx_HAL_Driver/Inc -I../Drivers/STM32F4xx_HAL_Driver/Inc/Legacy -I../Drivers/CMSIS/Device/ST/STM32F4xx/Include -I../Drivers/CMSIS/Include -I"C:/Users/minia/Documents/academy/rtos_workspace/workspace/common/ThirdParty/FreeRTOS/include" -I"C:/Users/minia/Documents/academy/rtos_workspace/workspace/common/ThirdParty/FreeRTOS/portable/GCC/ARM_CM4F" -I"C:/Users/minia/Documents/academy/rtos_workspace/workspace/common/ThirdParty/SEGGER/Config" -I"C:/Users/minia/Documents/academy/rtos_workspace/workspace/common/ThirdParty/SEGGER/OS" -I"C:/Users/minia/Documents/academy/rtos_workspace/workspace/common/ThirdParty/SEGGER/SEGGER" -I"C:/Users/minia/Documents/academy/rtos_workspace/workspace/common/inc" -I"C:/Users/minia/Documents/academy/rtos_workspace/workspace/common/ThirdParty/FreeRTOS" -O0 -ffunction-sections -fdata-sections -Wall -fstack-usage -MMD -MP -MF"Core/Src/syscalls.d" -MT"Core/Src/syscalls.o" --specs=nano.specs -mfpu=fpv4-sp-d16 -mfloat-abi=hard -mthumb -o "Core/Src/syscalls.o"
arm-none-eabi-gcc "../Core/Src/sysmem.c" -mcpu=cortex-m4 -std=gnu11 -g3 -DDEBUG -DUSE_HAL_DRIVER -DSTM32F407xx -c -I../Core/Inc -I../Drivers/STM32F4xx_HAL_Driver/Inc -I../Drivers/STM32F4xx_HAL_Driver/Inc/Legacy -I../Drivers/CMSIS/Device/ST/STM32F4xx/Include -I../Drivers/CMSIS/Include -I"C:/Users/minia/Documents/academy/rtos_workspace/workspace/common/ThirdParty/FreeRTOS/include" -I"C:/Users/minia/Documents/academy/rtos_workspace/workspace/common/ThirdParty/FreeRTOS/portable/GCC/ARM_CM4F" -I"C:/Users/minia/Documents/academy/rtos_workspace/workspace/common/ThirdParty/SEGGER/Config" -I"C:/Users/minia/Documents/academy/rtos_workspace/workspace/common/ThirdParty/SEGGER/OS" -I"C:/Users/minia/Documents/academy/rtos_workspace/workspace/common/ThirdParty/SEGGER/SEGGER" -I"C:/Users/minia/Documents/academy/rtos_workspace/workspace/common/inc" -I"C:/Users/minia/Documents/academy/rtos_workspace/workspace/common/ThirdParty/FreeRTOS" -O0 -ffunction-sections -fdata-sections -Wall -fstack-usage -MMD -MP -MF"Core/Src/sysmem.d" -MT"Core/Src/sysmem.o" --specs=nano.specs -mfpu=fpv4-sp-d16 -mfloat-abi=hard -mthumb -o "Core/Src/sysmem.o"
arm-none-eabi-gcc "../Core/Src/system_stm32f4xx.c" -mcpu=cortex-m4 -std=gnu11 -g3 -DDEBUG -DUSE_HAL_DRIVER -DSTM32F407xx -c -I../Core/Inc -I../Drivers/STM32F4xx_HAL_Driver/Inc -I../Drivers/STM32F4xx_HAL_Driver/Inc/Legacy -I../Drivers/CMSIS/Device/ST/STM32F4xx/Include -I../Drivers/CMSIS/Include -I"C:/Users/minia/Documents/academy/rtos_workspace/workspace/common/ThirdParty/FreeRTOS/include" -I"C:/Users/minia/Documents/academy/rtos_workspace/workspace/common/ThirdParty/FreeRTOS/portable/GCC/ARM_CM4F" -I"C:/Users/minia/Documents/academy/rtos_workspace/workspace/common/ThirdParty/SEGGER/Config" -I"C:/Users/minia/Documents/academy/rtos_workspace/workspace/common/ThirdParty/SEGGER/OS" -I"C:/Users/minia/Documents/academy/rtos_workspace/workspace/common/ThirdParty/SEGGER/SEGGER" -I"C:/Users/minia/Documents/academy/rtos_workspace/workspace/common/inc" -I"C:/Users/minia/Documents/academy/rtos_workspace/workspace/common/ThirdParty/FreeRTOS" -O0 -ffunction-sections -fdata-sections -Wall -fstack-usage -MMD -MP -MF"Core/Src/system_stm32f4xx.d" -MT"Core/Src/system_stm32f4xx.o" --specs=nano.specs -mfpu=fpv4-sp-d16 -mfloat-abi=hard -mthumb -o "Core/Src/system_stm32f4xx.o"
arm-none-eabi-gcc "C:/Users/minia/Documents/academy/rtos_workspace/workspace/common/src/uart_task.c" -mcpu=cortex-m4 -std=gnu11 -g3 -DDEBUG -DUSE_HAL_DRIVER -DSTM32F407xx -c -I../Core/Inc -I../Drivers/STM32F4xx_HAL_Driver/Inc -I../Drivers/STM32F4xx_HAL_Driver/Inc/Legacy -I../Drivers/CMSIS/Device/ST/STM32F4xx/Include -I../Drivers/CMSIS/Include -I"C:/Users/minia/Documents/academy/rtos_workspace/workspace/common/ThirdParty/FreeRTOS/include" -I"C:/Users/minia/Documents/academy/rtos_workspace/workspace/common/ThirdParty/FreeRTOS/portable/GCC/ARM_CM4F" -I"C:/Users/minia/Documents/academy/rtos_workspace/workspace/common/ThirdParty/SEGGER/Config" -I"C:/Users/minia/Documents/academy/rtos_workspace/workspace/common/ThirdParty/SEGGER/OS" -I"C:/Users/minia/Documents/academy/rtos_workspace/workspace/common/ThirdParty/SEGGER/SEGGER" -I"C:/Users/minia/Documents/academy/rtos_workspace/workspace/common/inc" -I"C:/Users/minia/Documents/academy/rtos_workspace/workspace/common/ThirdParty/FreeRTOS" -O0 -ffunction-sections -fdata-sections -Wall -fstack-usage -MMD -MP -MF"Core/Src/uart_task.d" -MT"Core/Src/uart_task.o" --specs=nano.specs -mfpu=fpv4-sp-d16 -mfloat-abi=hard -mthumb -o "Core/Src/uart_task.o"
arm-none-eabi-gcc "C:/Users/minia/Documents/academy/rtos_workspace/workspace/common/src/utility.c" -mcpu=cortex-m4 -std=gnu11 -g3 -DDEBUG -DUSE_HAL_DRIVER -DSTM32F407xx -c -I../Core/Inc -I../Drivers/STM32F4xx_HAL_Driver/Inc -I../Drivers/STM32F4xx_HAL_Driver/Inc/Legacy -I../Drivers/CMSIS/Device/ST/STM32F4xx/Include -I../Drivers/CMSIS/Include -I"C:/Users/minia/Documents/academy/rtos_workspace/workspace/common/ThirdParty/FreeRTOS/include" -I"C:/Users/minia/Documents/academy/rtos_workspace/workspace/common/ThirdParty/FreeRTOS/portable/GCC/ARM_CM4F" -I"C:/Users/minia/Documents/academy/rtos_workspace/workspace/common/ThirdParty/SEGGER/Config" -I"C:/Users/minia/Documents/academy/rtos_workspace/workspace/common/ThirdParty/SEGGER/OS" -I"C:/Users/minia/Documents/academy/rtos_workspace/workspace/common/ThirdParty/SEGGER/SEGGER" -I"C:/Users/minia/Documents/academy/rtos_workspace/workspace/common/inc" -I"C:/Users/minia/Documents/academy/rtos_workspace/workspace/common/ThirdParty/FreeRTOS" -O0 -ffunction-sections -fdata-sections -Wall -fstack-usage -MMD -MP -MF"Core/Src/utility.d" -MT"Core/Src/utility.o" --specs=nano.specs -mfpu=fpv4-sp-d16 -mfloat-abi=hard -mthumb -o "Core/Src/utility.o"
arm-none-eabi-gcc -o "010Sem_mutex.elf" @"objects.list"   -mcpu=cortex-m4 -T"C:\Users\minia\Documents\academy\rtos_workspace\workspace\010Sem_mutex\STM32F407IGTX_FLASH.ld" --specs=nosys.specs -Wl,-Map="010Sem_mutex.map" -Wl,--gc-sections -static --specs=nano.specs -mfpu=fpv4-sp-d16 -mfloat-abi=hard -mthumb -Wl,--start-group -lc -lm -Wl,--end-group
Finished building target: 010Sem_mutex.elf
 
arm-none-eabi-size   010Sem_mutex.elf 
arm-none-eabi-objdump -h -S  010Sem_mutex.elf  > "010Sem_mutex.list"
arm-none-eabi-objcopy  -O binary  010Sem_mutex.elf  "010Sem_mutex.bin"
   text	   data	    bss	    dec	    hex	filename
  32960	    128	  80680	 113768	  1bc68	010Sem_mutex.elf
Finished building: default.size.stdout
 
Finished building: 010Sem_mutex.bin
 
Finished building: 010Sem_mutex.list
 

21:28:02 Build Finished. 0 errors, 0 warnings. (took 7s.56ms)

