Archive member included to satisfy reference by file (symbol)

c:/st/stm32cubeide_1.6.1/stm32cubeide/plugins/com.st.stm32cube.ide.mcu.externaltools.gnu-tools-for-stm32.9-2020-q2-update.win32_1.5.0.202011040924/tools/bin/../lib/gcc/arm-none-eabi/9.3.1/../../../../arm-none-eabi/lib/thumb/v7e-m+fp/hard\libc_nano.a(lib_a-errno.o)
                              Core/Src/syscalls.o (__errno)
c:/st/stm32cubeide_1.6.1/stm32cubeide/plugins/com.st.stm32cube.ide.mcu.externaltools.gnu-tools-for-stm32.9-2020-q2-update.win32_1.5.0.202011040924/tools/bin/../lib/gcc/arm-none-eabi/9.3.1/../../../../arm-none-eabi/lib/thumb/v7e-m+fp/hard\libc_nano.a(lib_a-exit.o)
                              c:/st/stm32cubeide_1.6.1/stm32cubeide/plugins/com.st.stm32cube.ide.mcu.externaltools.gnu-tools-for-stm32.9-2020-q2-update.win32_1.5.0.202011040924/tools/bin/../lib/gcc/arm-none-eabi/9.3.1/../../../../arm-none-eabi/lib/thumb/v7e-m+fp/hard/crt0.o (exit)
c:/st/stm32cubeide_1.6.1/stm32cubeide/plugins/com.st.stm32cube.ide.mcu.externaltools.gnu-tools-for-stm32.9-2020-q2-update.win32_1.5.0.202011040924/tools/bin/../lib/gcc/arm-none-eabi/9.3.1/../../../../arm-none-eabi/lib/thumb/v7e-m+fp/hard\libc_nano.a(lib_a-impure.o)
                              c:/st/stm32cubeide_1.6.1/stm32cubeide/plugins/com.st.stm32cube.ide.mcu.externaltools.gnu-tools-for-stm32.9-2020-q2-update.win32_1.5.0.202011040924/tools/bin/../lib/gcc/arm-none-eabi/9.3.1/../../../../arm-none-eabi/lib/thumb/v7e-m+fp/hard\libc_nano.a(lib_a-exit.o) (_global_impure_ptr)
c:/st/stm32cubeide_1.6.1/stm32cubeide/plugins/com.st.stm32cube.ide.mcu.externaltools.gnu-tools-for-stm32.9-2020-q2-update.win32_1.5.0.202011040924/tools/bin/../lib/gcc/arm-none-eabi/9.3.1/../../../../arm-none-eabi/lib/thumb/v7e-m+fp/hard\libc_nano.a(lib_a-init.o)
                              c:/st/stm32cubeide_1.6.1/stm32cubeide/plugins/com.st.stm32cube.ide.mcu.externaltools.gnu-tools-for-stm32.9-2020-q2-update.win32_1.5.0.202011040924/tools/bin/../lib/gcc/arm-none-eabi/9.3.1/../../../../arm-none-eabi/lib/thumb/v7e-m+fp/hard/crt0.o (__libc_init_array)
c:/st/stm32cubeide_1.6.1/stm32cubeide/plugins/com.st.stm32cube.ide.mcu.externaltools.gnu-tools-for-stm32.9-2020-q2-update.win32_1.5.0.202011040924/tools/bin/../lib/gcc/arm-none-eabi/9.3.1/../../../../arm-none-eabi/lib/thumb/v7e-m+fp/hard\libc_nano.a(lib_a-memcmp.o)
                              ThirdParty/SEGGER/OS/SEGGER_SYSVIEW_FreeRTOS.o (memcmp)
c:/st/stm32cubeide_1.6.1/stm32cubeide/plugins/com.st.stm32cube.ide.mcu.externaltools.gnu-tools-for-stm32.9-2020-q2-update.win32_1.5.0.202011040924/tools/bin/../lib/gcc/arm-none-eabi/9.3.1/../../../../arm-none-eabi/lib/thumb/v7e-m+fp/hard\libc_nano.a(lib_a-memcpy-stub.o)
                              ThirdParty/FreeRTOS/queue.o (memcpy)
c:/st/stm32cubeide_1.6.1/stm32cubeide/plugins/com.st.stm32cube.ide.mcu.externaltools.gnu-tools-for-stm32.9-2020-q2-update.win32_1.5.0.202011040924/tools/bin/../lib/gcc/arm-none-eabi/9.3.1/../../../../arm-none-eabi/lib/thumb/v7e-m+fp/hard\libc_nano.a(lib_a-memset.o)
                              c:/st/stm32cubeide_1.6.1/stm32cubeide/plugins/com.st.stm32cube.ide.mcu.externaltools.gnu-tools-for-stm32.9-2020-q2-update.win32_1.5.0.202011040924/tools/bin/../lib/gcc/arm-none-eabi/9.3.1/../../../../arm-none-eabi/lib/thumb/v7e-m+fp/hard/crt0.o (memset)
c:/st/stm32cubeide_1.6.1/stm32cubeide/plugins/com.st.stm32cube.ide.mcu.externaltools.gnu-tools-for-stm32.9-2020-q2-update.win32_1.5.0.202011040924/tools/bin/../lib/gcc/arm-none-eabi/9.3.1/../../../../arm-none-eabi/lib/thumb/v7e-m+fp/hard\libc_nano.a(lib_a-strlen.o)
                              Core/Src/uart_task.o (strlen)
c:/st/stm32cubeide_1.6.1/stm32cubeide/plugins/com.st.stm32cube.ide.mcu.externaltools.gnu-tools-for-stm32.9-2020-q2-update.win32_1.5.0.202011040924/tools/bin/../lib/gcc/arm-none-eabi/9.3.1/thumb/v7e-m+fp/hard\libgcc.a(_aeabi_uldivmod.o)
                              Drivers/STM32F4xx_HAL_Driver/Src/stm32f4xx_hal_rcc.o (__aeabi_uldivmod)
c:/st/stm32cubeide_1.6.1/stm32cubeide/plugins/com.st.stm32cube.ide.mcu.externaltools.gnu-tools-for-stm32.9-2020-q2-update.win32_1.5.0.202011040924/tools/bin/../lib/gcc/arm-none-eabi/9.3.1/thumb/v7e-m+fp/hard\libgcc.a(_udivmoddi4.o)
                              c:/st/stm32cubeide_1.6.1/stm32cubeide/plugins/com.st.stm32cube.ide.mcu.externaltools.gnu-tools-for-stm32.9-2020-q2-update.win32_1.5.0.202011040924/tools/bin/../lib/gcc/arm-none-eabi/9.3.1/thumb/v7e-m+fp/hard\libgcc.a(_aeabi_uldivmod.o) (__udivmoddi4)
c:/st/stm32cubeide_1.6.1/stm32cubeide/plugins/com.st.stm32cube.ide.mcu.externaltools.gnu-tools-for-stm32.9-2020-q2-update.win32_1.5.0.202011040924/tools/bin/../lib/gcc/arm-none-eabi/9.3.1/thumb/v7e-m+fp/hard\libgcc.a(_dvmd_tls.o)
[...]
Memory Configuration

Name             Origin             Length             Attributes
CCMRAM           0x0000000010000000 0x0000000000010000 xrw
RAM              0x0000000020000000 0x0000000000020000 xrw
FLASH            0x0000000008000000 0x0000000000100000 xr
*default*        0x0000000000000000 0xffffffffffffffff

Linker script and memory map

LOAD c:/st/stm32cubeide_1.6.1/stm32cubeide/plugins/com.st.stm32cube.ide.mcu.externaltools.gnu-tools-for-stm32.9-2020-q2-update.win32_1.5.0.202011040924/tools/bin/../lib/gcc/arm-none-eabi/9.3.1/thumb/v7e-m+fp/hard/crti.o
LOAD c:/st/stm32cubeide_1.6.1/stm32cubeide/plugins/com.st.stm32cube.ide.mcu.externaltools.gnu-tools-for-stm32.9-2020-q2-update.win32_1.5.0.202011040924/tools/bin/../lib/gcc/arm-none-eabi/9.3.1/thumb/v7e-m+fp/hard/crtbegin.o
LOAD c:/st/stm32cubeide_1.6.1/stm32cubeide/plugins/com.st.stm32cube.ide.mcu.externaltools.gnu-tools-for-stm32.9-2020-q2-update.win32_1.5.0.202011040924/tools/bin/../lib/gcc/arm-none-eabi/9.3.1/../../../../arm-none-eabi/lib/thumb/v7e-m+fp/hard/crt0.o
LOAD Core/Src/main.o
LOAD Core/Src/stm32f4xx_hal_msp.o
LOAD Core/Src/stm32f4xx_hal_timebase_tim.o
LOAD Core/Src/stm32f4xx_it.o
LOAD Core/Src/syscalls.o
LOAD Core/Src/system_stm32f4xx.o
LOAD Core/Src/uart_task.o
LOAD Core/Startup/startup_stm32f407igtx.o
LOAD Drivers/STM32F4xx_HAL_Driver/Src/stm32f4xx_hal.o
LOAD Drivers/STM32F4xx_HAL_Driver/Src/stm32f4xx_hal_cortex.o
LOAD Drivers/STM32F4xx_HAL_Driver/Src/stm32f4xx_hal_dma.o
LOAD Drivers/STM32F4xx_HAL_Driver/Src/stm32f4xx_hal_dma_ex.o
LOAD Drivers/STM32F4xx_HAL_Driver/Src/stm32f4xx_hal_exti.o
LOAD Drivers/STM32F4xx_HAL_Driver/Src/stm32f4xx_hal_flash.o
LOAD Drivers/STM32F4xx_HAL_Driver/Src/stm32f4xx_hal_flash_ex.o
LOAD Drivers/STM32F4xx_HAL_Driver/Src/stm32f4xx_hal_flash_ramfunc.o
LOAD Drivers/STM32F4xx_HAL_Driver/Src/stm32f4xx_hal_gpio.o
LOAD Drivers/STM32F4xx_HAL_Driver/Src/stm32f4xx_hal_pwr.o
LOAD Drivers/STM32F4xx_HAL_Driver/Src/stm32f4xx_hal_pwr_ex.o
LOAD Drivers/STM32F4xx_HAL_Driver/Src/stm32f4xx_hal_rcc.o
LOAD Drivers/STM32F4xx_HAL_Driver/Src/stm32f4xx_hal_rcc_ex.o
LOAD Drivers/STM32F4xx_HAL_Driver/Src/stm32f4xx_hal_tim.o
LOAD Drivers/STM32F4xx_HAL_Driver/Src/stm32f4xx_hal_tim_ex.o
LOAD Drivers/STM32F4xx_HAL_Driver/Src/stm32f4xx_hal_uart.o
LOAD ThirdParty/FreeRTOS/croutine.o
LOAD ThirdParty/FreeRTOS/event_groups.o
LOAD ThirdParty/FreeRTOS/list.o
LOAD ThirdParty/FreeRTOS/queue.o
LOAD ThirdParty/FreeRTOS/stream_buffer.o
LOAD ThirdParty/FreeRTOS/tasks.o
LOAD ThirdParty/FreeRTOS/timers.o
LOAD ThirdParty/FreeRTOS/portable/GCC/ARM_CM4F/port.o
LOAD ThirdParty/FreeRTOS/portable/MemMang/heap_4.o
LOAD ThirdParty/SEGGER/Config/SEGGER_SYSVIEW_Config_FreeRTOS.o
LOAD ThirdParty/SEGGER/OS/SEGGER_SYSVIEW_FreeRTOS.o
LOAD ThirdParty/SEGGER/SEGGER/SEGGER_RTT.o
LOAD ThirdParty/SEGGER/SEGGER/SEGGER_RTT_ASM_ARMv7M.o
LOAD ThirdParty/SEGGER/SEGGER/SEGGER_RTT_printf.o
LOAD ThirdParty/SEGGER/SEGGER/SEGGER_SYSVIEW.o
LOAD ThirdParty/SEGGER/SEGGER/Syscalls/SEGGER_RTT_Syscalls_GCC.o
START GROUP
LOAD c:/st/stm32cubeide_1.6.1/stm32cubeide/plugins/com.st.stm32cube.ide.mcu.externaltools.gnu-tools-for-stm32.9-2020-q2-update.win32_1.5.0.202011040924/tools/bin/../lib/gcc/arm-none-eabi/9.3.1/../../../../arm-none-eabi/lib/thumb/v7e-m+fp/hard\libc_nano.a
LOAD c:/st/stm32cubeide_1.6.1/stm32cubeide/plugins/com.st.stm32cube.ide.mcu.externaltools.gnu-tools-for-stm32.9-2020-q2-update.win32_1.5.0.202011040924/tools/bin/../lib/gcc/arm-none-eabi/9.3.1/../../../../arm-none-eabi/lib/thumb/v7e-m+fp/hard\libm.a
END GROUP
START GROUP
LOAD c:/st/stm32cubeide_1.6.1/stm32cubeide/plugins/com.st.stm32cube.ide.mcu.externaltools.gnu-tools-for-stm32.9-2020-q2-update.win32_1.5.0.202011040924/tools/bin/../lib/gcc/arm-none-eabi/9.3.1/thumb/v7e-m+fp/hard\libgcc.a
LOAD c:/st/stm32cubeide_1.6.1/stm32cubeide/plugins/com.st.stm32cube.ide.mcu.externaltools.gnu-tools-for-stm32.9-2020-q2-update.win32_1.5.0.202011040924/tools/bin/../lib/gcc/arm-none-eabi/9.3.1/../../../../arm-none-eabi/lib/thumb/v7e-m+fp/hard\libc_nano.a
END GROUP
START GROUP
LOAD c:/st/stm32cubeide_1.6.1/stm32cubeide/plugins/com.st.stm32cube.ide.mcu.externaltools.gnu-tools-for-stm32.9-2020-q2-update.win32_1.5.0.202011040924/tools/bin/../lib/gcc/arm-none-eabi/9.3.1/thumb/v7e-m+fp/hard\libgcc.a
LOAD c:/st/stm32cubeide_1.6.1/stm32cubeide/plugins/com.st.stm32cube.ide.mcu.externaltools.gnu-tools-for-stm32.9-2020-q2-update.win32_1.5.0.202011040924/tools/bin/../lib/gcc/arm-none-eabi/9.3.1/../../../../arm-none-eabi/lib/thumb/v7e-m+fp/hard\libc_nano.a
LOAD c:/st/stm32cubeide_1.6.1/stm32cubeide/plugins/com.st.stm32cube.ide.mcu.externaltools.gnu-tools-for-stm32.9-2020-q2-update.win32_1.5.0.202011040924/tools/bin/../lib/gcc/arm-none-eabi/9.3.1/../../../../arm-none-eabi/lib/thumb/v7e-m+fp/hard\libnosys.a
END GROUP
START GROUP
LOAD c:/st/stm32cubeide_1.6.1/stm32cubeide/plugins/com.st.stm32cube.ide.mcu.externaltools.gnu-tools-for-stm32.9-2020-q2-update.win32_1.5.0.202011040924/tools/bin/../lib/gcc/arm-none-eabi/9.3.1/thumb/v7e-m+fp/hard\libgcc.a
LOAD c:/st/stm32cubeide_1.6.1/stm32cubeide/plugins/com.st.stm32cube.ide.mcu.externaltools.gnu-tools-for-stm32.9-2020-q2-update.win32_1.5.0.202011040924/tools/bin/../lib/gcc/arm-none-eabi/9.3.1/../../../../arm-none-eabi/lib/thumb/v7e-m+fp/hard\libc_nano.a
LOAD c:/st/stm32cubeide_1.6.1/stm32cubeide/plugins/com.st.stm32cube.ide.mcu.externaltools.gnu-tools-for-stm32.9-2020-q2-update.win32_1.5.0.202011040924/tools/bin/../lib/gcc/arm-none-eabi/9.3.1/../../../../arm-none-eabi/lib/thumb/v7e-m+fp/hard\libnosys.a
END GROUP
LOAD c:/st/stm32cubeide_1.6.1/stm32cubeide/plugins/com.st.stm32cube.ide.mcu.externaltools.gnu-tools-for-stm32.9-2020-q2-update.win32_1.5.0.202011040924/tools/bin/../lib/gcc/arm-none-eabi/9.3.1/thumb/v7e-m+fp/hard/crtend.o
LOAD c:/st/stm32cubeide_1.6.1/stm32cubeide/plugins/com.st.stm32cube.ide.mcu.externaltools.gnu-tools-for-stm32.9-2020-q2-update.win32_1.5.0.202011040924/tools/bin/../lib/gcc/arm-none-eabi/9.3.1/thumb/v7e-m+fp/hard/crtn.o
                0x0000000020020000                _estack = (ORIGIN (RAM) + LENGTH (RAM))
                0x0000000000000200                _Min_Heap_Size = 0x200
                0x0000000000000400                _Min_Stack_Size = 0x400

.isr_vector     0x0000000008000000      0x188
                0x0000000008000000                . = ALIGN (0x4)
 *(.isr_vector)
 .isr_vector    0x0000000008000000      0x188 Core/Startup/startup_stm32f407igtx.o
                0x0000000008000000                g_pfnVectors
                0x0000000008000188                . = ALIGN (0x4)

.text           0x0000000008000190     0x4984
                0x0000000008000190                . = ALIGN (0x4)
 *(.text)
 .text          0x0000000008000190       0x40 c:/st/stm32cubeide_1.6.1/stm32cubeide/plugins/com.st.stm32cube.ide.mcu.externaltools.gnu-tools-for-stm32.9-2020-q2-update.win32_1.5.0.202011040924/tools/bin/../lib/gcc/arm-none-eabi/9.3.1/thumb/v7e-m+fp/hard/crtbegin.o
 .text          0x00000000080001d0       0x94 ThirdParty/SEGGER/SEGGER/SEGGER_RTT_ASM_ARMv7M.o
                0x00000000080001d0                SEGGER_RTT_ASM_WriteSkipNoLock
 .text          0x0000000008000264       0x10 c:/st/stm32cubeide_1.6.1/stm32cubeide/plugins/com.st.stm32cube.ide.mcu.externaltools.gnu-tools-for-stm32.9-2020-q2-update.win32_1.5.0.202011040924/tools/bin/../lib/gcc/arm-none-eabi/9.3.1/../../../../arm-none-eabi/lib/thumb/v7e-m+fp/hard\libc_nano.a(lib_a-strlen.o)
                0x0000000008000264                strlen
 .text          0x0000000008000274       0x30 c:/st/stm32cubeide_1.6.1/stm32cubeide/plugins/com.st.stm32cube.ide.mcu.externaltools.gnu-tools-for-stm32.9-2020-q2-update.win32_1.5.0.202011040924/tools/bin/../lib/gcc/arm-none-eabi/9.3.1/thumb/v7e-m+fp/hard\libgcc.a(_aeabi_uldivmod.o)
                0x0000000008000274                __aeabi_uldivmod
 .text          0x00000000080002a4      0x2c4 c:/st/stm32cubeide_1.6.1/stm32cubeide/plugins/com.st.stm32cube.ide.mcu.externaltools.gnu-tools-for-stm32.9-2020-q2-update.win32_1.5.0.202011040924/tools/bin/../lib/gcc/arm-none-eabi/9.3.1/thumb/v7e-m+fp/hard\libgcc.a(_udivmoddi4.o)
                0x00000000080002a4                __udivmoddi4
 .text          0x0000000008000568        0x4 c:/st/stm32cubeide_1.6.1/stm32cubeide/plugins/com.st.stm32cube.ide.mcu.externaltools.gnu-tools-for-stm32.9-2020-q2-update.win32_1.5.0.202011040924/tools/bin/../lib/gcc/arm-none-eabi/9.3.1/thumb/v7e-m+fp/hard\libgcc.a(_dvmd_tls.o)
                0x0000000008000568                __aeabi_idiv0
                0x0000000008000568                __aeabi_ldiv0
 *(.text*)
 .text.main     0x000000000800056c       0x9c Core/Src/main.o
                0x000000000800056c                main
 .text.SystemClock_Config
                0x0000000008000608       0xbc Core/Src/main.o
                0x0000000008000608                SystemClock_Config
 .text.MX_USART1_UART_Init
                0x00000000080006c4       0x54 Core/Src/main.o
 .text.MX_GPIO_Init
                0x0000000008000718       0xa0 Core/Src/main.o
 .text.task1_handler
                0x00000000080007b8       0x1c Core/Src/main.o
 .text.task2_handler
                0x00000000080007d4       0x1c Core/Src/main.o
 .text.HAL_TIM_PeriodElapsedCallback
                0x00000000080007f0       0x24 Core/Src/main.o
                0x00000000080007f0                HAL_TIM_PeriodElapsedCallback
 .text.Error_Handler
                0x0000000008000814        0xa Core/Src/main.o
                0x0000000008000814                Error_Handler
 *fill*         0x000000000800081e        0x2 
 .text.HAL_MspInit
                0x0000000008000820       0x50 Core/Src/stm32f4xx_hal_msp.o
                0x0000000008000820                HAL_MspInit
 .text.HAL_UART_MspInit
                0x0000000008000870       0x90 Core/Src/stm32f4xx_hal_msp.o
                0x0000000008000870                HAL_UART_MspInit
 .text.HAL_InitTick
                0x0000000008000900       0xb0 Core/Src/stm32f4xx_hal_timebase_tim.o
                0x0000000008000900                HAL_InitTick
 .text.NMI_Handler
                0x00000000080009b0        0x6 Core/Src/stm32f4xx_it.o
                0x00000000080009b0                NMI_Handler
 .text.HardFault_Handler
                0x00000000080009b6        0x6 Core/Src/stm32f4xx_it.o
                0x00000000080009b6                HardFault_Handler
 .text.MemManage_Handler
                0x00000000080009bc        0x6 Core/Src/stm32f4xx_it.o
                0x00000000080009bc                MemManage_Handler
 .text.BusFault_Handler
                0x00000000080009c2        0x6 Core/Src/stm32f4xx_it.o
                0x00000000080009c2                BusFault_Handler
 .text.UsageFault_Handler
                0x00000000080009c8        0x6 Core/Src/stm32f4xx_it.o
                0x00000000080009c8                UsageFault_Handler
 .text.DebugMon_Handler
                0x00000000080009ce        0xe Core/Src/stm32f4xx_it.o
                0x00000000080009ce                DebugMon_Handler
 .text.TIM6_DAC_IRQHandler
                0x00000000080009dc       0x14 Core/Src/stm32f4xx_it.o
                0x00000000080009dc                TIM6_DAC_IRQHandler
 .text.SystemInit
                0x00000000080009f0       0x24 Core/Src/system_stm32f4xx.o
                0x00000000080009f0                SystemInit
 .text.debugPrint
                0x0000000008000a14       0x26 Core/Src/uart_task.o
                0x0000000008000a14                debugPrint
 *fill*         0x0000000008000a3a        0x2 
 .text.Reset_Handler
                0x0000000008000a3c       0x50 Core/Startup/startup_stm32f407igtx.o
                0x0000000008000a3c                Reset_Handler
 .text.Default_Handler
                0x0000000008000a8c        0x2 Core/Startup/startup_stm32f407igtx.o
                0x0000000008000a8c                RTC_Alarm_IRQHandler
                0x0000000008000a8c                HASH_RNG_IRQHandler
                0x0000000008000a8c                EXTI2_IRQHandler
                0x0000000008000a8c                TIM8_CC_IRQHandler
                0x0000000008000a8c                TIM1_CC_IRQHandler
                0x0000000008000a8c                DMA2_Stream5_IRQHandler
                0x0000000008000a8c                DMA1_Stream5_IRQHandler
                0x0000000008000a8c                PVD_IRQHandler
                0x0000000008000a8c                SDIO_IRQHandler
                0x0000000008000a8c                TAMP_STAMP_IRQHandler
                0x0000000008000a8c                CAN2_RX1_IRQHandler
                0x0000000008000a8c                EXTI3_IRQHandler
                0x0000000008000a8c                TIM8_TRG_COM_TIM14_IRQHandler
                0x0000000008000a8c                TIM1_UP_TIM10_IRQHandler
                0x0000000008000a8c                TIM8_UP_TIM13_IRQHandler
                0x0000000008000a8c                I2C3_ER_IRQHandler
                0x0000000008000a8c                EXTI0_IRQHandler
                0x0000000008000a8c                I2C2_EV_IRQHandler
                0x0000000008000a8c                DMA1_Stream2_IRQHandler
                0x0000000008000a8c                CAN1_RX0_IRQHandler
                0x0000000008000a8c                FPU_IRQHandler
                0x0000000008000a8c                OTG_HS_WKUP_IRQHandler
                0x0000000008000a8c                CAN2_SCE_IRQHandler
                0x0000000008000a8c                DMA2_Stream2_IRQHandler
                0x0000000008000a8c                SPI1_IRQHandler
                0x0000000008000a8c                TIM1_BRK_TIM9_IRQHandler
                0x0000000008000a8c                DCMI_IRQHandler
                0x0000000008000a8c                CAN2_RX0_IRQHandler
                0x0000000008000a8c                DMA2_Stream3_IRQHandler
                0x0000000008000a8c                USART6_IRQHandler
                0x0000000008000a8c                USART3_IRQHandler
                0x0000000008000a8c                CAN1_RX1_IRQHandler
                0x0000000008000a8c                UART5_IRQHandler
                0x0000000008000a8c                DMA2_Stream0_IRQHandler
                0x0000000008000a8c                TIM4_IRQHandler
                0x0000000008000a8c                I2C1_EV_IRQHandler
                0x0000000008000a8c                DMA1_Stream6_IRQHandler
                0x0000000008000a8c                DMA1_Stream1_IRQHandler
                0x0000000008000a8c                UART4_IRQHandler
                0x0000000008000a8c                TIM3_IRQHandler
                0x0000000008000a8c                RCC_IRQHandler
                0x0000000008000a8c                TIM8_BRK_TIM12_IRQHandler
                0x0000000008000a8c                Default_Handler
                0x0000000008000a8c                EXTI15_10_IRQHandler
                0x0000000008000a8c                ADC_IRQHandler
                0x0000000008000a8c                DMA1_Stream7_IRQHandler
                0x0000000008000a8c                TIM7_IRQHandler
                0x0000000008000a8c                CAN2_TX_IRQHandler
                0x0000000008000a8c                TIM5_IRQHandler
                0x0000000008000a8c                DMA2_Stream7_IRQHandler
                0x0000000008000a8c                I2C3_EV_IRQHandler
                0x0000000008000a8c                EXTI9_5_IRQHandler
                0x0000000008000a8c                RTC_WKUP_IRQHandler
                0x0000000008000a8c                ETH_WKUP_IRQHandler
                0x0000000008000a8c                SPI2_IRQHandler
                0x0000000008000a8c                OTG_HS_EP1_IN_IRQHandler
                0x0000000008000a8c                DMA1_Stream0_IRQHandler
                0x0000000008000a8c                CAN1_TX_IRQHandler
                0x0000000008000a8c                EXTI4_IRQHandler
                0x0000000008000a8c                FSMC_IRQHandler
                0x0000000008000a8c                ETH_IRQHandler
                0x0000000008000a8c                OTG_HS_EP1_OUT_IRQHandler
                0x0000000008000a8c                WWDG_IRQHandler
                0x0000000008000a8c                TIM2_IRQHandler
                0x0000000008000a8c                OTG_FS_WKUP_IRQHandler
                0x0000000008000a8c                TIM1_TRG_COM_TIM11_IRQHandler
                0x0000000008000a8c                OTG_HS_IRQHandler
                0x0000000008000a8c                EXTI1_IRQHandler
                0x0000000008000a8c                USART2_IRQHandler
                0x0000000008000a8c                I2C2_ER_IRQHandler
                0x0000000008000a8c                DMA2_Stream1_IRQHandler
                0x0000000008000a8c                CAN1_SCE_IRQHandler
                0x0000000008000a8c                FLASH_IRQHandler
                0x0000000008000a8c                DMA2_Stream4_IRQHandler
                0x0000000008000a8c                USART1_IRQHandler
                0x0000000008000a8c                OTG_FS_IRQHandler
                0x0000000008000a8c                SPI3_IRQHandler
                0x0000000008000a8c                DMA1_Stream4_IRQHandler
                0x0000000008000a8c                I2C1_ER_IRQHandler
                0x0000000008000a8c                DMA2_Stream6_IRQHandler
                0x0000000008000a8c                DMA1_Stream3_IRQHandler
 *fill*         0x0000000008000a8e        0x2 
 .text.HAL_Init
                0x0000000008000a90       0x44 Drivers/STM32F4xx_HAL_Driver/Src/stm32f4xx_hal.o
                0x0000000008000a90                HAL_Init
 .text.HAL_IncTick
                0x0000000008000ad4       0x28 Drivers/STM32F4xx_HAL_Driver/Src/stm32f4xx_hal.o
                0x0000000008000ad4                HAL_IncTick
 .text.HAL_GetTick
                0x0000000008000afc       0x18 Drivers/STM32F4xx_HAL_Driver/Src/stm32f4xx_hal.o
                0x0000000008000afc                HAL_GetTick
 .text.__NVIC_SetPriorityGrouping
                0x0000000008000b14       0x48 Drivers/STM32F4xx_HAL_Driver/Src/stm32f4xx_hal_cortex.o
 .text.__NVIC_GetPriorityGrouping
                0x0000000008000b5c       0x1c Drivers/STM32F4xx_HAL_Driver/Src/stm32f4xx_hal_cortex.o
 .text.__NVIC_EnableIRQ
                0x0000000008000b78       0x3c Drivers/STM32F4xx_HAL_Driver/Src/stm32f4xx_hal_cortex.o
 .text.__NVIC_SetPriority
                0x0000000008000bb4       0x54 Drivers/STM32F4xx_HAL_Driver/Src/stm32f4xx_hal_cortex.o
 .text.NVIC_EncodePriority
                0x0000000008000c08       0x66 Drivers/STM32F4xx_HAL_Driver/Src/stm32f4xx_hal_cortex.o
 .text.HAL_NVIC_SetPriorityGrouping
                0x0000000008000c6e       0x16 Drivers/STM32F4xx_HAL_Driver/Src/stm32f4xx_hal_cortex.o
                0x0000000008000c6e                HAL_NVIC_SetPriorityGrouping
 .text.HAL_NVIC_SetPriority
                0x0000000008000c84       0x38 Drivers/STM32F4xx_HAL_Driver/Src/stm32f4xx_hal_cortex.o
                0x0000000008000c84                HAL_NVIC_SetPriority
 .text.HAL_NVIC_EnableIRQ
                0x0000000008000cbc       0x1c Drivers/STM32F4xx_HAL_Driver/Src/stm32f4xx_hal_cortex.o
                0x0000000008000cbc                HAL_NVIC_EnableIRQ
 .text.HAL_GPIO_Init
                0x0000000008000cd8      0x338 Drivers/STM32F4xx_HAL_Driver/Src/stm32f4xx_hal_gpio.o
                0x0000000008000cd8                HAL_GPIO_Init
 .text.HAL_GPIO_WritePin
                0x0000000008001010       0x32 Drivers/STM32F4xx_HAL_Driver/Src/stm32f4xx_hal_gpio.o
                0x0000000008001010                HAL_GPIO_WritePin
 *fill*         0x0000000008001042        0x2 
 .text.HAL_RCC_OscConfig
                0x0000000008001044      0x4f0 Drivers/STM32F4xx_HAL_Driver/Src/stm32f4xx_hal_rcc.o
                0x0000000008001044                HAL_RCC_OscConfig
 .text.HAL_RCC_ClockConfig
                0x0000000008001534      0x1cc Drivers/STM32F4xx_HAL_Driver/Src/stm32f4xx_hal_rcc.o
                0x0000000008001534                HAL_RCC_ClockConfig
 .text.HAL_RCC_GetSysClockFreq
                0x0000000008001700      0x1c4 Drivers/STM32F4xx_HAL_Driver/Src/stm32f4xx_hal_rcc.o
                0x0000000008001700                HAL_RCC_GetSysClockFreq
 .text.HAL_RCC_GetHCLKFreq
                0x00000000080018c4       0x18 Drivers/STM32F4xx_HAL_Driver/Src/stm32f4xx_hal_rcc.o
                0x00000000080018c4                HAL_RCC_GetHCLKFreq
 .text.HAL_RCC_GetPCLK1Freq
                0x00000000080018dc       0x28 Drivers/STM32F4xx_HAL_Driver/Src/stm32f4xx_hal_rcc.o
                0x00000000080018dc                HAL_RCC_GetPCLK1Freq
 .text.HAL_RCC_GetPCLK2Freq
                0x0000000008001904       0x28 Drivers/STM32F4xx_HAL_Driver/Src/stm32f4xx_hal_rcc.o
                0x0000000008001904                HAL_RCC_GetPCLK2Freq
 .text.HAL_RCC_GetClockConfig
                0x000000000800192c       0x64 Drivers/STM32F4xx_HAL_Driver/Src/stm32f4xx_hal_rcc.o
                0x000000000800192c                HAL_RCC_GetClockConfig
 .text.HAL_TIM_Base_Init
                0x0000000008001990       0x9e Drivers/STM32F4xx_HAL_Driver/Src/stm32f4xx_hal_tim.o
                0x0000000008001990                HAL_TIM_Base_Init
 .text.HAL_TIM_Base_MspInit
                0x0000000008001a2e       0x14 Drivers/STM32F4xx_HAL_Driver/Src/stm32f4xx_hal_tim.o
                0x0000000008001a2e                HAL_TIM_Base_MspInit
 *fill*         0x0000000008001a42        0x2 
 .text.HAL_TIM_Base_Start_IT
                0x0000000008001a44       0xe0 Drivers/STM32F4xx_HAL_Driver/Src/stm32f4xx_hal_tim.o
                0x0000000008001a44                HAL_TIM_Base_Start_IT
 .text.HAL_TIM_IRQHandler
                0x0000000008001b24      0x210 Drivers/STM32F4xx_HAL_Driver/Src/stm32f4xx_hal_tim.o
                0x0000000008001b24                HAL_TIM_IRQHandler
 .text.HAL_TIM_OC_DelayElapsedCallback
                0x0000000008001d34       0x14 Drivers/STM32F4xx_HAL_Driver/Src/stm32f4xx_hal_tim.o
                0x0000000008001d34                HAL_TIM_OC_DelayElapsedCallback
 .text.HAL_TIM_IC_CaptureCallback
                0x0000000008001d48       0x14 Drivers/STM32F4xx_HAL_Driver/Src/stm32f4xx_hal_tim.o
                0x0000000008001d48                HAL_TIM_IC_CaptureCallback
 .text.HAL_TIM_PWM_PulseFinishedCallback
                0x0000000008001d5c       0x14 Drivers/STM32F4xx_HAL_Driver/Src/stm32f4xx_hal_tim.o
                0x0000000008001d5c                HAL_TIM_PWM_PulseFinishedCallback
 .text.HAL_TIM_TriggerCallback
                0x0000000008001d70       0x14 Drivers/STM32F4xx_HAL_Driver/Src/stm32f4xx_hal_tim.o
                0x0000000008001d70                HAL_TIM_TriggerCallback
 .text.TIM_Base_SetConfig
                0x0000000008001d84      0x140 Drivers/STM32F4xx_HAL_Driver/Src/stm32f4xx_hal_tim.o
                0x0000000008001d84                TIM_Base_SetConfig
 .text.HAL_TIMEx_CommutCallback
                0x0000000008001ec4       0x14 Drivers/STM32F4xx_HAL_Driver/Src/stm32f4xx_hal_tim_ex.o
                0x0000000008001ec4                HAL_TIMEx_CommutCallback
 .text.HAL_TIMEx_BreakCallback
                0x0000000008001ed8       0x14 Drivers/STM32F4xx_HAL_Driver/Src/stm32f4xx_hal_tim_ex.o
                0x0000000008001ed8                HAL_TIMEx_BreakCallback
 .text.HAL_UART_Init
                0x0000000008001eec       0x9a Drivers/STM32F4xx_HAL_Driver/Src/stm32f4xx_hal_uart.o
                0x0000000008001eec                HAL_UART_Init
 .text.HAL_UART_Transmit
                0x0000000008001f86      0x124 Drivers/STM32F4xx_HAL_Driver/Src/stm32f4xx_hal_uart.o
                0x0000000008001f86                HAL_UART_Transmit
 .text.UART_WaitOnFlagUntilTimeout
                0x00000000080020aa       0x94 Drivers/STM32F4xx_HAL_Driver/Src/stm32f4xx_hal_uart.o
 *fill*         0x000000000800213e        0x2 
 .text.UART_SetConfig
                0x0000000008002140      0x390 Drivers/STM32F4xx_HAL_Driver/Src/stm32f4xx_hal_uart.o
 .text.vListInitialise
                0x00000000080024d0       0x40 ThirdParty/FreeRTOS/list.o
                0x00000000080024d0                vListInitialise
 .text.vListInitialiseItem
                0x0000000008002510       0x1a ThirdParty/FreeRTOS/list.o
                0x0000000008002510                vListInitialiseItem
 .text.vListInsertEnd
                0x000000000800252a       0x48 ThirdParty/FreeRTOS/list.o
                0x000000000800252a                vListInsertEnd
 .text.uxListRemove
                0x0000000008002572       0x54 ThirdParty/FreeRTOS/list.o
                0x0000000008002572                uxListRemove
 .text.xTaskCreate
                0x00000000080025c6       0x82 ThirdParty/FreeRTOS/tasks.o
                0x00000000080025c6                xTaskCreate
 .text.prvInitialiseNewTask
                0x0000000008002648      0x12c ThirdParty/FreeRTOS/tasks.o
 .text.prvAddNewTaskToReadyList
                0x0000000008002774      0x118 ThirdParty/FreeRTOS/tasks.o
 .text.vTaskStartScheduler
                0x000000000800288c       0xb8 ThirdParty/FreeRTOS/tasks.o
                0x000000000800288c                vTaskStartScheduler
 .text.vTaskSuspendAll
                0x0000000008002944       0x1c ThirdParty/FreeRTOS/tasks.o
                0x0000000008002944                vTaskSuspendAll
 .text.xTaskResumeAll
                0x0000000008002960      0x140 ThirdParty/FreeRTOS/tasks.o
                0x0000000008002960                xTaskResumeAll
 .text.xTaskIncrementTick
                0x0000000008002aa0      0x178 ThirdParty/FreeRTOS/tasks.o
                0x0000000008002aa0                xTaskIncrementTick
 .text.vTaskSwitchContext
                0x0000000008002c18       0xd4 ThirdParty/FreeRTOS/tasks.o
                0x0000000008002c18                vTaskSwitchContext
 .text.prvIdleTask
                0x0000000008002cec       0x30 ThirdParty/FreeRTOS/tasks.o
 .text.prvInitialiseTaskLists
                0x0000000008002d1c       0x80 ThirdParty/FreeRTOS/tasks.o
 .text.prvCheckTasksWaitingTermination
                0x0000000008002d9c       0x5c ThirdParty/FreeRTOS/tasks.o
 .text.prvDeleteTCB
                0x0000000008002df8       0x20 ThirdParty/FreeRTOS/tasks.o
 .text.prvResetNextTaskUnblockTime
                0x0000000008002e18       0x38 ThirdParty/FreeRTOS/tasks.o
 .text.pxPortInitialiseStack
                0x0000000008002e50       0x68 ThirdParty/FreeRTOS/portable/GCC/ARM_CM4F/port.o
                0x0000000008002e50                pxPortInitialiseStack
 .text.prvTaskExitError
                0x0000000008002eb8       0x58 ThirdParty/FreeRTOS/portable/GCC/ARM_CM4F/port.o
 .text.SVC_Handler
                0x0000000008002f10       0x28 ThirdParty/FreeRTOS/portable/GCC/ARM_CM4F/port.o
                0x0000000008002f10                SVC_Handler
 .text.prvPortStartFirstTask
                0x0000000008002f38       0x2c ThirdParty/FreeRTOS/portable/GCC/ARM_CM4F/port.o
 .text.xPortStartScheduler
                0x0000000008002f64      0x144 ThirdParty/FreeRTOS/portable/GCC/ARM_CM4F/port.o
                0x0000000008002f64                xPortStartScheduler
 .text.vInitPrioGroupValue
                0x00000000080030a8       0xfc ThirdParty/FreeRTOS/portable/GCC/ARM_CM4F/port.o
                0x00000000080030a8                vInitPrioGroupValue
 .text.vPortEnterCritical
                0x00000000080031a4       0x60 ThirdParty/FreeRTOS/portable/GCC/ARM_CM4F/port.o
                0x00000000080031a4                vPortEnterCritical
 .text.vPortExitCritical
                0x0000000008003204       0x54 ThirdParty/FreeRTOS/portable/GCC/ARM_CM4F/port.o
                0x0000000008003204                vPortExitCritical
 *fill*         0x0000000008003258        0x8 
 .text.PendSV_Handler
                0x0000000008003260       0x68 ThirdParty/FreeRTOS/portable/GCC/ARM_CM4F/port.o
                0x0000000008003260                PendSV_Handler
 .text.SysTick_Handler
                0x00000000080032c8       0x54 ThirdParty/FreeRTOS/portable/GCC/ARM_CM4F/port.o
                0x00000000080032c8                SysTick_Handler
 .text.vPortSetupTimerInterrupt
                0x000000000800331c       0x48 ThirdParty/FreeRTOS/portable/GCC/ARM_CM4F/port.o
                0x000000000800331c                vPortSetupTimerInterrupt
 .text.vPortEnableVFP
                0x0000000008003364       0x18 ThirdParty/FreeRTOS/portable/GCC/ARM_CM4F/port.o
 .text.pvPortMalloc
                0x000000000800337c      0x1c0 ThirdParty/FreeRTOS/portable/MemMang/heap_4.o
                0x000000000800337c                pvPortMalloc
 .text.vPortFree
                0x000000000800353c       0xc4 ThirdParty/FreeRTOS/portable/MemMang/heap_4.o
                0x000000000800353c                vPortFree
 .text.prvHeapInit
                0x0000000008003600       0xc4 ThirdParty/FreeRTOS/portable/MemMang/heap_4.o
 .text.prvInsertBlockIntoFreeList
                0x00000000080036c4       0xb4 ThirdParty/FreeRTOS/portable/MemMang/heap_4.o
 .text.SYSVIEW_AddTask
                0x0000000008003778       0xd0 ThirdParty/SEGGER/OS/SEGGER_SYSVIEW_FreeRTOS.o
                0x0000000008003778                SYSVIEW_AddTask
 .text.SYSVIEW_SendTaskInfo
                0x0000000008003848       0x42 ThirdParty/SEGGER/OS/SEGGER_SYSVIEW_FreeRTOS.o
                0x0000000008003848                SYSVIEW_SendTaskInfo
 *fill*         0x000000000800388a        0x2 
 .text._DoInit  0x000000000800388c       0xb0 ThirdParty/SEGGER/SEGGER/SEGGER_RTT.o
 .text.SEGGER_RTT_ReadNoLock
                0x000000000800393c      0x10c ThirdParty/SEGGER/SEGGER/SEGGER_RTT.o
                0x000000000800393c                SEGGER_RTT_ReadNoLock
 .text._EncodeStr
                0x0000000008003a48       0xa0 ThirdParty/SEGGER/SEGGER/SEGGER_SYSVIEW.o
 .text._PreparePacket
                0x0000000008003ae8       0x18 ThirdParty/SEGGER/SEGGER/SEGGER_SYSVIEW.o
 .text._HandleIncomingPacket
                0x0000000008003b00       0xe4 ThirdParty/SEGGER/SEGGER/SEGGER_SYSVIEW.o
 .text._TrySendOverflowPacket
                0x0000000008003be4       0xe4 ThirdParty/SEGGER/SEGGER/SEGGER_SYSVIEW.o
 .text._SendPacket
                0x0000000008003cc8      0x1cc ThirdParty/SEGGER/SEGGER/SEGGER_SYSVIEW.o
 .text.SEGGER_SYSVIEW_RecordVoid
                0x0000000008003e94       0x3c ThirdParty/SEGGER/SEGGER/SEGGER_SYSVIEW.o
                0x0000000008003e94                SEGGER_SYSVIEW_RecordVoid
 .text.SEGGER_SYSVIEW_RecordU32
                0x0000000008003ed0       0x78 ThirdParty/SEGGER/SEGGER/SEGGER_SYSVIEW.o
                0x0000000008003ed0                SEGGER_SYSVIEW_RecordU32
 .text.SEGGER_SYSVIEW_RecordU32x2
                0x0000000008003f48       0xb4 ThirdParty/SEGGER/SEGGER/SEGGER_SYSVIEW.o
                0x0000000008003f48                SEGGER_SYSVIEW_RecordU32x2
 .text.SEGGER_SYSVIEW_Start
                0x0000000008003ffc      0x174 ThirdParty/SEGGER/SEGGER/SEGGER_SYSVIEW.o
                0x0000000008003ffc                SEGGER_SYSVIEW_Start
 .text.SEGGER_SYSVIEW_Stop
                0x0000000008004170       0x4c ThirdParty/SEGGER/SEGGER/SEGGER_SYSVIEW.o
                0x0000000008004170                SEGGER_SYSVIEW_Stop
 .text.SEGGER_SYSVIEW_GetSysDesc
                0x00000000080041bc      0x134 ThirdParty/SEGGER/SEGGER/SEGGER_SYSVIEW.o
                0x00000000080041bc                SEGGER_SYSVIEW_GetSysDesc
 .text.SEGGER_SYSVIEW_SendTaskInfo
                0x00000000080042f0      0x1c8 ThirdParty/SEGGER/SEGGER/SEGGER_SYSVIEW.o
                0x00000000080042f0                SEGGER_SYSVIEW_SendTaskInfo
 .text.SEGGER_SYSVIEW_SendTaskList
                0x00000000080044b8       0x28 ThirdParty/SEGGER/SEGGER/SEGGER_SYSVIEW.o
                0x00000000080044b8                SEGGER_SYSVIEW_SendTaskList
 .text.SEGGER_SYSVIEW_RecordSystime
                0x00000000080044e0       0x64 ThirdParty/SEGGER/SEGGER/SEGGER_SYSVIEW.o
                0x00000000080044e0                SEGGER_SYSVIEW_RecordSystime
 .text.SEGGER_SYSVIEW_RecordEnterISR
                0x0000000008004544       0x84 ThirdParty/SEGGER/SEGGER/SEGGER_SYSVIEW.o
                0x0000000008004544                SEGGER_SYSVIEW_RecordEnterISR
 .text.SEGGER_SYSVIEW_RecordExitISR
                0x00000000080045c8       0x38 ThirdParty/SEGGER/SEGGER/SEGGER_SYSVIEW.o
                0x00000000080045c8                SEGGER_SYSVIEW_RecordExitISR
 .text.SEGGER_SYSVIEW_RecordExitISRToScheduler
                0x0000000008004600       0x38 ThirdParty/SEGGER/SEGGER/SEGGER_SYSVIEW.o
                0x0000000008004600                SEGGER_SYSVIEW_RecordExitISRToScheduler
 .text.SEGGER_SYSVIEW_OnIdle
                0x0000000008004638       0x38 ThirdParty/SEGGER/SEGGER/SEGGER_SYSVIEW.o
                0x0000000008004638                SEGGER_SYSVIEW_OnIdle
 .text.SEGGER_SYSVIEW_OnTaskCreate
                0x0000000008004670       0x84 ThirdParty/SEGGER/SEGGER/SEGGER_SYSVIEW.o
                0x0000000008004670                SEGGER_SYSVIEW_OnTaskCreate
 .text.SEGGER_SYSVIEW_OnTaskStartExec
                0x00000000080046f4       0x84 ThirdParty/SEGGER/SEGGER/SEGGER_SYSVIEW.o
                0x00000000080046f4                SEGGER_SYSVIEW_OnTaskStartExec
 .text.SEGGER_SYSVIEW_OnTaskStartReady
                0x0000000008004778       0x84 ThirdParty/SEGGER/SEGGER/SEGGER_SYSVIEW.o
                0x0000000008004778                SEGGER_SYSVIEW_OnTaskStartReady
 .text.SEGGER_SYSVIEW_SendModule
                0x00000000080047fc      0x100 ThirdParty/SEGGER/SEGGER/SEGGER_SYSVIEW.o
                0x00000000080047fc                SEGGER_SYSVIEW_SendModule
 .text.SEGGER_SYSVIEW_SendModuleDescription
                0x00000000080048fc       0x3c ThirdParty/SEGGER/SEGGER/SEGGER_SYSVIEW.o
                0x00000000080048fc                SEGGER_SYSVIEW_SendModuleDescription
 .text.SEGGER_SYSVIEW_SendNumModules
                0x0000000008004938       0x7c ThirdParty/SEGGER/SEGGER/SEGGER_SYSVIEW.o
                0x0000000008004938                SEGGER_SYSVIEW_SendNumModules
 .text.SEGGER_SYSVIEW_Warn
                0x00000000080049b4       0xb8 ThirdParty/SEGGER/SEGGER/SEGGER_SYSVIEW.o
                0x00000000080049b4                SEGGER_SYSVIEW_Warn
 .text.__libc_init_array
                0x0000000008004a6c       0x48 c:/st/stm32cubeide_1.6.1/stm32cubeide/plugins/com.st.stm32cube.ide.mcu.externaltools.gnu-tools-for-stm32.9-2020-q2-update.win32_1.5.0.202011040924/tools/bin/../lib/gcc/arm-none-eabi/9.3.1/../../../../arm-none-eabi/lib/thumb/v7e-m+fp/hard\libc_nano.a(lib_a-init.o)
                0x0000000008004a6c                __libc_init_array
 .text.memcmp   0x0000000008004ab4       0x1c c:/st/stm32cubeide_1.6.1/stm32cubeide/plugins/com.st.stm32cube.ide.mcu.externaltools.gnu-tools-for-stm32.9-2020-q2-update.win32_1.5.0.202011040924/tools/bin/../lib/gcc/arm-none-eabi/9.3.1/../../../../arm-none-eabi/lib/thumb/v7e-m+fp/hard\libc_nano.a(lib_a-memcmp.o)
                0x0000000008004ab4                memcmp
 .text.memcpy   0x0000000008004ad0       0x1c c:/st/stm32cubeide_1.6.1/stm32cubeide/plugins/com.st.stm32cube.ide.mcu.externaltools.gnu-tools-for-stm32.9-2020-q2-update.win32_1.5.0.202011040924/tools/bin/../lib/gcc/arm-none-eabi/9.3.1/../../../../arm-none-eabi/lib/thumb/v7e-m+fp/hard\libc_nano.a(lib_a-memcpy-stub.o)
                0x0000000008004ad0                memcpy
 .text.memset   0x0000000008004aec       0x10 c:/st/stm32cubeide_1.6.1/stm32cubeide/plugins/com.st.stm32cube.ide.mcu.externaltools.gnu-tools-for-stm32.9-2020-q2-update.win32_1.5.0.202011040924/tools/bin/../lib/gcc/arm-none-eabi/9.3.1/../../../../arm-none-eabi/lib/thumb/v7e-m+fp/hard\libc_nano.a(lib_a-memset.o)
                0x0000000008004aec                memset
 *(.glue_7)
 .glue_7        0x0000000008004afc        0x0 linker stubs
 *(.glue_7t)
 .glue_7t       0x0000000008004afc        0x0 linker stubs
 *(.eh_frame)
 .eh_frame      0x0000000008004afc        0x0 c:/st/stm32cubeide_1.6.1/stm32cubeide/plugins/com.st.stm32cube.ide.mcu.externaltools.gnu-tools-for-stm32.9-2020-q2-update.win32_1.5.0.202011040924/tools/bin/../lib/gcc/arm-none-eabi/9.3.1/thumb/v7e-m+fp/hard/crtbegin.o
 *(.init)
 .init          0x0000000008004afc        0x4 c:/st/stm32cubeide_1.6.1/stm32cubeide/plugins/com.st.stm32cube.ide.mcu.externaltools.gnu-tools-for-stm32.9-2020-q2-update.win32_1.5.0.202011040924/tools/bin/../lib/gcc/arm-none-eabi/9.3.1/thumb/v7e-m+fp/hard/crti.o
                0x0000000008004afc                _init
 .init          0x0000000008004b00        0x8 c:/st/stm32cubeide_1.6.1/stm32cubeide/plugins/com.st.stm32cube.ide.mcu.externaltools.gnu-tools-for-stm32.9-2020-q2-update.win32_1.5.0.202011040924/tools/bin/../lib/gcc/arm-none-eabi/9.3.1/thumb/v7e-m+fp/hard/crtn.o
 *(.fini)
 .fini          0x0000000008004b08        0x4 c:/st/stm32cubeide_1.6.1/stm32cubeide/plugins/com.st.stm32cube.ide.mcu.externaltools.gnu-tools-for-stm32.9-2020-q2-update.win32_1.5.0.202011040924/tools/bin/../lib/gcc/arm-none-eabi/9.3.1/thumb/v7e-m+fp/hard/crti.o
                0x0000000008004b08                _fini
 .fini          0x0000000008004b0c        0x8 c:/st/stm32cubeide_1.6.1/stm32cubeide/plugins/com.st.stm32cube.ide.mcu.externaltools.gnu-tools-for-stm32.9-2020-q2-update.win32_1.5.0.202011040924/tools/bin/../lib/gcc/arm-none-eabi/9.3.1/thumb/v7e-m+fp/hard/crtn.o
                0x0000000008004b14                . = ALIGN (0x4)
                0x0000000008004b14                _etext = .

.vfp11_veneer   0x0000000008004b14        0x0
 .vfp11_veneer  0x0000000008004b14        0x0 linker stubs

.v4_bx          0x0000000008004b14        0x0
 .v4_bx         0x0000000008004b14        0x0 linker stubs

.iplt           0x0000000008004b14        0x0
 .iplt          0x0000000008004b14        0x0 c:/st/stm32cubeide_1.6.1/stm32cubeide/plugins/com.st.stm32cube.ide.mcu.externaltools.gnu-tools-for-stm32.9-2020-q2-update.win32_1.5.0.202011040924/tools/bin/../lib/gcc/arm-none-eabi/9.3.1/thumb/v7e-m+fp/hard/crtbegin.o

.rodata         0x0000000008004b14       0xec
                0x0000000008004b14                . = ALIGN (0x4)
 *(.rodata)
 .rodata        0x0000000008004b14       0x50 Core/Src/main.o
 .rodata        0x0000000008004b64        0x5 ThirdParty/FreeRTOS/tasks.o
 *fill*         0x0000000008004b69        0x3 
 .rodata        0x0000000008004b6c       0x58 ThirdParty/SEGGER/OS/SEGGER_SYSVIEW_FreeRTOS.o
 .rodata        0x0000000008004bc4       0x17 ThirdParty/SEGGER/SEGGER/SEGGER_RTT.o
 *(.rodata*)
 *fill*         0x0000000008004bdb        0x1 
 .rodata.AHBPrescTable
                0x0000000008004bdc       0x10 Core/Src/system_stm32f4xx.o
                0x0000000008004bdc                AHBPrescTable
 .rodata.APBPrescTable
                0x0000000008004bec        0x8 Core/Src/system_stm32f4xx.o
                0x0000000008004bec                APBPrescTable
 .rodata._abSync
                0x0000000008004bf4        0xa ThirdParty/SEGGER/SEGGER/SEGGER_SYSVIEW.o
                0x0000000008004c00                . = ALIGN (0x4)
 *fill*         0x0000000008004bfe        0x2 

.ARM.extab      0x0000000008004c00        0x0
                0x0000000008004c00                . = ALIGN (0x4)
 *(.ARM.extab* .gnu.linkonce.armextab.*)
                0x0000000008004c00                . = ALIGN (0x4)

.ARM            0x0000000008004c00        0x8
                0x0000000008004c00                . = ALIGN (0x4)
                0x0000000008004c00                __exidx_start = .
 *(.ARM.exidx*)
 .ARM.exidx     0x0000000008004c00        0x8 c:/st/stm32cubeide_1.6.1/stm32cubeide/plugins/com.st.stm32cube.ide.mcu.externaltools.gnu-tools-for-stm32.9-2020-q2-update.win32_1.5.0.202011040924/tools/bin/../lib/gcc/arm-none-eabi/9.3.1/thumb/v7e-m+fp/hard\libgcc.a(_udivmoddi4.o)
                0x0000000008004c08                __exidx_end = .
                0x0000000008004c08                . = ALIGN (0x4)

.rel.dyn        0x0000000008004c08        0x0
 .rel.iplt      0x0000000008004c08        0x0 c:/st/stm32cubeide_1.6.1/stm32cubeide/plugins/com.st.stm32cube.ide.mcu.externaltools.gnu-tools-for-stm32.9-2020-q2-update.win32_1.5.0.202011040924/tools/bin/../lib/gcc/arm-none-eabi/9.3.1/thumb/v7e-m+fp/hard/crtbegin.o

.preinit_array  0x0000000008004c08        0x0
                0x0000000008004c08                . = ALIGN (0x4)
                0x0000000008004c08                PROVIDE (__preinit_array_start = .)
 *(.preinit_array*)
                0x0000000008004c08                PROVIDE (__preinit_array_end = .)
                0x0000000008004c08                . = ALIGN (0x4)

.init_array     0x0000000008004c08        0x4
                0x0000000008004c08                . = ALIGN (0x4)
                0x0000000008004c08                PROVIDE (__init_array_start = .)
 *(SORT_BY_NAME(.init_array.*))
 *(.init_array*)
 .init_array    0x0000000008004c08        0x4 c:/st/stm32cubeide_1.6.1/stm32cubeide/plugins/com.st.stm32cube.ide.mcu.externaltools.gnu-tools-for-stm32.9-2020-q2-update.win32_1.5.0.202011040924/tools/bin/../lib/gcc/arm-none-eabi/9.3.1/thumb/v7e-m+fp/hard/crtbegin.o
                0x0000000008004c0c                PROVIDE (__init_array_end = .)
                0x0000000008004c0c                . = ALIGN (0x4)

.fini_array     0x0000000008004c0c        0x4
                0x0000000008004c0c                . = ALIGN (0x4)
                [!provide]                        PROVIDE (__fini_array_start = .)
 *(SORT_BY_NAME(.fini_array.*))
 *(.fini_array*)
 .fini_array    0x0000000008004c0c        0x4 c:/st/stm32cubeide_1.6.1/stm32cubeide/plugins/com.st.stm32cube.ide.mcu.externaltools.gnu-tools-for-stm32.9-2020-q2-update.win32_1.5.0.202011040924/tools/bin/../lib/gcc/arm-none-eabi/9.3.1/thumb/v7e-m+fp/hard/crtbegin.o
                [!provide]                        PROVIDE (__fini_array_end = .)
                0x0000000008004c10                . = ALIGN (0x4)
                0x0000000008004c10                _sidata = LOADADDR (.data)

.data           0x0000000020000000       0x14 load address 0x0000000008004c10
                0x0000000020000000                . = ALIGN (0x4)
                0x0000000020000000                _sdata = .
 *(.data)
 *(.data*)
 .data.SystemCoreClock
                0x0000000020000000        0x4 Core/Src/system_stm32f4xx.o
                0x0000000020000000                SystemCoreClock
 .data.uwTickPrio
                0x0000000020000004        0x4 Drivers/STM32F4xx_HAL_Driver/Src/stm32f4xx_hal.o
                0x0000000020000004                uwTickPrio
 .data.uwTickFreq
                0x0000000020000008        0x1 Drivers/STM32F4xx_HAL_Driver/Src/stm32f4xx_hal.o
                0x0000000020000008                uwTickFreq
 *fill*         0x0000000020000009        0x3 
 .data.uxTopUsedPriority
                0x000000002000000c        0x4 ThirdParty/FreeRTOS/tasks.o
                0x000000002000000c                uxTopUsedPriority
 .data.uxCriticalNesting
                0x0000000020000010        0x4 ThirdParty/FreeRTOS/portable/GCC/ARM_CM4F/port.o
 *(.RamFunc)
 *(.RamFunc*)
                0x0000000020000014                . = ALIGN (0x4)
                0x0000000020000014                _edata = .

.igot.plt       0x0000000020000014        0x0 load address 0x0000000008004c24
 .igot.plt      0x0000000020000014        0x0 c:/st/stm32cubeide_1.6.1/stm32cubeide/plugins/com.st.stm32cube.ide.mcu.externaltools.gnu-tools-for-stm32.9-2020-q2-update.win32_1.5.0.202011040924/tools/bin/../lib/gcc/arm-none-eabi/9.3.1/thumb/v7e-m+fp/hard/crtbegin.o
                0x0000000020000014                . = ALIGN (0x4)

.bss            0x0000000020000014    0x13448 load address 0x0000000008004c24
                0x0000000020000014                _sbss = .
                0x0000000020000014                __bss_start__ = _sbss
 *(.bss)
 .bss           0x0000000020000014       0x1c c:/st/stm32cubeide_1.6.1/stm32cubeide/plugins/com.st.stm32cube.ide.mcu.externaltools.gnu-tools-for-stm32.9-2020-q2-update.win32_1.5.0.202011040924/tools/bin/../lib/gcc/arm-none-eabi/9.3.1/thumb/v7e-m+fp/hard/crtbegin.o
 *(.bss*)
 .bss.pxCurrentTCB
                0x0000000020000030        0x4 ThirdParty/FreeRTOS/tasks.o
                0x0000000020000030                pxCurrentTCB
 .bss.pxReadyTasksLists
                0x0000000020000034       0x64 ThirdParty/FreeRTOS/tasks.o
 .bss.xDelayedTaskList1
                0x0000000020000098       0x14 ThirdParty/FreeRTOS/tasks.o
 .bss.xDelayedTaskList2
                0x00000000200000ac       0x14 ThirdParty/FreeRTOS/tasks.o
 .bss.pxDelayedTaskList
                0x00000000200000c0        0x4 ThirdParty/FreeRTOS/tasks.o
 .bss.pxOverflowDelayedTaskList
                0x00000000200000c4        0x4 ThirdParty/FreeRTOS/tasks.o
 .bss.xPendingReadyList
                0x00000000200000c8       0x14 ThirdParty/FreeRTOS/tasks.o
 .bss.xTasksWaitingTermination
                0x00000000200000dc       0x14 ThirdParty/FreeRTOS/tasks.o
 .bss.uxDeletedTasksWaitingCleanUp
                0x00000000200000f0        0x4 ThirdParty/FreeRTOS/tasks.o
 .bss.xSuspendedTaskList
                0x00000000200000f4       0x14 ThirdParty/FreeRTOS/tasks.o
 .bss.uxCurrentNumberOfTasks
                0x0000000020000108        0x4 ThirdParty/FreeRTOS/tasks.o
 .bss.xTickCount
                0x000000002000010c        0x4 ThirdParty/FreeRTOS/tasks.o
 .bss.uxTopReadyPriority
                0x0000000020000110        0x4 ThirdParty/FreeRTOS/tasks.o
 .bss.xSchedulerRunning
                0x0000000020000114        0x4 ThirdParty/FreeRTOS/tasks.o
 .bss.xPendedTicks
                0x0000000020000118        0x4 ThirdParty/FreeRTOS/tasks.o
 .bss.xYieldPending
                0x000000002000011c        0x4 ThirdParty/FreeRTOS/tasks.o
 .bss.xNumOfOverflows
                0x0000000020000120        0x4 ThirdParty/FreeRTOS/tasks.o
 .bss.uxTaskNumber
                0x0000000020000124        0x4 ThirdParty/FreeRTOS/tasks.o
 .bss.xNextTaskUnblockTime
                0x0000000020000128        0x4 ThirdParty/FreeRTOS/tasks.o
 .bss.xIdleTaskHandle
                0x000000002000012c        0x4 ThirdParty/FreeRTOS/tasks.o
 .bss.uxSchedulerSuspended
                0x0000000020000130        0x4 ThirdParty/FreeRTOS/tasks.o
 .bss.ucMaxSysCallPriority
                0x0000000020000134        0x1 ThirdParty/FreeRTOS/portable/GCC/ARM_CM4F/port.o
 *fill*         0x0000000020000135        0x3 
 .bss.ulMaxPRIGROUPValue
                0x0000000020000138        0x4 ThirdParty/FreeRTOS/portable/GCC/ARM_CM4F/port.o
 .bss.ucHeap    0x000000002000013c    0x12c00 ThirdParty/FreeRTOS/portable/MemMang/heap_4.o
 .bss.xStart    0x0000000020012d3c        0x8 ThirdParty/FreeRTOS/portable/MemMang/heap_4.o
 .bss.pxEnd     0x0000000020012d44        0x4 ThirdParty/FreeRTOS/portable/MemMang/heap_4.o
 .bss.xFreeBytesRemaining
                0x0000000020012d48        0x4 ThirdParty/FreeRTOS/portable/MemMang/heap_4.o
 .bss.xMinimumEverFreeBytesRemaining
                0x0000000020012d4c        0x4 ThirdParty/FreeRTOS/portable/MemMang/heap_4.o
 .bss.xNumberOfSuccessfulAllocations
                0x0000000020012d50        0x4 ThirdParty/FreeRTOS/portable/MemMang/heap_4.o
 .bss.xNumberOfSuccessfulFrees
                0x0000000020012d54        0x4 ThirdParty/FreeRTOS/portable/MemMang/heap_4.o
 .bss.xBlockAllocatedBit
                0x0000000020012d58        0x4 ThirdParty/FreeRTOS/portable/MemMang/heap_4.o
 .bss._aTasks   0x0000000020012d5c       0xa0 ThirdParty/SEGGER/OS/SEGGER_SYSVIEW_FreeRTOS.o
 .bss._NumTasks
                0x0000000020012dfc        0x4 ThirdParty/SEGGER/OS/SEGGER_SYSVIEW_FreeRTOS.o
 .bss._acUpBuffer
                0x0000000020012e00      0x400 ThirdParty/SEGGER/SEGGER/SEGGER_RTT.o
 .bss._acDownBuffer
                0x0000000020013200       0x10 ThirdParty/SEGGER/SEGGER/SEGGER_RTT.o
 .bss._SYSVIEW_Globals
                0x0000000020013210       0x28 ThirdParty/SEGGER/SEGGER/SEGGER_SYSVIEW.o
 .bss._pFirstModule
                0x0000000020013238        0x4 ThirdParty/SEGGER/SEGGER/SEGGER_SYSVIEW.o
 .bss._NumModules
                0x000000002001323c        0x1 ThirdParty/SEGGER/SEGGER/SEGGER_SYSVIEW.o
 *fill*         0x000000002001323d        0x3 
 .bss._aPacket  0x0000000020013240       0xe3 ThirdParty/SEGGER/SEGGER/SEGGER_SYSVIEW.o
 *(COMMON)
 *fill*         0x0000000020013323        0x1 
 COMMON         0x0000000020013324       0x44 Core/Src/main.o
                0x0000000020013324                huart1
 COMMON         0x0000000020013368       0x48 Core/Src/stm32f4xx_hal_timebase_tim.o
                0x0000000020013368                htim6
 COMMON         0x00000000200133b0        0x4 Drivers/STM32F4xx_HAL_Driver/Src/stm32f4xx_hal.o
                0x00000000200133b0                uwTick
 COMMON         0x00000000200133b4       0xa8 ThirdParty/SEGGER/SEGGER/SEGGER_RTT.o
                0x00000000200133b4                _SEGGER_RTT
                0x000000002001345c                . = ALIGN (0x4)
                0x000000002001345c                _ebss = .
                0x000000002001345c                __bss_end__ = _ebss

._user_heap_stack
                0x000000002001345c      0x604 load address 0x0000000008004c24
                0x0000000020013460                . = ALIGN (0x8)
 *fill*         0x000000002001345c        0x4 
                [!provide]                        PROVIDE (end = .)
                [!provide]                        PROVIDE (_end = .)
                0x0000000020013660                . = (. + _Min_Heap_Size)
 *fill*         0x0000000020013460      0x200 
                0x0000000020013a60                . = (. + _Min_Stack_Size)
 *fill*         0x0000000020013660      0x400 
                0x0000000020013a60                . = ALIGN (0x8)

/DISCARD/
 libc.a(*)
 libm.a(*)
 libgcc.a(*)

.ARM.attributes
                0x0000000000000000       0x30
 *(.ARM.attributes)
 .ARM.attributes
                0x0000000000000000       0x1e c:/st/stm32cubeide_1.6.1/stm32cubeide/plugins/com.st.stm32cube.ide.mcu.externaltools.gnu-tools-for-stm32.9-2020-q2-update.win32_1.5.0.202011040924/tools/bin/../lib/gcc/arm-none-eabi/9.3.1/thumb/v7e-m+fp/hard/crti.o
 .ARM.attributes
                0x000000000000001e       0x34 c:/st/stm32cubeide_1.6.1/stm32cubeide/plugins/com.st.stm32cube.ide.mcu.externaltools.gnu-tools-for-stm32.9-2020-q2-update.win32_1.5.0.202011040924/tools/bin/../lib/gcc/arm-none-eabi/9.3.1/thumb/v7e-m+fp/hard/crtbegin.o
 .ARM.attributes
                0x0000000000000052       0x34 Core/Src/main.o
 .ARM.attributes
                0x0000000000000086       0x34 Core/Src/stm32f4xx_hal_msp.o
 .ARM.attributes
                0x00000000000000ba       0x34 Core/Src/stm32f4xx_hal_timebase_tim.o
 .ARM.attributes
                0x00000000000000ee       0x34 Core/Src/stm32f4xx_it.o
 .ARM.attributes
                0x0000000000000122       0x34 Core/Src/system_stm32f4xx.o
 .ARM.attributes
                0x0000000000000156       0x34 Core/Src/uart_task.o
 .ARM.attributes
                0x000000000000018a       0x21 Core/Startup/startup_stm32f407igtx.o
 .ARM.attributes
                0x00000000000001ab       0x34 Drivers/STM32F4xx_HAL_Driver/Src/stm32f4xx_hal.o
 .ARM.attributes
                0x00000000000001df       0x34 Drivers/STM32F4xx_HAL_Driver/Src/stm32f4xx_hal_cortex.o
 .ARM.attributes
                0x0000000000000213       0x34 Drivers/STM32F4xx_HAL_Driver/Src/stm32f4xx_hal_gpio.o
 .ARM.attributes
                0x0000000000000247       0x34 Drivers/STM32F4xx_HAL_Driver/Src/stm32f4xx_hal_rcc.o
 .ARM.attributes
                0x000000000000027b       0x34 Drivers/STM32F4xx_HAL_Driver/Src/stm32f4xx_hal_tim.o
 .ARM.attributes
                0x00000000000002af       0x34 Drivers/STM32F4xx_HAL_Driver/Src/stm32f4xx_hal_tim_ex.o
 .ARM.attributes
                0x00000000000002e3       0x34 Drivers/STM32F4xx_HAL_Driver/Src/stm32f4xx_hal_uart.o
 .ARM.attributes
                0x0000000000000317       0x34 ThirdParty/FreeRTOS/list.o
 .ARM.attributes
                0x000000000000034b       0x34 ThirdParty/FreeRTOS/tasks.o
 .ARM.attributes
                0x000000000000037f       0x34 ThirdParty/FreeRTOS/portable/GCC/ARM_CM4F/port.o
 .ARM.attributes
                0x00000000000003b3       0x34 ThirdParty/FreeRTOS/portable/MemMang/heap_4.o
 .ARM.attributes
                0x00000000000003e7       0x34 ThirdParty/SEGGER/OS/SEGGER_SYSVIEW_FreeRTOS.o
 .ARM.attributes
                0x000000000000041b       0x34 ThirdParty/SEGGER/SEGGER/SEGGER_RTT.o
 .ARM.attributes
                0x000000000000044f       0x20 ThirdParty/SEGGER/SEGGER/SEGGER_RTT_ASM_ARMv7M.o
 .ARM.attributes
                0x000000000000046f       0x34 ThirdParty/SEGGER/SEGGER/SEGGER_SYSVIEW.o
 .ARM.attributes
                0x00000000000004a3       0x34 c:/st/stm32cubeide_1.6.1/stm32cubeide/plugins/com.st.stm32cube.ide.mcu.externaltools.gnu-tools-for-stm32.9-2020-q2-update.win32_1.5.0.202011040924/tools/bin/../lib/gcc/arm-none-eabi/9.3.1/../../../../arm-none-eabi/lib/thumb/v7e-m+fp/hard\libc_nano.a(lib_a-init.o)
 .ARM.attributes
                0x00000000000004d7       0x34 c:/st/stm32cubeide_1.6.1/stm32cubeide/plugins/com.st.stm32cube.ide.mcu.externaltools.gnu-tools-for-stm32.9-2020-q2-update.win32_1.5.0.202011040924/tools/bin/../lib/gcc/arm-none-eabi/9.3.1/../../../../arm-none-eabi/lib/thumb/v7e-m+fp/hard\libc_nano.a(lib_a-memcmp.o)
 .ARM.attributes
                0x000000000000050b       0x34 c:/st/stm32cubeide_1.6.1/stm32cubeide/plugins/com.st.stm32cube.ide.mcu.externaltools.gnu-tools-for-stm32.9-2020-q2-update.win32_1.5.0.202011040924/tools/bin/../lib/gcc/arm-none-eabi/9.3.1/../../../../arm-none-eabi/lib/thumb/v7e-m+fp/hard\libc_nano.a(lib_a-memcpy-stub.o)
 .ARM.attributes
                0x000000000000053f       0x34 c:/st/stm32cubeide_1.6.1/stm32cubeide/plugins/com.st.stm32cube.ide.mcu.externaltools.gnu-tools-for-stm32.9-2020-q2-update.win32_1.5.0.202011040924/tools/bin/../lib/gcc/arm-none-eabi/9.3.1/../../../../arm-none-eabi/lib/thumb/v7e-m+fp/hard\libc_nano.a(lib_a-memset.o)
 .ARM.attributes
                0x0000000000000573       0x17 c:/st/stm32cubeide_1.6.1/stm32cubeide/plugins/com.st.stm32cube.ide.mcu.externaltools.gnu-tools-for-stm32.9-2020-q2-update.win32_1.5.0.202011040924/tools/bin/../lib/gcc/arm-none-eabi/9.3.1/../../../../arm-none-eabi/lib/thumb/v7e-m+fp/hard\libc_nano.a(lib_a-strlen.o)
 .ARM.attributes
                0x000000000000058a       0x1e c:/st/stm32cubeide_1.6.1/stm32cubeide/plugins/com.st.stm32cube.ide.mcu.externaltools.gnu-tools-for-stm32.9-2020-q2-update.win32_1.5.0.202011040924/tools/bin/../lib/gcc/arm-none-eabi/9.3.1/thumb/v7e-m+fp/hard\libgcc.a(_aeabi_uldivmod.o)
 .ARM.attributes
                0x00000000000005a8       0x34 c:/st/stm32cubeide_1.6.1/stm32cubeide/plugins/com.st.stm32cube.ide.mcu.externaltools.gnu-tools-for-stm32.9-2020-q2-update.win32_1.5.0.202011040924/tools/bin/../lib/gcc/arm-none-eabi/9.3.1/thumb/v7e-m+fp/hard\libgcc.a(_udivmoddi4.o)
 .ARM.attributes
                0x00000000000005dc       0x1e c:/st/stm32cubeide_1.6.1/stm32cubeide/plugins/com.st.stm32cube.ide.mcu.externaltools.gnu-tools-for-stm32.9-2020-q2-update.win32_1.5.0.202011040924/tools/bin/../lib/gcc/arm-none-eabi/9.3.1/thumb/v7e-m+fp/hard\libgcc.a(_dvmd_tls.o)
 .ARM.attributes
                0x00000000000005fa       0x1e c:/st/stm32cubeide_1.6.1/stm32cubeide/plugins/com.st.stm32cube.ide.mcu.externaltools.gnu-tools-for-stm32.9-2020-q2-update.win32_1.5.0.202011040924/tools/bin/../lib/gcc/arm-none-eabi/9.3.1/thumb/v7e-m+fp/hard/crtn.o
OUTPUT(001Task.elf elf32-littlearm)
LOAD linker stubs
LOAD c:/st/stm32cubeide_1.6.1/stm32cubeide/plugins/com.st.stm32cube.ide.mcu.externaltools.gnu-tools-for-stm32.9-2020-q2-update.win32_1.5.0.202011040924/tools/bin/../lib/gcc/arm-none-eabi/9.3.1/../../../../arm-none-eabi/lib/thumb/v7e-m+fp/hard\libc.a
LOAD c:/st/stm32cubeide_1.6.1/stm32cubeide/plugins/com.st.stm32cube.ide.mcu.externaltools.gnu-tools-for-stm32.9-2020-q2-update.win32_1.5.0.202011040924/tools/bin/../lib/gcc/arm-none-eabi/9.3.1/../../../../arm-none-eabi/lib/thumb/v7e-m+fp/hard\libm.a
LOAD c:/st/stm32cubeide_1.6.1/stm32cubeide/plugins/com.st.stm32cube.ide.mcu.externaltools.gnu-tools-for-stm32.9-2020-q2-update.win32_1.5.0.202011040924/tools/bin/../lib/gcc/arm-none-eabi/9.3.1/thumb/v7e-m+fp/hard\libgcc.a

.debug_info     0x0000000000000000    0x17f7f
 .debug_info    0x0000000000000000     0x1927 Core/Src/main.o
 .debug_info    0x0000000000001927      0xa19 Core/Src/stm32f4xx_hal_msp.o
 .debug_info    0x0000000000002340      0xc6c Core/Src/stm32f4xx_hal_timebase_tim.o
 .debug_info    0x0000000000002fac      0x7cb Core/Src/stm32f4xx_it.o
 .debug_info    0x0000000000003777      0x5a4 Core/Src/system_stm32f4xx.o
 .debug_info    0x0000000000003d1b      0xf28 Core/Src/uart_task.o
 .debug_info    0x0000000000004c43       0x22 Core/Startup/startup_stm32f407igtx.o
 .debug_info    0x0000000000004c65      0x9b2 Drivers/STM32F4xx_HAL_Driver/Src/stm32f4xx_hal.o
 .debug_info    0x0000000000005617      0xed7 Drivers/STM32F4xx_HAL_Driver/Src/stm32f4xx_hal_cortex.o
 .debug_info    0x00000000000064ee      0x83e Drivers/STM32F4xx_HAL_Driver/Src/stm32f4xx_hal_gpio.o
 .debug_info    0x0000000000006d2c      0x996 Drivers/STM32F4xx_HAL_Driver/Src/stm32f4xx_hal_rcc.o
 .debug_info    0x00000000000076c2     0x2a90 Drivers/STM32F4xx_HAL_Driver/Src/stm32f4xx_hal_tim.o
 .debug_info    0x000000000000a152     0x1522 Drivers/STM32F4xx_HAL_Driver/Src/stm32f4xx_hal_tim_ex.o
 .debug_info    0x000000000000b674     0x1665 Drivers/STM32F4xx_HAL_Driver/Src/stm32f4xx_hal_uart.o
 .debug_info    0x000000000000ccd9      0xb9a ThirdParty/FreeRTOS/list.o
 .debug_info    0x000000000000d873     0x2991 ThirdParty/FreeRTOS/tasks.o
 .debug_info    0x0000000000010204      0x5b1 ThirdParty/FreeRTOS/portable/GCC/ARM_CM4F/port.o
 .debug_info    0x00000000000107b5      0xda4 ThirdParty/FreeRTOS/portable/MemMang/heap_4.o
 .debug_info    0x0000000000011559      0xc58 ThirdParty/SEGGER/OS/SEGGER_SYSVIEW_FreeRTOS.o
 .debug_info    0x00000000000121b1     0x1dc1 ThirdParty/SEGGER/SEGGER/SEGGER_RTT.o
 .debug_info    0x0000000000013f72       0x26 ThirdParty/SEGGER/SEGGER/SEGGER_RTT_ASM_ARMv7M.o
 .debug_info    0x0000000000013f98     0x3fe7 ThirdParty/SEGGER/SEGGER/SEGGER_SYSVIEW.o

.debug_abbrev   0x0000000000000000     0x2f2d
 .debug_abbrev  0x0000000000000000      0x301 Core/Src/main.o
 .debug_abbrev  0x0000000000000301      0x1ac Core/Src/stm32f4xx_hal_msp.o
 .debug_abbrev  0x00000000000004ad      0x1bf Core/Src/stm32f4xx_hal_timebase_tim.o
 .debug_abbrev  0x000000000000066c      0x176 Core/Src/stm32f4xx_it.o
 .debug_abbrev  0x00000000000007e2      0x145 Core/Src/system_stm32f4xx.o
 .debug_abbrev  0x0000000000000927      0x1d9 Core/Src/uart_task.o
 .debug_abbrev  0x0000000000000b00       0x12 Core/Startup/startup_stm32f407igtx.o
 .debug_abbrev  0x0000000000000b12      0x1ed Drivers/STM32F4xx_HAL_Driver/Src/stm32f4xx_hal.o
 .debug_abbrev  0x0000000000000cff      0x33c Drivers/STM32F4xx_HAL_Driver/Src/stm32f4xx_hal_cortex.o
 .debug_abbrev  0x000000000000103b      0x1f1 Drivers/STM32F4xx_HAL_Driver/Src/stm32f4xx_hal_gpio.o
 .debug_abbrev  0x000000000000122c      0x275 Drivers/STM32F4xx_HAL_Driver/Src/stm32f4xx_hal_rcc.o
 .debug_abbrev  0x00000000000014a1      0x25e Drivers/STM32F4xx_HAL_Driver/Src/stm32f4xx_hal_tim.o
 .debug_abbrev  0x00000000000016ff      0x266 Drivers/STM32F4xx_HAL_Driver/Src/stm32f4xx_hal_tim_ex.o
 .debug_abbrev  0x0000000000001965      0x28b Drivers/STM32F4xx_HAL_Driver/Src/stm32f4xx_hal_uart.o
 .debug_abbrev  0x0000000000001bf0      0x1f7 ThirdParty/FreeRTOS/list.o
 .debug_abbrev  0x0000000000001de7      0x3a9 ThirdParty/FreeRTOS/tasks.o
 .debug_abbrev  0x0000000000002190      0x231 ThirdParty/FreeRTOS/portable/GCC/ARM_CM4F/port.o
 .debug_abbrev  0x00000000000023c1      0x2d3 ThirdParty/FreeRTOS/portable/MemMang/heap_4.o
 .debug_abbrev  0x0000000000002694      0x219 ThirdParty/SEGGER/OS/SEGGER_SYSVIEW_FreeRTOS.o
 .debug_abbrev  0x00000000000028ad      0x2e1 ThirdParty/SEGGER/SEGGER/SEGGER_RTT.o
 .debug_abbrev  0x0000000000002b8e       0x14 ThirdParty/SEGGER/SEGGER/SEGGER_RTT_ASM_ARMv7M.o
 .debug_abbrev  0x0000000000002ba2      0x38b ThirdParty/SEGGER/SEGGER/SEGGER_SYSVIEW.o

.debug_aranges  0x0000000000000000     0x12d0
 .debug_aranges
                0x0000000000000000       0x58 Core/Src/main.o
 .debug_aranges
                0x0000000000000058       0x30 Core/Src/stm32f4xx_hal_msp.o
 .debug_aranges
                0x0000000000000088       0x30 Core/Src/stm32f4xx_hal_timebase_tim.o
 .debug_aranges
                0x00000000000000b8       0x50 Core/Src/stm32f4xx_it.o
 .debug_aranges
                0x0000000000000108       0x28 Core/Src/system_stm32f4xx.o
 .debug_aranges
                0x0000000000000130       0x20 Core/Src/uart_task.o
 .debug_aranges
                0x0000000000000150       0x28 Core/Startup/startup_stm32f407igtx.o
 .debug_aranges
                0x0000000000000178       0xf0 Drivers/STM32F4xx_HAL_Driver/Src/stm32f4xx_hal.o
 .debug_aranges
                0x0000000000000268      0x118 Drivers/STM32F4xx_HAL_Driver/Src/stm32f4xx_hal_cortex.o
 .debug_aranges
                0x0000000000000380       0x58 Drivers/STM32F4xx_HAL_Driver/Src/stm32f4xx_hal_gpio.o
 .debug_aranges
                0x00000000000003d8       0x88 Drivers/STM32F4xx_HAL_Driver/Src/stm32f4xx_hal_rcc.o
 .debug_aranges
                0x0000000000000460      0x3d0 Drivers/STM32F4xx_HAL_Driver/Src/stm32f4xx_hal_tim.o
 .debug_aranges
                0x0000000000000830      0x168 Drivers/STM32F4xx_HAL_Driver/Src/stm32f4xx_hal_tim_ex.o
 .debug_aranges
                0x0000000000000998      0x200 Drivers/STM32F4xx_HAL_Driver/Src/stm32f4xx_hal_uart.o
 .debug_aranges
                0x0000000000000b98       0x40 ThirdParty/FreeRTOS/list.o
 .debug_aranges
                0x0000000000000bd8      0x1f8 ThirdParty/FreeRTOS/tasks.o
 .debug_aranges
                0x0000000000000dd0       0x88 ThirdParty/FreeRTOS/portable/GCC/ARM_CM4F/port.o
 .debug_aranges
                0x0000000000000e58       0x58 ThirdParty/FreeRTOS/portable/MemMang/heap_4.o
 .debug_aranges
                0x0000000000000eb0       0x48 ThirdParty/SEGGER/OS/SEGGER_SYSVIEW_FreeRTOS.o
 .debug_aranges
                0x0000000000000ef8      0x138 ThirdParty/SEGGER/SEGGER/SEGGER_RTT.o
 .debug_aranges
                0x0000000000001030       0x20 ThirdParty/SEGGER/SEGGER/SEGGER_RTT_ASM_ARMv7M.o
 .debug_aranges
                0x0000000000001050      0x280 ThirdParty/SEGGER/SEGGER/SEGGER_SYSVIEW.o

.debug_ranges   0x0000000000000000     0x1198
 .debug_ranges  0x0000000000000000       0x48 Core/Src/main.o
 .debug_ranges  0x0000000000000048       0x20 Core/Src/stm32f4xx_hal_msp.o
 .debug_ranges  0x0000000000000068       0x20 Core/Src/stm32f4xx_hal_timebase_tim.o
 .debug_ranges  0x0000000000000088       0x40 Core/Src/stm32f4xx_it.o
 .debug_ranges  0x00000000000000c8       0x18 Core/Src/system_stm32f4xx.o
 .debug_ranges  0x00000000000000e0       0x10 Core/Src/uart_task.o
 .debug_ranges  0x00000000000000f0       0x20 Core/Startup/startup_stm32f407igtx.o
 .debug_ranges  0x0000000000000110       0xe0 Drivers/STM32F4xx_HAL_Driver/Src/stm32f4xx_hal.o
 .debug_ranges  0x00000000000001f0      0x108 Drivers/STM32F4xx_HAL_Driver/Src/stm32f4xx_hal_cortex.o
 .debug_ranges  0x00000000000002f8       0x48 Drivers/STM32F4xx_HAL_Driver/Src/stm32f4xx_hal_gpio.o
 .debug_ranges  0x0000000000000340       0x78 Drivers/STM32F4xx_HAL_Driver/Src/stm32f4xx_hal_rcc.o
 .debug_ranges  0x00000000000003b8      0x3c0 Drivers/STM32F4xx_HAL_Driver/Src/stm32f4xx_hal_tim.o
 .debug_ranges  0x0000000000000778      0x158 Drivers/STM32F4xx_HAL_Driver/Src/stm32f4xx_hal_tim_ex.o
 .debug_ranges  0x00000000000008d0      0x220 Drivers/STM32F4xx_HAL_Driver/Src/stm32f4xx_hal_uart.o
 .debug_ranges  0x0000000000000af0       0x30 ThirdParty/FreeRTOS/list.o
 .debug_ranges  0x0000000000000b20      0x1e8 ThirdParty/FreeRTOS/tasks.o
 .debug_ranges  0x0000000000000d08       0x78 ThirdParty/FreeRTOS/portable/GCC/ARM_CM4F/port.o
 .debug_ranges  0x0000000000000d80       0x48 ThirdParty/FreeRTOS/portable/MemMang/heap_4.o
 .debug_ranges  0x0000000000000dc8       0x38 ThirdParty/SEGGER/OS/SEGGER_SYSVIEW_FreeRTOS.o
 .debug_ranges  0x0000000000000e00      0x128 ThirdParty/SEGGER/SEGGER/SEGGER_RTT.o
 .debug_ranges  0x0000000000000f28      0x270 ThirdParty/SEGGER/SEGGER/SEGGER_SYSVIEW.o

.debug_macro    0x0000000000000000    0x23a34
 .debug_macro   0x0000000000000000      0x441 Core/Src/main.o
 .debug_macro   0x0000000000000441      0xaa8 Core/Src/main.o
 .debug_macro   0x0000000000000ee9      0x29b Core/Src/main.o
 .debug_macro   0x0000000000001184       0x2e Core/Src/main.o
 .debug_macro   0x00000000000011b2       0x2f Core/Src/main.o
 .debug_macro   0x00000000000011e1       0x22 Core/Src/main.o
 .debug_macro   0x0000000000001203       0x8e Core/Src/main.o
 .debug_macro   0x0000000000001291       0x51 Core/Src/main.o
 .debug_macro   0x00000000000012e2      0x103 Core/Src/main.o
 .debug_macro   0x00000000000013e5       0x6a Core/Src/main.o
 .debug_macro   0x000000000000144f      0x1df Core/Src/main.o
 .debug_macro   0x000000000000162e       0x1c Core/Src/main.o
 .debug_macro   0x000000000000164a       0x22 Core/Src/main.o
 .debug_macro   0x000000000000166c       0xdf Core/Src/main.o
 .debug_macro   0x000000000000174b     0x102d Core/Src/main.o
 .debug_macro   0x0000000000002778      0x11f Core/Src/main.o
 .debug_macro   0x0000000000002897    0x15e3c Core/Src/main.o
 .debug_macro   0x00000000000186d3       0x43 Core/Src/main.o
 .debug_macro   0x0000000000018716     0x3659 Core/Src/main.o
 .debug_macro   0x000000000001bd6f      0x174 Core/Src/main.o
 .debug_macro   0x000000000001bee3       0x5c Core/Src/main.o
 .debug_macro   0x000000000001bf3f      0x96b Core/Src/main.o
 .debug_macro   0x000000000001c8aa      0x9fe Core/Src/main.o
 .debug_macro   0x000000000001d2a8      0x117 Core/Src/main.o
 .debug_macro   0x000000000001d3bf      0x13e Core/Src/main.o
 .debug_macro   0x000000000001d4fd       0x82 Core/Src/main.o
 .debug_macro   0x000000000001d57f      0x174 Core/Src/main.o
 .debug_macro   0x000000000001d6f3      0x287 Core/Src/main.o
 .debug_macro   0x000000000001d97a       0x5f Core/Src/main.o
 .debug_macro   0x000000000001d9d9      0x236 Core/Src/main.o
 .debug_macro   0x000000000001dc0f      0x12c Core/Src/main.o
 .debug_macro   0x000000000001dd3b      0x21e Core/Src/main.o
 .debug_macro   0x000000000001df59       0x2e Core/Src/main.o
 .debug_macro   0x000000000001df87      0x11a Core/Src/main.o
 .debug_macro   0x000000000001e0a1       0x7e Core/Src/main.o
 .debug_macro   0x000000000001e11f       0x89 Core/Src/main.o
 .debug_macro   0x000000000001e1a8      0x8d1 Core/Src/main.o
 .debug_macro   0x000000000001ea79       0x47 Core/Src/main.o
 .debug_macro   0x000000000001eac0      0x295 Core/Src/main.o
 .debug_macro   0x000000000001ed55      0x12d Core/Src/main.o
 .debug_macro   0x000000000001ee82       0x52 Core/Src/main.o
 .debug_macro   0x000000000001eed4       0x18 Core/Src/main.o
 .debug_macro   0x000000000001eeec       0x3c Core/Src/main.o
 .debug_macro   0x000000000001ef28       0x34 Core/Src/main.o
 .debug_macro   0x000000000001ef5c       0x16 Core/Src/main.o
 .debug_macro   0x000000000001ef72       0x35 Core/Src/main.o
 .debug_macro   0x000000000001efa7      0x333 Core/Src/main.o
 .debug_macro   0x000000000001f2da       0x10 Core/Src/main.o
 .debug_macro   0x000000000001f2ea       0x16 Core/Src/main.o
 .debug_macro   0x000000000001f300       0x43 Core/Src/main.o
 .debug_macro   0x000000000001f343       0x34 Core/Src/main.o
 .debug_macro   0x000000000001f377       0x10 Core/Src/main.o
 .debug_macro   0x000000000001f387       0x58 Core/Src/main.o
 .debug_macro   0x000000000001f3df       0x71 Core/Src/main.o
 .debug_macro   0x000000000001f450       0x1c Core/Src/main.o
 .debug_macro   0x000000000001f46c      0x12a Core/Src/main.o
 .debug_macro   0x000000000001f596       0x10 Core/Src/main.o
 .debug_macro   0x000000000001f5a6       0x1c Core/Src/main.o
 .debug_macro   0x000000000001f5c2       0x52 Core/Src/main.o
 .debug_macro   0x000000000001f614       0x22 Core/Src/main.o
 .debug_macro   0x000000000001f636       0x10 Core/Src/main.o
 .debug_macro   0x000000000001f646       0x40 Core/Src/main.o
 .debug_macro   0x000000000001f686       0xd5 Core/Src/main.o
 .debug_macro   0x000000000001f75b       0x1c Core/Src/main.o
 .debug_macro   0x000000000001f777       0x3d Core/Src/main.o
 .debug_macro   0x000000000001f7b4       0x16 Core/Src/main.o
 .debug_macro   0x000000000001f7ca      0x145 Core/Src/main.o
 .debug_macro   0x000000000001f90f      0x112 Core/Src/main.o
 .debug_macro   0x000000000001fa21       0x4c Core/Src/main.o
 .debug_macro   0x000000000001fa6d       0x46 Core/Src/main.o
 .debug_macro   0x000000000001fab3       0x64 Core/Src/main.o
 .debug_macro   0x000000000001fb17       0x49 Core/Src/main.o
 .debug_macro   0x000000000001fb60       0xc3 Core/Src/main.o
 .debug_macro   0x000000000001fc23      0x204 Core/Src/main.o
 .debug_macro   0x000000000001fe27      0x450 Core/Src/main.o
 .debug_macro   0x0000000000020277      0x15a Core/Src/main.o
 .debug_macro   0x00000000000203d1       0xea Core/Src/main.o
 .debug_macro   0x00000000000204bb       0x1c Core/Src/main.o
 .debug_macro   0x00000000000204d7       0x26 Core/Src/main.o
 .debug_macro   0x00000000000204fd      0x3d0 Core/Src/main.o
 .debug_macro   0x00000000000208cd       0xb5 Core/Src/main.o
 .debug_macro   0x0000000000020982      0x120 Core/Src/main.o
 .debug_macro   0x0000000000020aa2       0x16 Core/Src/main.o
 .debug_macro   0x0000000000020ab8       0x20 Core/Src/main.o
 .debug_macro   0x0000000000020ad8      0x28a Core/Src/stm32f4xx_hal_msp.o
 .debug_macro   0x0000000000020d62       0x58 Core/Src/stm32f4xx_hal_msp.o
 .debug_macro   0x0000000000020dba      0x1ce Core/Src/stm32f4xx_hal_timebase_tim.o
 .debug_macro   0x0000000000020f88      0x1e2 Core/Src/stm32f4xx_it.o
 .debug_macro   0x000000000002116a      0x1ce Core/Src/system_stm32f4xx.o
 .debug_macro   0x0000000000021338      0x36a Core/Src/uart_task.o
 .debug_macro   0x00000000000216a2       0x97 Core/Src/uart_task.o
 .debug_macro   0x0000000000021739       0xfd Core/Src/uart_task.o
 .debug_macro   0x0000000000021836       0xd9 Core/Src/uart_task.o
 .debug_macro   0x000000000002190f       0x56 Core/Src/uart_task.o
 .debug_macro   0x0000000000021965      0x22e Drivers/STM32F4xx_HAL_Driver/Src/stm32f4xx_hal.o
 .debug_macro   0x0000000000021b93      0x1ce Drivers/STM32F4xx_HAL_Driver/Src/stm32f4xx_hal_cortex.o
 .debug_macro   0x0000000000021d61      0x1d4 Drivers/STM32F4xx_HAL_Driver/Src/stm32f4xx_hal_gpio.o
 .debug_macro   0x0000000000021f35      0x1f2 Drivers/STM32F4xx_HAL_Driver/Src/stm32f4xx_hal_rcc.o
 .debug_macro   0x0000000000022127      0x1cf Drivers/STM32F4xx_HAL_Driver/Src/stm32f4xx_hal_tim.o
 .debug_macro   0x00000000000222f6      0x1ce Drivers/STM32F4xx_HAL_Driver/Src/stm32f4xx_hal_tim_ex.o
 .debug_macro   0x00000000000224c4      0x1cf Drivers/STM32F4xx_HAL_Driver/Src/stm32f4xx_hal_uart.o
 .debug_macro   0x0000000000022693      0x1f5 ThirdParty/FreeRTOS/list.o
 .debug_macro   0x0000000000022888      0x2e2 ThirdParty/FreeRTOS/tasks.o
 .debug_macro   0x0000000000022b6a       0x10 ThirdParty/FreeRTOS/tasks.o
 .debug_macro   0x0000000000022b7a      0x1f8 ThirdParty/FreeRTOS/portable/GCC/ARM_CM4F/port.o
 .debug_macro   0x0000000000022d72      0x210 ThirdParty/FreeRTOS/portable/MemMang/heap_4.o
 .debug_macro   0x0000000000022f82      0x204 ThirdParty/SEGGER/OS/SEGGER_SYSVIEW_FreeRTOS.o
 .debug_macro   0x0000000000023186      0x1bd ThirdParty/SEGGER/SEGGER/SEGGER_RTT.o
 .debug_macro   0x0000000000023343       0x34 ThirdParty/SEGGER/SEGGER/SEGGER_RTT.o
 .debug_macro   0x0000000000023377      0x138 ThirdParty/SEGGER/SEGGER/SEGGER_RTT.o
 .debug_macro   0x00000000000234af      0x213 ThirdParty/SEGGER/SEGGER/SEGGER_SYSVIEW.o
 .debug_macro   0x00000000000236c2      0x204 ThirdParty/SEGGER/SEGGER/SEGGER_SYSVIEW.o
 .debug_macro   0x00000000000238c6      0x16e ThirdParty/SEGGER/SEGGER/SEGGER_SYSVIEW.o

.debug_line     0x0000000000000000    0x146ed
 .debug_line    0x0000000000000000      0xd97 Core/Src/main.o
 .debug_line    0x0000000000000d97      0xa61 Core/Src/stm32f4xx_hal_msp.o
 .debug_line    0x00000000000017f8      0x723 Core/Src/stm32f4xx_hal_timebase_tim.o
 .debug_line    0x0000000000001f1b      0x763 Core/Src/stm32f4xx_it.o
 .debug_line    0x000000000000267e      0x748 Core/Src/system_stm32f4xx.o
 .debug_line    0x0000000000002dc6      0x8d6 Core/Src/uart_task.o
 .debug_line    0x000000000000369c       0x88 Core/Startup/startup_stm32f407igtx.o
 .debug_line    0x0000000000003724      0x9ae Drivers/STM32F4xx_HAL_Driver/Src/stm32f4xx_hal.o
 .debug_line    0x00000000000040d2      0xc5d Drivers/STM32F4xx_HAL_Driver/Src/stm32f4xx_hal_cortex.o
 .debug_line    0x0000000000004d2f      0xb26 Drivers/STM32F4xx_HAL_Driver/Src/stm32f4xx_hal_gpio.o
 .debug_line    0x0000000000005855      0xd2a Drivers/STM32F4xx_HAL_Driver/Src/stm32f4xx_hal_rcc.o
 .debug_line    0x000000000000657f     0x35da Drivers/STM32F4xx_HAL_Driver/Src/stm32f4xx_hal_tim.o
 .debug_line    0x0000000000009b59     0x197b Drivers/STM32F4xx_HAL_Driver/Src/stm32f4xx_hal_tim_ex.o
 .debug_line    0x000000000000b4d4     0x1a74 Drivers/STM32F4xx_HAL_Driver/Src/stm32f4xx_hal_uart.o
 .debug_line    0x000000000000cf48      0x94c ThirdParty/FreeRTOS/list.o
 .debug_line    0x000000000000d894     0x1eff ThirdParty/FreeRTOS/tasks.o
 .debug_line    0x000000000000f793      0xaca ThirdParty/FreeRTOS/portable/GCC/ARM_CM4F/port.o
 .debug_line    0x000000000001025d      0xb97 ThirdParty/FreeRTOS/portable/MemMang/heap_4.o
 .debug_line    0x0000000000010df4      0xa36 ThirdParty/SEGGER/OS/SEGGER_SYSVIEW_FreeRTOS.o
 .debug_line    0x000000000001182a      0xe9b ThirdParty/SEGGER/SEGGER/SEGGER_RTT.o
 .debug_line    0x00000000000126c5       0xa0 ThirdParty/SEGGER/SEGGER/SEGGER_RTT_ASM_ARMv7M.o
 .debug_line    0x0000000000012765     0x1f88 ThirdParty/SEGGER/SEGGER/SEGGER_SYSVIEW.o

.debug_str      0x0000000000000000    0xd7c90
 .debug_str     0x0000000000000000    0xd02c4 Core/Src/main.o
                                      0xd06e9 (size before relaxing)
 .debug_str     0x00000000000d02c4       0x56 Core/Src/stm32f4xx_hal_msp.o
                                      0xca6be (size before relaxing)
 .debug_str     0x00000000000d031a      0x57b Core/Src/stm32f4xx_hal_timebase_tim.o
                                      0xc3be8 (size before relaxing)
 .debug_str     0x00000000000d0895       0xa6 Core/Src/stm32f4xx_it.o
                                      0xc3587 (size before relaxing)
 .debug_str     0x00000000000d093b       0xaf Core/Src/system_stm32f4xx.o
                                      0xc315b (size before relaxing)
 .debug_str     0x00000000000d09ea       0x3b Core/Src/uart_task.o
                                      0xc765b (size before relaxing)
 .debug_str     0x00000000000d0a25       0x36 Core/Startup/startup_stm32f407igtx.o
                                         0x7e (size before relaxing)
 .debug_str     0x00000000000d0a5b      0x542 Drivers/STM32F4xx_HAL_Driver/Src/stm32f4xx_hal.o
                                      0xc3c3d (size before relaxing)
 .debug_str     0x00000000000d0f9d      0x392 Drivers/STM32F4xx_HAL_Driver/Src/stm32f4xx_hal_cortex.o
                                      0xc3a2c (size before relaxing)
 .debug_str     0x00000000000d132f      0x15f Drivers/STM32F4xx_HAL_Driver/Src/stm32f4xx_hal_gpio.o
                                      0xc3302 (size before relaxing)
 .debug_str     0x00000000000d148e      0x24f Drivers/STM32F4xx_HAL_Driver/Src/stm32f4xx_hal_rcc.o
                                      0xc355d (size before relaxing)
 .debug_str     0x00000000000d16dd      0xe4d Drivers/STM32F4xx_HAL_Driver/Src/stm32f4xx_hal_tim.o
                                      0xc4483 (size before relaxing)
 .debug_str     0x00000000000d252a      0x538 Drivers/STM32F4xx_HAL_Driver/Src/stm32f4xx_hal_tim_ex.o
                                      0xc3c34 (size before relaxing)
 .debug_str     0x00000000000d2a62      0x5ed Drivers/STM32F4xx_HAL_Driver/Src/stm32f4xx_hal_uart.o
                                      0xc3abf (size before relaxing)
 .debug_str     0x00000000000d304f      0x27b ThirdParty/FreeRTOS/list.o
                                       0xecf2 (size before relaxing)
 .debug_str     0x00000000000d32ca     0x1d87 ThirdParty/FreeRTOS/tasks.o
                                      0x11dc1 (size before relaxing)
 .debug_str     0x00000000000d5051      0x7fb ThirdParty/FreeRTOS/portable/GCC/ARM_CM4F/port.o
                                       0xd3c4 (size before relaxing)
 .debug_str     0x00000000000d584c      0x330 ThirdParty/FreeRTOS/portable/MemMang/heap_4.o
                                      0x1016c (size before relaxing)
 .debug_str     0x00000000000d5b7c      0x13a ThirdParty/SEGGER/OS/SEGGER_SYSVIEW_FreeRTOS.o
                                       0xfecb (size before relaxing)
 .debug_str     0x00000000000d5cb6     0x104d ThirdParty/SEGGER/SEGGER/SEGGER_RTT.o
                                       0x7c5b (size before relaxing)
 .debug_str     0x00000000000d6d03       0x34 ThirdParty/SEGGER/SEGGER/SEGGER_RTT_ASM_ARMv7M.o
                                         0x8a (size before relaxing)
 .debug_str     0x00000000000d6d37      0xf59 ThirdParty/SEGGER/SEGGER/SEGGER_SYSVIEW.o
                                       0x9c10 (size before relaxing)

.comment        0x0000000000000000       0x53
 .comment       0x0000000000000000       0x53 Core/Src/main.o
                                         0x54 (size before relaxing)
 .comment       0x0000000000000053       0x54 Core/Src/stm32f4xx_hal_msp.o
 .comment       0x0000000000000053       0x54 Core/Src/stm32f4xx_hal_timebase_tim.o
 .comment       0x0000000000000053       0x54 Core/Src/stm32f4xx_it.o
 .comment       0x0000000000000053       0x54 Core/Src/system_stm32f4xx.o
 .comment       0x0000000000000053       0x54 Core/Src/uart_task.o
 .comment       0x0000000000000053       0x54 Drivers/STM32F4xx_HAL_Driver/Src/stm32f4xx_hal.o
 .comment       0x0000000000000053       0x54 Drivers/STM32F4xx_HAL_Driver/Src/stm32f4xx_hal_cortex.o
 .comment       0x0000000000000053       0x54 Drivers/STM32F4xx_HAL_Driver/Src/stm32f4xx_hal_gpio.o
 .comment       0x0000000000000053       0x54 Drivers/STM32F4xx_HAL_Driver/Src/stm32f4xx_hal_rcc.o
 .comment       0x0000000000000053       0x54 Drivers/STM32F4xx_HAL_Driver/Src/stm32f4xx_hal_tim.o
 .comment       0x0000000000000053       0x54 Drivers/STM32F4xx_HAL_Driver/Src/stm32f4xx_hal_tim_ex.o
 .comment       0x0000000000000053       0x54 Drivers/STM32F4xx_HAL_Driver/Src/stm32f4xx_hal_uart.o
 .comment       0x0000000000000053       0x54 ThirdParty/FreeRTOS/list.o
 .comment       0x0000000000000053       0x54 ThirdParty/FreeRTOS/tasks.o
 .comment       0x0000000000000053       0x54 ThirdParty/FreeRTOS/portable/GCC/ARM_CM4F/port.o
 .comment       0x0000000000000053       0x54 ThirdParty/FreeRTOS/portable/MemMang/heap_4.o
 .comment       0x0000000000000053       0x54 ThirdParty/SEGGER/OS/SEGGER_SYSVIEW_FreeRTOS.o
 .comment       0x0000000000000053       0x54 ThirdParty/SEGGER/SEGGER/SEGGER_RTT.o
 .comment       0x0000000000000053       0x54 ThirdParty/SEGGER/SEGGER/SEGGER_SYSVIEW.o

.debug_frame    0x0000000000000000     0x4f24
 .debug_frame   0x0000000000000000      0x110 Core/Src/main.o
 .debug_frame   0x0000000000000110       0x7c Core/Src/stm32f4xx_hal_msp.o
 .debug_frame   0x000000000000018c       0x74 Core/Src/stm32f4xx_hal_timebase_tim.o
 .debug_frame   0x0000000000000200       0xc4 Core/Src/stm32f4xx_it.o
 .debug_frame   0x00000000000002c4       0x58 Core/Src/system_stm32f4xx.o
 .debug_frame   0x000000000000031c       0x34 Core/Src/uart_task.o
 .debug_frame   0x0000000000000350      0x374 Drivers/STM32F4xx_HAL_Driver/Src/stm32f4xx_hal.o
 .debug_frame   0x00000000000006c4      0x498 Drivers/STM32F4xx_HAL_Driver/Src/stm32f4xx_hal_cortex.o
 .debug_frame   0x0000000000000b5c      0x14c Drivers/STM32F4xx_HAL_Driver/Src/stm32f4xx_hal_gpio.o
 .debug_frame   0x0000000000000ca8      0x1f0 Drivers/STM32F4xx_HAL_Driver/Src/stm32f4xx_hal_rcc.o
 .debug_frame   0x0000000000000e98     0x11bc Drivers/STM32F4xx_HAL_Driver/Src/stm32f4xx_hal_tim.o
 .debug_frame   0x0000000000002054      0x638 Drivers/STM32F4xx_HAL_Driver/Src/stm32f4xx_hal_tim_ex.o
 .debug_frame   0x000000000000268c      0x924 Drivers/STM32F4xx_HAL_Driver/Src/stm32f4xx_hal_uart.o
 .debug_frame   0x0000000000002fb0       0xd8 ThirdParty/FreeRTOS/list.o
 .debug_frame   0x0000000000003088      0x8b0 ThirdParty/FreeRTOS/tasks.o
 .debug_frame   0x0000000000003938      0x1d0 ThirdParty/FreeRTOS/portable/GCC/ARM_CM4F/port.o
 .debug_frame   0x0000000000003b08      0x12c ThirdParty/FreeRTOS/portable/MemMang/heap_4.o
 .debug_frame   0x0000000000003c34       0xfc ThirdParty/SEGGER/OS/SEGGER_SYSVIEW_FreeRTOS.o
 .debug_frame   0x0000000000003d30      0x530 ThirdParty/SEGGER/SEGGER/SEGGER_RTT.o
 .debug_frame   0x0000000000004260      0xbc4 ThirdParty/SEGGER/SEGGER/SEGGER_SYSVIEW.o
 .debug_frame   0x0000000000004e24       0x2c c:/st/stm32cubeide_1.6.1/stm32cubeide/plugins/com.st.stm32cube.ide.mcu.externaltools.gnu-tools-for-stm32.9-2020-q2-update.win32_1.5.0.202011040924/tools/bin/../lib/gcc/arm-none-eabi/9.3.1/../../../../arm-none-eabi/lib/thumb/v7e-m+fp/hard\libc_nano.a(lib_a-init.o)
 .debug_frame   0x0000000000004e50       0x2c c:/st/stm32cubeide_1.6.1/stm32cubeide/plugins/com.st.stm32cube.ide.mcu.externaltools.gnu-tools-for-stm32.9-2020-q2-update.win32_1.5.0.202011040924/tools/bin/../lib/gcc/arm-none-eabi/9.3.1/../../../../arm-none-eabi/lib/thumb/v7e-m+fp/hard\libc_nano.a(lib_a-memcmp.o)
 .debug_frame   0x0000000000004e7c       0x28 c:/st/stm32cubeide_1.6.1/stm32cubeide/plugins/com.st.stm32cube.ide.mcu.externaltools.gnu-tools-for-stm32.9-2020-q2-update.win32_1.5.0.202011040924/tools/bin/../lib/gcc/arm-none-eabi/9.3.1/../../../../arm-none-eabi/lib/thumb/v7e-m+fp/hard\libc_nano.a(lib_a-memcpy-stub.o)
 .debug_frame   0x0000000000004ea4       0x20 c:/st/stm32cubeide_1.6.1/stm32cubeide/plugins/com.st.stm32cube.ide.mcu.externaltools.gnu-tools-for-stm32.9-2020-q2-update.win32_1.5.0.202011040924/tools/bin/../lib/gcc/arm-none-eabi/9.3.1/../../../../arm-none-eabi/lib/thumb/v7e-m+fp/hard\libc_nano.a(lib_a-memset.o)
 .debug_frame   0x0000000000004ec4       0x2c c:/st/stm32cubeide_1.6.1/stm32cubeide/plugins/com.st.stm32cube.ide.mcu.externaltools.gnu-tools-for-stm32.9-2020-q2-update.win32_1.5.0.202011040924/tools/bin/../lib/gcc/arm-none-eabi/9.3.1/thumb/v7e-m+fp/hard\libgcc.a(_aeabi_uldivmod.o)
 .debug_frame   0x0000000000004ef0       0x34 c:/st/stm32cubeide_1.6.1/stm32cubeide/plugins/com.st.stm32cube.ide.mcu.externaltools.gnu-tools-for-stm32.9-2020-q2-update.win32_1.5.0.202011040924/tools/bin/../lib/gcc/arm-none-eabi/9.3.1/thumb/v7e-m+fp/hard\libgcc.a(_udivmoddi4.o)
